Component: Arm Compiler for Embedded 6.23 Tool: armlink [5f102400]

==============================================================================

Section Cross References

    startup_stm32g474xx.o(STACK) refers (Special) to heapauxi.o(.text) for __use_two_region_memory
    startup_stm32g474xx.o(HEAP) refers (Special) to heapauxi.o(.text) for __use_two_region_memory
    startup_stm32g474xx.o(RESET) refers (Special) to heapauxi.o(.text) for __use_two_region_memory
    startup_stm32g474xx.o(RESET) refers to startup_stm32g474xx.o(STACK) for __initial_sp
    startup_stm32g474xx.o(RESET) refers to startup_stm32g474xx.o(.text) for Reset_Handler
    startup_stm32g474xx.o(RESET) refers to stm32g4xx_it.o(.text.NMI_Handler) for NMI_Handler
    startup_stm32g474xx.o(RESET) refers to stm32g4xx_it.o(.text.HardFault_Handler) for HardFault_Handler
    startup_stm32g474xx.o(RESET) refers to stm32g4xx_it.o(.text.MemManage_Handler) for MemManage_Handler
    startup_stm32g474xx.o(RESET) refers to stm32g4xx_it.o(.text.BusFault_Handler) for BusFault_Handler
    startup_stm32g474xx.o(RESET) refers to stm32g4xx_it.o(.text.UsageFault_Handler) for UsageFault_Handler
    startup_stm32g474xx.o(RESET) refers to stm32g4xx_it.o(.text.SVC_Handler) for SVC_Handler
    startup_stm32g474xx.o(RESET) refers to stm32g4xx_it.o(.text.DebugMon_Handler) for DebugMon_Handler
    startup_stm32g474xx.o(RESET) refers to stm32g4xx_it.o(.text.PendSV_Handler) for PendSV_Handler
    startup_stm32g474xx.o(RESET) refers to stm32g4xx_it.o(.text.SysTick_Handler) for SysTick_Handler
    startup_stm32g474xx.o(RESET) refers to stm32g4xx_it.o(.text.DMA1_Channel1_IRQHandler) for DMA1_Channel1_IRQHandler
    startup_stm32g474xx.o(RESET) refers to stm32g4xx_it.o(.text.FDCAN1_IT0_IRQHandler) for FDCAN1_IT0_IRQHandler
    startup_stm32g474xx.o(RESET) refers to stm32g4xx_it.o(.text.FDCAN1_IT1_IRQHandler) for FDCAN1_IT1_IRQHandler
    startup_stm32g474xx.o(RESET) refers to stm32g4xx_it.o(.text.TIM5_IRQHandler) for TIM5_IRQHandler
    startup_stm32g474xx.o(RESET) refers to stm32g4xx_it.o(.text.TIM6_DAC_IRQHandler) for TIM6_DAC_IRQHandler
    startup_stm32g474xx.o(RESET) refers to stm32g4xx_it.o(.text.TIM7_DAC_IRQHandler) for TIM7_DAC_IRQHandler
    startup_stm32g474xx.o(RESET) refers to stm32g4xx_it.o(.text.FDCAN2_IT0_IRQHandler) for FDCAN2_IT0_IRQHandler
    startup_stm32g474xx.o(RESET) refers to stm32g4xx_it.o(.text.FDCAN2_IT1_IRQHandler) for FDCAN2_IT1_IRQHandler
    startup_stm32g474xx.o(RESET) refers to stm32g4xx_it.o(.text.FDCAN3_IT0_IRQHandler) for FDCAN3_IT0_IRQHandler
    startup_stm32g474xx.o(RESET) refers to stm32g4xx_it.o(.text.FDCAN3_IT1_IRQHandler) for FDCAN3_IT1_IRQHandler
    startup_stm32g474xx.o(.text) refers (Special) to heapauxi.o(.text) for __use_two_region_memory
    startup_stm32g474xx.o(.text) refers to system_stm32g4xx.o(.text.SystemInit) for SystemInit
    startup_stm32g474xx.o(.text) refers to __main.o(!!!main) for __main
    startup_stm32g474xx.o(.text) refers to startup_stm32g474xx.o(HEAP) for Heap_Mem
    startup_stm32g474xx.o(.text) refers to startup_stm32g474xx.o(STACK) for Stack_Mem
    main.o(.text.main) refers to stm32g4xx_hal.o(.text.HAL_Init) for HAL_Init
    main.o(.text.main) refers to rt_memclr_w.o(.text) for __aeabi_memclr4
    main.o(.text.main) refers to stm32g4xx_hal_pwr_ex.o(.text.HAL_PWREx_ControlVoltageScaling) for HAL_PWREx_ControlVoltageScaling
    main.o(.text.main) refers to stm32g4xx_hal_rcc.o(.text.HAL_RCC_OscConfig) for HAL_RCC_OscConfig
    main.o(.text.main) refers to stm32g4xx_hal_rcc.o(.text.HAL_RCC_ClockConfig) for HAL_RCC_ClockConfig
    main.o(.text.main) refers to gpio.o(.text.MX_GPIO_Init) for MX_GPIO_Init
    main.o(.text.main) refers to dma.o(.text.MX_DMA_Init) for MX_DMA_Init
    main.o(.text.main) refers to fdcan.o(.text.MX_FDCAN1_Init) for MX_FDCAN1_Init
    main.o(.text.main) refers to fdcan.o(.text.MX_FDCAN2_Init) for MX_FDCAN2_Init
    main.o(.text.main) refers to fdcan.o(.text.MX_FDCAN3_Init) for MX_FDCAN3_Init
    main.o(.text.main) refers to tim.o(.text.MX_TIM3_Init) for MX_TIM3_Init
    main.o(.text.main) refers to tim.o(.text.MX_TIM7_Init) for MX_TIM7_Init
    main.o(.text.main) refers to tim.o(.text.MX_TIM6_Init) for MX_TIM6_Init
    main.o(.text.main) refers to tim.o(.text.MX_TIM5_Init) for MX_TIM5_Init
    main.o(.text.main) refers to fdcan.o(.bss.hfdcan1) for hfdcan1
    main.o(.text.main) refers to fdan_bsp.o(.text.FDCAN1_Init) for FDCAN1_Init
    main.o(.text.main) refers to fdcan.o(.bss.hfdcan2) for hfdcan2
    main.o(.text.main) refers to fdan_bsp.o(.text.FDCAN2_Init) for FDCAN2_Init
    main.o(.text.main) refers to fdcan.o(.bss.hfdcan3) for hfdcan3
    main.o(.text.main) refers to fdan_bsp.o(.text.FDCAN3_Init) for FDCAN3_Init
    main.o(.text.main) refers to tim.o(.bss.htim6) for htim6
    main.o(.text.main) refers to stm32g4xx_hal_tim.o(.text.HAL_TIM_Base_Start_IT) for HAL_TIM_Base_Start_IT
    main.o(.text.main) refers to tim.o(.bss.htim7) for htim7
[...]
    !!handler_null                           0x08000258   Section        2  __scatter.o(!!handler_null)
    !!handler_zi                             0x0800025c   Section       28  __scatter_zi.o(!!handler_zi)
    .ARM.Collect$$libinit$$00000000          0x08000278   Section        2  libinit.o(.ARM.Collect$$libinit$$00000000)
    .ARM.Collect$$libinit$$00000001          0x0800027a   Section        4  libinit2.o(.ARM.Collect$$libinit$$00000001)
    .ARM.Collect$$libinit$$00000004          0x0800027e   Section        0  libinit2.o(.ARM.Collect$$libinit$$00000004)
    .ARM.Collect$$libinit$$00000006          0x0800027e   Section        0  libinit2.o(.ARM.Collect$$libinit$$00000006)
    .ARM.Collect$$libinit$$0000000C          0x0800027e   Section        0  libinit2.o(.ARM.Collect$$libinit$$0000000C)
    .ARM.Collect$$libinit$$0000000E          0x0800027e   Section        0  libinit2.o(.ARM.Collect$$libinit$$0000000E)
    .ARM.Collect$$libinit$$00000010          0x0800027e   Section        0  libinit2.o(.ARM.Collect$$libinit$$00000010)
    .ARM.Collect$$libinit$$00000013          0x0800027e   Section        0  libinit2.o(.ARM.Collect$$libinit$$00000013)
    .ARM.Collect$$libinit$$00000015          0x0800027e   Section        0  libinit2.o(.ARM.Collect$$libinit$$00000015)
    .ARM.Collect$$libinit$$00000017          0x0800027e   Section        0  libinit2.o(.ARM.Collect$$libinit$$00000017)
    .ARM.Collect$$libinit$$00000019          0x0800027e   Section        0  libinit2.o(.ARM.Collect$$libinit$$00000019)
    .ARM.Collect$$libinit$$0000001B          0x0800027e   Section        0  libinit2.o(.ARM.Collect$$libinit$$0000001B)
    .ARM.Collect$$libinit$$0000001D          0x0800027e   Section        0  libinit2.o(.ARM.Collect$$libinit$$0000001D)
    .ARM.Collect$$libinit$$0000001F          0x0800027e   Section        0  libinit2.o(.ARM.Collect$$libinit$$0000001F)
    .ARM.Collect$$libinit$$00000021          0x0800027e   Section        0  libinit2.o(.ARM.Collect$$libinit$$00000021)
    .ARM.Collect$$libinit$$00000023          0x0800027e   Section        0  libinit2.o(.ARM.Collect$$libinit$$00000023)
    .ARM.Collect$$libinit$$00000025          0x0800027e   Section        0  libinit2.o(.ARM.Collect$$libinit$$00000025)
    .ARM.Collect$$libinit$$00000027          0x0800027e   Section        0  libinit2.o(.ARM.Collect$$libinit$$00000027)
    .ARM.Collect$$libinit$$0000002E          0x0800027e   Section        0  libinit2.o(.ARM.Collect$$libinit$$0000002E)
    .ARM.Collect$$libinit$$00000030          0x0800027e   Section        0  libinit2.o(.ARM.Collect$$libinit$$00000030)
    .ARM.Collect$$libinit$$00000032          0x0800027e   Section        0  libinit2.o(.ARM.Collect$$libinit$$00000032)
    .ARM.Collect$$libinit$$00000034          0x0800027e   Section        0  libinit2.o(.ARM.Collect$$libinit$$00000034)
    .ARM.Collect$$libinit$$00000035          0x0800027e   Section        2  libinit2.o(.ARM.Collect$$libinit$$00000035)
    .ARM.Collect$$libshutdown$$00000000      0x08000280   Section        2  libshutdown.o(.ARM.Collect$$libshutdown$$00000000)
    .ARM.Collect$$libshutdown$$00000002      0x08000282   Section        0  libshutdown2.o(.ARM.Collect$$libshutdown$$00000002)
    .ARM.Collect$$libshutdown$$00000004      0x08000282   Section        0  libshutdown2.o(.ARM.Collect$$libshutdown$$00000004)
    .ARM.Collect$$libshutdown$$00000007      0x08000282   Section        0  libshutdown2.o(.ARM.Collect$$libshutdown$$00000007)
    .ARM.Collect$$libshutdown$$0000000A      0x08000282   Section        0  libshutdown2.o(.ARM.Collect$$libshutdown$$0000000A)
    .ARM.Collect$$libshutdown$$0000000C      0x08000282   Section        0  libshutdown2.o(.ARM.Collect$$libshutdown$$0000000C)
    .ARM.Collect$$libshutdown$$0000000F      0x08000282   Section        0  libshutdown2.o(.ARM.Collect$$libshutdown$$0000000F)
    .ARM.Collect$$libshutdown$$00000010      0x08000282   Section        2  libshutdown2.o(.ARM.Collect$$libshutdown$$00000010)
    .ARM.Collect$$rtentry$$00000000          0x08000284   Section        0  __rtentry.o(.ARM.Collect$$rtentry$$00000000)
    .ARM.Collect$$rtentry$$00000002          0x08000284   Section        0  __rtentry2.o(.ARM.Collect$$rtentry$$00000002)
    .ARM.Collect$$rtentry$$00000004          0x08000284   Section        6  __rtentry4.o(.ARM.Collect$$rtentry$$00000004)
    .ARM.Collect$$rtentry$$00000009          0x0800028a   Section        0  __rtentry2.o(.ARM.Collect$$rtentry$$00000009)
    .ARM.Collect$$rtentry$$0000000A          0x0800028a   Section        4  __rtentry2.o(.ARM.Collect$$rtentry$$0000000A)
    .ARM.Collect$$rtentry$$0000000C          0x0800028e   Section        0  __rtentry2.o(.ARM.Collect$$rtentry$$0000000C)
    .ARM.Collect$$rtentry$$0000000D          0x0800028e   Section        8  __rtentry2.o(.ARM.Collect$$rtentry$$0000000D)
    .ARM.Collect$$rtexit$$00000000           0x08000296   Section        2  rtexit.o(.ARM.Collect$$rtexit$$00000000)
    .ARM.Collect$$rtexit$$00000002           0x08000298   Section        0  rtexit2.o(.ARM.Collect$$rtexit$$00000002)
    .ARM.Collect$$rtexit$$00000003           0x08000298   Section        4  rtexit2.o(.ARM.Collect$$rtexit$$00000003)
    .ARM.Collect$$rtexit$$00000004           0x0800029c   Section        6  rtexit2.o(.ARM.Collect$$rtexit$$00000004)
    $v0                                      0x080002a4   Number         0  startup_stm32g474xx.o(.text)
    .text                                    0x080002a4   Section       64  startup_stm32g474xx.o(.text)
    .text                                    0x080002e4   Section       78  rt_memclr_w.o(.text)
    .text                                    0x08000332   Section        0  heapauxi.o(.text)
    .text                                    0x08000338   Section       74  sys_stackheap_outer.o(.text)
    .text                                    0x08000382   Section        0  exit.o(.text)
    .text                                    0x08000394   Section        8  libspace.o(.text)
    .text                                    0x0800039c   Section        0  sys_exit.o(.text)
    .text                                    0x080003a8   Section        2  use_no_semi.o(.text)
    .text                                    0x080003aa   Section        0  indicate_semi.o(.text)
    [Anonymous Symbol]                       0x080003ac   Section        0  stm32g4xx_it.o(.text.BusFault_Handler)
    [Anonymous Symbol]                       0x080003b0   Section        0  stm32g4xx_it.o(.text.DMA1_Channel1_IRQHandler)
    [Anonymous Symbol]                       0x080003bc   Section        0  stm32g4xx_it.o(.text.DebugMon_Handler)
    [Anonymous Symbol]                       0x080003c0   Section        0  main.o(.text.Error_Handler)
    [Anonymous Symbol]                       0x080003cc   Section        0  stm32g4xx_it.o(.text.FDCAN1_IT0_IRQHandler)
    [Anonymous Symbol]                       0x080003d8   Section        0  stm32g4xx_it.o(.text.FDCAN1_IT1_IRQHandler)
    [Anonymous Symbol]                       0x080003e4   Section        0  fdan_bsp.o(.text.FDCAN1_Init)
    [Anonymous Symbol]                       0x08000488   Section        0  stm32g4xx_it.o(.text.FDCAN2_IT0_IRQHandler)
    [Anonymous Symbol]                       0x08000494   Section        0  stm32g4xx_it.o(.text.FDCAN2_IT1_IRQHandler)
    [Anonymous Symbol]                       0x080004a0   Section        0  fdan_bsp.o(.text.FDCAN2_Init)
    [Anonymous Symbol]                       0x08000544   Section        0  stm32g4xx_it.o(.text.FDCAN3_IT0_IRQHandler)
    [Anonymous Symbol]                       0x08000550   Section        0  stm32g4xx_it.o(.text.FDCAN3_IT1_IRQHandler)
    [Anonymous Symbol]                       0x0800055c   Section        0  fdan_bsp.o(.text.FDCAN3_Init)
    [Anonymous Symbol]                       0x08000600   Section        0  fdan_bsp.o(.text.FDCAN_SendData)
    [Anonymous Symbol]                       0x0800064c   Section        0  stm32g4xx_hal_dma.o(.text.HAL_DMA_Abort_IT)
    [Anonymous Symbol]                       0x080006cc   Section        0  stm32g4xx_hal_dma.o(.text.HAL_DMA_IRQHandler)
    [Anonymous Symbol]                       0x08000768   Section        0  stm32g4xx_hal_dma.o(.text.HAL_DMA_Init)
    [Anonymous Symbol]                       0x0800088c   Section        0  stm32g4xx_hal_dma.o(.text.HAL_DMA_Start_IT)
    [Anonymous Symbol]                       0x08000970   Section        0  stm32g4xx_hal.o(.text.HAL_Delay)
    [Anonymous Symbol]                       0x08000998   Section        0  stm32g4xx_hal_fdcan.o(.text.HAL_FDCAN_ActivateNotification)
    [Anonymous Symbol]                       0x08000aa0   Section        0  stm32g4xx_hal_fdcan.o(.text.HAL_FDCAN_AddMessageToTxFifoQ)
    [Anonymous Symbol]                       0x08000b54   Section        0  stm32g4xx_hal_fdcan.o(.text.HAL_FDCAN_ConfigFilter)
    [Anonymous Symbol]                       0x08000bb4   Section        0  stm32g4xx_hal_fdcan.o(.text.HAL_FDCAN_ConfigGlobalFilter)
    [Anonymous Symbol]                       0x08000bf4   Section        0  stm32g4xx_hal_fdcan.o(.text.HAL_FDCAN_ErrorCallback)
    [Anonymous Symbol]                       0x08000bf8   Section        0  stm32g4xx_hal_fdcan.o(.text.HAL_FDCAN_ErrorStatusCallback)
    [Anonymous Symbol]                       0x08000bfc   Section        0  stm32g4xx_hal_fdcan.o(.text.HAL_FDCAN_GetRxMessage)
    [Anonymous Symbol]                       0x08000d04   Section        0  stm32g4xx_hal_fdcan.o(.text.HAL_FDCAN_HighPriorityMessageCallback)
    [Anonymous Symbol]                       0x08000d08   Section        0  stm32g4xx_hal_fdcan.o(.text.HAL_FDCAN_IRQHandler)
    [Anonymous Symbol]                       0x08000e84   Section        0  stm32g4xx_hal_fdcan.o(.text.HAL_FDCAN_Init)
    [Anonymous Symbol]                       0x08001078   Section        0  fdcan.o(.text.HAL_FDCAN_MspInit)
    [Anonymous Symbol]                       0x08001224   Section        0  main.o(.text.HAL_FDCAN_RxFifo0Callback)
    [Anonymous Symbol]                       0x08001310   Section        0  main.o(.text.HAL_FDCAN_RxFifo1Callback)
    [Anonymous Symbol]                       0x08001390   Section        0  stm32g4xx_hal_fdcan.o(.text.HAL_FDCAN_Start)
    [Anonymous Symbol]                       0x080013bc   Section        0  stm32g4xx_hal_fdcan.o(.text.HAL_FDCAN_TimeoutOccurredCallback)
    [Anonymous Symbol]                       0x080013c0   Section        0  stm32g4xx_hal_fdcan.o(.text.HAL_FDCAN_TimestampWraparoundCallback)
    [Anonymous Symbol]                       0x080013c4   Section        0  stm32g4xx_hal_fdcan.o(.text.HAL_FDCAN_TxBufferAbortCallback)
    [Anonymous Symbol]                       0x080013c8   Section        0  stm32g4xx_hal_fdcan.o(.text.HAL_FDCAN_TxBufferCompleteCallback)
    [Anonymous Symbol]                       0x080013cc   Section        0  stm32g4xx_hal_fdcan.o(.text.HAL_FDCAN_TxEventFifoCallback)
    [Anonymous Symbol]                       0x080013d0   Section        0  stm32g4xx_hal_fdcan.o(.text.HAL_FDCAN_TxFifoEmptyCallback)
    [Anonymous Symbol]                       0x080013d4   Section        0  stm32g4xx_hal_gpio.o(.text.HAL_GPIO_Init)
    [Anonymous Symbol]                       0x08001574   Section        0  stm32g4xx_hal.o(.text.HAL_GetTick)
    [Anonymous Symbol]                       0x08001580   Section        0  stm32g4xx_hal.o(.text.HAL_IncTick)
    [Anonymous Symbol]                       0x0800159c   Section        0  stm32g4xx_hal.o(.text.HAL_Init)
    [Anonymous Symbol]                       0x080015bc   Section        0  stm32g4xx_hal.o(.text.HAL_InitTick)
    [Anonymous Symbol]                       0x08001618   Section        0  stm32g4xx_hal_msp.o(.text.HAL_MspInit)
    [Anonymous Symbol]                       0x0800164c   Section        0  stm32g4xx_hal_cortex.o(.text.HAL_NVIC_EnableIRQ)
    [Anonymous Symbol]                       0x08001670   Section        0  stm32g4xx_hal_cortex.o(.text.HAL_NVIC_SetPriority)
    [Anonymous Symbol]                       0x080016c8   Section        0  stm32g4xx_hal_cortex.o(.text.HAL_NVIC_SetPriorityGrouping)
    [Anonymous Symbol]                       0x080016e8   Section        0  stm32g4xx_hal_pwr_ex.o(.text.HAL_PWREx_ControlVoltageScaling)
    [Anonymous Symbol]                       0x080017dc   Section        0  stm32g4xx_hal_pwr_ex.o(.text.HAL_PWREx_DisableUCPDDeadBattery)
    [Anonymous Symbol]                       0x080017f0   Section        0  stm32g4xx_hal_rcc_ex.o(.text.HAL_RCCEx_PeriphCLKConfig)
    [Anonymous Symbol]                       0x08001b18   Section        0  stm32g4xx_hal_rcc.o(.text.HAL_RCC_ClockConfig)
    [Anonymous Symbol]                       0x08001e2c   Section        0  stm32g4xx_hal_rcc.o(.text.HAL_RCC_OscConfig)
    [Anonymous Symbol]                       0x080022b0   Section        0  stm32g4xx_hal_cortex.o(.text.HAL_SYSTICK_Config)
    [Anonymous Symbol]                       0x080022dc   Section        0  stm32g4xx_hal_tim_ex.o(.text.HAL_TIMEx_Break2Callback)
    [Anonymous Symbol]                       0x080022e0   Section        0  stm32g4xx_hal_tim_ex.o(.text.HAL_TIMEx_BreakCallback)
    [Anonymous Symbol]                       0x080022e4   Section        0  stm32g4xx_hal_tim_ex.o(.text.HAL_TIMEx_CommutCallback)
    [Anonymous Symbol]                       0x080022e8   Section        0  stm32g4xx_hal_tim_ex.o(.text.HAL_TIMEx_DirectionChangeCallback)
    [Anonymous Symbol]                       0x080022ec   Section        0  stm32g4xx_hal_tim_ex.o(.text.HAL_TIMEx_EncoderIndexCallback)
    [Anonymous Symbol]                       0x080022f0   Section        0  stm32g4xx_hal_tim_ex.o(.text.HAL_TIMEx_IndexErrorCallback)
    [Anonymous Symbol]                       0x080022f4   Section        0  stm32g4xx_hal_tim_ex.o(.text.HAL_TIMEx_MasterConfigSynchronization)
    [Anonymous Symbol]                       0x080023d4   Section        0  stm32g4xx_hal_tim_ex.o(.text.HAL_TIMEx_TransitionErrorCallback)
    [Anonymous Symbol]                       0x080023d8   Section        0  stm32g4xx_hal_tim.o(.text.HAL_TIM_Base_Init)
    [Anonymous Symbol]                       0x0800243c   Section        0  tim.o(.text.HAL_TIM_Base_MspInit)
    [Anonymous Symbol]                       0x0800253c   Section        0  stm32g4xx_hal_tim.o(.text.HAL_TIM_Base_Start_IT)
    [Anonymous Symbol]                       0x080025f4   Section        0  stm32g4xx_hal_tim.o(.text.HAL_TIM_ConfigClockSource)
    [Anonymous Symbol]                       0x08002810   Section        0  stm32g4xx_hal_tim.o(.text.HAL_TIM_ErrorCallback)
    [Anonymous Symbol]                       0x08002814   Section        0  stm32g4xx_hal_tim.o(.text.HAL_TIM_IC_CaptureCallback)
    [Anonymous Symbol]                       0x08002818   Section        0  stm32g4xx_hal_tim.o(.text.HAL_TIM_IRQHandler)
    [Anonymous Symbol]                       0x080029e0   Section        0  stm32g4xx_hal_tim.o(.text.HAL_TIM_OC_DelayElapsedCallback)
    [Anonymous Symbol]                       0x080029e4   Section        0  stm32g4xx_hal_tim.o(.text.HAL_TIM_PWM_ConfigChannel)
    [Anonymous Symbol]                       0x08002dd4   Section        0  stm32g4xx_hal_tim.o(.text.HAL_TIM_PWM_Init)
    [Anonymous Symbol]                       0x08002e38   Section        0  stm32g4xx_hal_tim.o(.text.HAL_TIM_PWM_MspInit)
    [Anonymous Symbol]                       0x08002e3c   Section        0  stm32g4xx_hal_tim.o(.text.HAL_TIM_PWM_PulseFinishedCallback)
    [Anonymous Symbol]                       0x08002e40   Section        0  stm32g4xx_hal_tim.o(.text.HAL_TIM_PWM_PulseFinishedHalfCpltCallback)
    [Anonymous Symbol]                       0x08002e44   Section        0  stm32g4xx_hal_tim.o(.text.HAL_TIM_PWM_Start_DMA)
    [Anonymous Symbol]                       0x08003104   Section        0  stm32g4xx_hal_tim.o(.text.HAL_TIM_PWM_Stop_DMA)
    [Anonymous Symbol]                       0x080031f0   Section        0  main.o(.text.HAL_TIM_PeriodElapsedCallback)
    [Anonymous Symbol]                       0x080032f8   Section        0  stm32g4xx_hal_tim.o(.text.HAL_TIM_TriggerCallback)
    [Anonymous Symbol]                       0x080032fc   Section        0  stm32g4xx_it.o(.text.HardFault_Handler)
    [Anonymous Symbol]                       0x08003300   Section        0  dma.o(.text.MX_DMA_Init)
    [Anonymous Symbol]                       0x08003348   Section        0  fdcan.o(.text.MX_FDCAN1_Init)
    [Anonymous Symbol]                       0x080033a4   Section        0  fdcan.o(.text.MX_FDCAN2_Init)
    [Anonymous Symbol]                       0x08003400   Section        0  fdcan.o(.text.MX_FDCAN3_Init)
    [Anonymous Symbol]                       0x0800345c   Section        0  gpio.o(.text.MX_GPIO_Init)
    [Anonymous Symbol]                       0x080034d8   Section        0  tim.o(.text.MX_TIM3_Init)
    [Anonymous Symbol]                       0x080035e8   Section        0  tim.o(.text.MX_TIM5_Init)
    [Anonymous Symbol]                       0x0800366c   Section        0  tim.o(.text.MX_TIM6_Init)
    [Anonymous Symbol]                       0x080036c0   Section        0  tim.o(.text.MX_TIM7_Init)
    [Anonymous Symbol]                       0x08003714   Section        0  stm32g4xx_it.o(.text.MemManage_Handler)
    [Anonymous Symbol]                       0x08003718   Section        0  stm32g4xx_it.o(.text.NMI_Handler)
    [Anonymous Symbol]                       0x0800371c   Section        0  stm32g4xx_it.o(.text.PendSV_Handler)
    [Anonymous Symbol]                       0x08003720   Section        0  stm32g4xx_it.o(.text.SVC_Handler)
    [Anonymous Symbol]                       0x08003724   Section        0  stm32g4xx_it.o(.text.SysTick_Handler)
    [Anonymous Symbol]                       0x08003728   Section        0  system_stm32g4xx.o(.text.SystemInit)
    [Anonymous Symbol]                       0x0800373c   Section        0  stm32g4xx_it.o(.text.TIM5_IRQHandler)
    [Anonymous Symbol]                       0x08003748   Section        0  stm32g4xx_it.o(.text.TIM6_DAC_IRQHandler)
    [Anonymous Symbol]                       0x08003754   Section        0  stm32g4xx_it.o(.text.TIM7_DAC_IRQHandler)
    [Anonymous Symbol]                       0x08003760   Section        0  stm32g4xx_hal_tim.o(.text.TIM_Base_SetConfig)
    TIM_DMADelayPulseCplt                    0x080038b1   Thumb Code   104  stm32g4xx_hal_tim.o(.text.TIM_DMADelayPulseCplt)
    [Anonymous Symbol]                       0x080038b0   Section        0  stm32g4xx_hal_tim.o(.text.TIM_DMADelayPulseCplt)
    [Anonymous Symbol]                       0x08003918   Section        0  stm32g4xx_hal_tim.o(.text.TIM_DMADelayPulseHalfCplt)
    [Anonymous Symbol]                       0x08003950   Section        0  stm32g4xx_hal_tim.o(.text.TIM_DMAError)
    [Anonymous Symbol]                       0x080039ac   Section        0  stm32g4xx_it.o(.text.UsageFault_Handler)
    [Anonymous Symbol]                       0x080039b0   Section        0  ws2812.o(.text.WS2812_NewRound_Send)
    [Anonymous Symbol]                       0x080039dc   Section        0  ws2812.o(.text.WS2812_Set_Single_Color)
    [Anonymous Symbol]                       0x08003afc   Section        0  main.o(.text.main)
    $v0                                      0x08003f7c   Number         0  fpinit.o(x$fpl$fpinit)
    x$fpl$fpinit                             0x08003f7c   Section       26  fpinit.o(x$fpl$fpinit)
    DLCtoBytes                               0x08003fe2   Data          16  stm32g4xx_hal_fdcan.o(.rodata.cst16)
    [Anonymous Symbol]                       0x08003fe2   Section        0  stm32g4xx_hal_fdcan.o(.rodata.cst16)
    .Lswitch.table.HAL_TIM_IC_Start_IT       0x08003ff4   Data          16  stm32g4xx_hal_tim.o(.rodata.cst16)
    .Lswitch.table.HAL_TIM_IC_Stop_IT        0x08004004   Data          16  stm32g4xx_hal_tim.o(.rodata.cst16)
    .Lswitch.table.HAL_TIM_IC_Stop_DMA       0x08004014   Data          16  stm32g4xx_hal_tim.o(.rodata.cst16)
    .bss                                     0x20000068   Section       96  libspace.o(.bss)
    HAL_RCC_FDCAN_CLK_ENABLED                0x20000214   Data           4  fdcan.o(.bss.HAL_RCC_FDCAN_CLK_ENABLED)
    [Anonymous Symbol]                       0x20000214   Section        0  fdcan.o(.bss.HAL_RCC_FDCAN_CLK_ENABLED)
    Heap_Mem                                 0x20000690   Data         512  startup_stm32g474xx.o(HEAP)
    HEAP                                     0x20000690   Section      512  startup_stm32g474xx.o(HEAP)
    Stack_Mem                                0x20000890   Data        1024  startup_stm32g474xx.o(STACK)
    STACK                                    0x20000890   Section     1024  startup_stm32g474xx.o(STACK)
    __initial_sp                             0x20000c90   Data           0  startup_stm32g474xx.o(STACK)

    Global Symbols

    Symbol Name                              Value     Ov Type        Size  Object(Section)

    BuildAttributes$$THM_ISAv4$E$P$D$K$B$S$7EM$VFPi3$EXTD16$VFPS$VFMA$PE$A:L22UL41UL21$X:L11$S22US41US21$IEEE1$IW$~IW$USESV6$~STKCKD$USESV7$~SHL$OTIME$ROPI$EBA8$UX$STANDARDLIB$REQ8$PRES8$EABIv2 0x00000000   Number         0  anon$$obj.o ABSOLUTE
    __ARM_exceptions_init                     - Undefined Weak Reference
    __alloca_initialize                       - Undefined Weak Reference
    __arm_preinit_                            - Undefined Weak Reference
    __arm_relocate_pie_                       - Undefined Weak Reference
    __cpp_initialize__aeabi_                  - Undefined Weak Reference
    __cxa_finalize                            - Undefined Weak Reference
    __rt_locale                               - Undefined Weak Reference
    __sigvec_lookup                           - Undefined Weak Reference
    _atexit_init                              - Undefined Weak Reference
    _call_atexit_fns                          - Undefined Weak Reference
    _clock_init                               - Undefined Weak Reference
    _fp_trap_init                             - Undefined Weak Reference
    _fp_trap_shutdown                         - Undefined Weak Reference
    _get_lc_collate                           - Undefined Weak Reference
    _get_lc_ctype                             - Undefined Weak Reference
    _get_lc_monetary                          - Undefined Weak Reference
    _get_lc_numeric                           - Undefined Weak Reference
    _get_lc_time                              - Undefined Weak Reference
    _getenv_init                              - Undefined Weak Reference
    _handle_redirection                       - Undefined Weak Reference
    _init_alloc                               - Undefined Weak Reference
    _init_user_alloc                          - Undefined Weak Reference
    _initio                                   - Undefined Weak Reference
    _rand_init                                - Undefined Weak Reference
    _signal_finish                            - Undefined Weak Reference
    _signal_init                              - Undefined Weak Reference
    _terminate_alloc                          - Undefined Weak Reference
    _terminate_user_alloc                     - Undefined Weak Reference
    _terminateio                              - Undefined Weak Reference
    __Vectors_Size                           0x000001d8   Number         0  startup_stm32g474xx.o ABSOLUTE
    __Vectors                                0x08000000   Data           4  startup_stm32g474xx.o(RESET)
    __Vectors_End                            0x080001d8   Data           0  startup_stm32g474xx.o(RESET)
    __main                                   0x080001d9   Thumb Code     8  __main.o(!!!main)
    __scatterload                            0x080001e1   Thumb Code     0  __scatter.o(!!!scatter)
    __scatterload_rt2                        0x080001e1   Thumb Code    84  __scatter.o(!!!scatter)
    __scatterload_rt2_thumb_only             0x080001e1   Thumb Code     0  __scatter.o(!!!scatter)
    __scatterload_loop                       0x080001eb   Thumb Code     0  __scatter.o(!!!scatter)
    __scatterload_copy                       0x0800023d   Thumb Code    26  __scatter_copy.o(!!handler_copy)
    __scatterload_null                       0x08000259   Thumb Code     2  __scatter.o(!!handler_null)
    __scatterload_zeroinit                   0x0800025d   Thumb Code    28  __scatter_zi.o(!!handler_zi)
    __rt_lib_init                            0x08000279   Thumb Code     0  libinit.o(.ARM.Collect$$libinit$$00000000)
    __rt_lib_init_fp_1                       0x0800027b   Thumb Code     0  libinit2.o(.ARM.Collect$$libinit$$00000001)
    __rt_lib_init_alloca_1                   0x0800027f   Thumb Code     0  libinit2.o(.ARM.Collect$$libinit$$00000030)
    __rt_lib_init_argv_1                     0x0800027f   Thumb Code     0  libinit2.o(.ARM.Collect$$libinit$$0000002E)
    __rt_lib_init_atexit_1                   0x0800027f   Thumb Code     0  libinit2.o(.ARM.Collect$$libinit$$0000001D)
    __rt_lib_init_clock_1                    0x0800027f   Thumb Code     0  libinit2.o(.ARM.Collect$$libinit$$00000023)
    __rt_lib_init_cpp_1                      0x0800027f   Thumb Code     0  libinit2.o(.ARM.Collect$$libinit$$00000034)
    __rt_lib_init_exceptions_1               0x0800027f   Thumb Code     0  libinit2.o(.ARM.Collect$$libinit$$00000032)
    __rt_lib_init_fp_trap_1                  0x0800027f   Thumb Code     0  libinit2.o(.ARM.Collect$$libinit$$00000021)
    __rt_lib_init_getenv_1                   0x0800027f   Thumb Code     0  libinit2.o(.ARM.Collect$$libinit$$00000025)
    __rt_lib_init_heap_1                     0x0800027f   Thumb Code     0  libinit2.o(.ARM.Collect$$libinit$$0000000C)
    __rt_lib_init_lc_collate_1               0x0800027f   Thumb Code     0  libinit2.o(.ARM.Collect$$libinit$$00000013)
    __rt_lib_init_lc_ctype_1                 0x0800027f   Thumb Code     0  libinit2.o(.ARM.Collect$$libinit$$00000015)
    __rt_lib_init_lc_monetary_1              0x0800027f   Thumb Code     0  libinit2.o(.ARM.Collect$$libinit$$00000017)
    __rt_lib_init_lc_numeric_1               0x0800027f   Thumb Code     0  libinit2.o(.ARM.Collect$$libinit$$00000019)
    __rt_lib_init_lc_time_1                  0x0800027f   Thumb Code     0  libinit2.o(.ARM.Collect$$libinit$$0000001B)
    __rt_lib_init_preinit_1                  0x0800027f   Thumb Code     0  libinit2.o(.ARM.Collect$$libinit$$00000006)
    __rt_lib_init_rand_1                     0x0800027f   Thumb Code     0  libinit2.o(.ARM.Collect$$libinit$$00000010)
    __rt_lib_init_relocate_pie_1             0x0800027f   Thumb Code     0  libinit2.o(.ARM.Collect$$libinit$$00000004)
    __rt_lib_init_return                     0x0800027f   Thumb Code     0  libinit2.o(.ARM.Collect$$libinit$$00000035)
    __rt_lib_init_signal_1                   0x0800027f   Thumb Code     0  libinit2.o(.ARM.Collect$$libinit$$0000001F)
    __rt_lib_init_stdio_1                    0x0800027f   Thumb Code     0  libinit2.o(.ARM.Collect$$libinit$$00000027)
    __rt_lib_init_user_alloc_1               0x0800027f   Thumb Code     0  libinit2.o(.ARM.Collect$$libinit$$0000000E)
    __rt_lib_shutdown                        0x08000281   Thumb Code     0  libshutdown.o(.ARM.Collect$$libshutdown$$00000000)
    __rt_lib_shutdown_cpp_1                  0x08000283   Thumb Code     0  libshutdown2.o(.ARM.Collect$$libshutdown$$00000002)
    __rt_lib_shutdown_fp_trap_1              0x08000283   Thumb Code     0  libshutdown2.o(.ARM.Collect$$libshutdown$$00000007)
    __rt_lib_shutdown_heap_1                 0x08000283   Thumb Code     0  libshutdown2.o(.ARM.Collect$$libshutdown$$0000000F)
    __rt_lib_shutdown_return                 0x08000283   Thumb Code     0  libshutdown2.o(.ARM.Collect$$libshutdown$$00000010)
    __rt_lib_shutdown_signal_1               0x08000283   Thumb Code     0  libshutdown2.o(.ARM.Collect$$libshutdown$$0000000A)
    __rt_lib_shutdown_stdio_1                0x08000283   Thumb Code     0  libshutdown2.o(.ARM.Collect$$libshutdown$$00000004)
    __rt_lib_shutdown_user_alloc_1           0x08000283   Thumb Code     0  libshutdown2.o(.ARM.Collect$$libshutdown$$0000000C)
    __rt_entry                               0x08000285   Thumb Code     0  __rtentry.o(.ARM.Collect$$rtentry$$00000000)
    __rt_entry_presh_1                       0x08000285   Thumb Code     0  __rtentry2.o(.ARM.Collect$$rtentry$$00000002)
    __rt_entry_sh                            0x08000285   Thumb Code     0  __rtentry4.o(.ARM.Collect$$rtentry$$00000004)
    __rt_entry_li                            0x0800028b   Thumb Code     0  __rtentry2.o(.ARM.Collect$$rtentry$$0000000A)
    __rt_entry_postsh_1                      0x0800028b   Thumb Code     0  __rtentry2.o(.ARM.Collect$$rtentry$$00000009)
    __rt_entry_main                          0x0800028f   Thumb Code     0  __rtentry2.o(.ARM.Collect$$rtentry$$0000000D)
    __rt_entry_postli_1                      0x0800028f   Thumb Code     0  __rtentry2.o(.ARM.Collect$$rtentry$$0000000C)
    __rt_exit                                0x08000297   Thumb Code     0  rtexit.o(.ARM.Collect$$rtexit$$00000000)
    __rt_exit_ls                             0x08000299   Thumb Code     0  rtexit2.o(.ARM.Collect$$rtexit$$00000003)
    __rt_exit_prels_1                        0x08000299   Thumb Code     0  rtexit2.o(.ARM.Collect$$rtexit$$00000002)
    __rt_exit_exit                           0x0800029d   Thumb Code     0  rtexit2.o(.ARM.Collect$$rtexit$$00000004)
    Reset_Handler                            0x080002a5   Thumb Code     8  startup_stm32g474xx.o(.text)
    ADC1_2_IRQHandler                        0x080002bf   Thumb Code     0  startup_stm32g474xx.o(.text)
    ADC3_IRQHandler                          0x080002bf   Thumb Code     0  startup_stm32g474xx.o(.text)
    ADC4_IRQHandler                          0x080002bf   Thumb Code     0  startup_stm32g474xx.o(.text)
    ADC5_IRQHandler                          0x080002bf   Thumb Code     0  startup_stm32g474xx.o(.text)
    COMP1_2_3_IRQHandler                     0x080002bf   Thumb Code     0  startup_stm32g474xx.o(.text)
    COMP4_5_6_IRQHandler                     0x080002bf   Thumb Code     0  startup_stm32g474xx.o(.text)
    COMP7_IRQHandler                         0x080002bf   Thumb Code     0  startup_stm32g474xx.o(.text)
    CORDIC_IRQHandler                        0x080002bf   Thumb Code     0  startup_stm32g474xx.o(.text)
    CRS_IRQHandler                           0x080002bf   Thumb Code     0  startup_stm32g474xx.o(.text)
    DMA1_Channel2_IRQHandler                 0x080002bf   Thumb Code     0  startup_stm32g474xx.o(.text)
    DMA1_Channel3_IRQHandler                 0x080002bf   Thumb Code     0  startup_stm32g474xx.o(.text)
    DMA1_Channel4_IRQHandler                 0x080002bf   Thumb Code     0  startup_stm32g474xx.o(.text)
    DMA1_Channel5_IRQHandler                 0x080002bf   Thumb Code     0  startup_stm32g474xx.o(.text)
    DMA1_Channel6_IRQHandler                 0x080002bf   Thumb Code     0  startup_stm32g474xx.o(.text)
    DMA1_Channel7_IRQHandler                 0x080002bf   Thumb Code     0  startup_stm32g474xx.o(.text)
    DMA1_Channel8_IRQHandler                 0x080002bf   Thumb Code     0  startup_stm32g474xx.o(.text)
    DMA2_Channel1_IRQHandler                 0x080002bf   Thumb Code     0  startup_stm32g474xx.o(.text)
    DMA2_Channel2_IRQHandler                 0x080002bf   Thumb Code     0  startup_stm32g474xx.o(.text)
    DMA2_Channel3_IRQHandler                 0x080002bf   Thumb Code     0  startup_stm32g474xx.o(.text)
    DMA2_Channel4_IRQHandler                 0x080002bf   Thumb Code     0  startup_stm32g474xx.o(.text)
    DMA2_Channel5_IRQHandler                 0x080002bf   Thumb Code     0  startup_stm32g474xx.o(.text)
    DMA2_Channel6_IRQHandler                 0x080002bf   Thumb Code     0  startup_stm32g474xx.o(.text)
    DMA2_Channel7_IRQHandler                 0x080002bf   Thumb Code     0  startup_stm32g474xx.o(.text)
    DMA2_Channel8_IRQHandler                 0x080002bf   Thumb Code     0  startup_stm32g474xx.o(.text)
    DMAMUX_OVR_IRQHandler                    0x080002bf   Thumb Code     0  startup_stm32g474xx.o(.text)
    EXTI0_IRQHandler                         0x080002bf   Thumb Code     0  startup_stm32g474xx.o(.text)
    EXTI15_10_IRQHandler                     0x080002bf   Thumb Code     0  startup_stm32g474xx.o(.text)
    EXTI1_IRQHandler                         0x080002bf   Thumb Code     0  startup_stm32g474xx.o(.text)
    EXTI2_IRQHandler                         0x080002bf   Thumb Code     0  startup_stm32g474xx.o(.text)
    EXTI3_IRQHandler                         0x080002bf   Thumb Code     0  startup_stm32g474xx.o(.text)
    EXTI4_IRQHandler                         0x080002bf   Thumb Code     0  startup_stm32g474xx.o(.text)
    EXTI9_5_IRQHandler                       0x080002bf   Thumb Code     0  startup_stm32g474xx.o(.text)
    FLASH_IRQHandler                         0x080002bf   Thumb Code     0  startup_stm32g474xx.o(.text)
    FMAC_IRQHandler                          0x080002bf   Thumb Code     0  startup_stm32g474xx.o(.text)
    FMC_IRQHandler                           0x080002bf   Thumb Code     0  startup_stm32g474xx.o(.text)
    FPU_IRQHandler                           0x080002bf   Thumb Code     0  startup_stm32g474xx.o(.text)
    HRTIM1_FLT_IRQHandler                    0x080002bf   Thumb Code     0  startup_stm32g474xx.o(.text)
    HRTIM1_Master_IRQHandler                 0x080002bf   Thumb Code     0  startup_stm32g474xx.o(.text)
    HRTIM1_TIMA_IRQHandler                   0x080002bf   Thumb Code     0  startup_stm32g474xx.o(.text)
    HRTIM1_TIMB_IRQHandler                   0x080002bf   Thumb Code     0  startup_stm32g474xx.o(.text)
    HRTIM1_TIMC_IRQHandler                   0x080002bf   Thumb Code     0  startup_stm32g474xx.o(.text)
    HRTIM1_TIMD_IRQHandler                   0x080002bf   Thumb Code     0  startup_stm32g474xx.o(.text)
    HRTIM1_TIME_IRQHandler                   0x080002bf   Thumb Code     0  startup_stm32g474xx.o(.text)
    HRTIM1_TIMF_IRQHandler                   0x080002bf   Thumb Code     0  startup_stm32g474xx.o(.text)
    I2C1_ER_IRQHandler                       0x080002bf   Thumb Code     0  startup_stm32g474xx.o(.text)
    I2C1_EV_IRQHandler                       0x080002bf   Thumb Code     0  startup_stm32g474xx.o(.text)
    I2C2_ER_IRQHandler                       0x080002bf   Thumb Code     0  startup_stm32g474xx.o(.text)
    I2C2_EV_IRQHandler                       0x080002bf   Thumb Code     0  startup_stm32g474xx.o(.text)
    I2C3_ER_IRQHandler                       0x080002bf   Thumb Code     0  startup_stm32g474xx.o(.text)
    I2C3_EV_IRQHandler                       0x080002bf   Thumb Code     0  startup_stm32g474xx.o(.text)
    I2C4_ER_IRQHandler                       0x080002bf   Thumb Code     0  startup_stm32g474xx.o(.text)
    I2C4_EV_IRQHandler                       0x080002bf   Thumb Code     0  startup_stm32g474xx.o(.text)
    LPTIM1_IRQHandler                        0x080002bf   Thumb Code     0  startup_stm32g474xx.o(.text)
    LPUART1_IRQHandler                       0x080002bf   Thumb Code     0  startup_stm32g474xx.o(.text)
    PVD_PVM_IRQHandler                       0x080002bf   Thumb Code     0  startup_stm32g474xx.o(.text)
    QUADSPI_IRQHandler                       0x080002bf   Thumb Code     0  startup_stm32g474xx.o(.text)
    RCC_IRQHandler                           0x080002bf   Thumb Code     0  startup_stm32g474xx.o(.text)
    RNG_IRQHandler                           0x080002bf   Thumb Code     0  startup_stm32g474xx.o(.text)
    RTC_Alarm_IRQHandler                     0x080002bf   Thumb Code     0  startup_stm32g474xx.o(.text)
    RTC_TAMP_LSECSS_IRQHandler               0x080002bf   Thumb Code     0  startup_stm32g474xx.o(.text)
    RTC_WKUP_IRQHandler                      0x080002bf   Thumb Code     0  startup_stm32g474xx.o(.text)
    SAI1_IRQHandler                          0x080002bf   Thumb Code     0  startup_stm32g474xx.o(.text)
    SPI1_IRQHandler                          0x080002bf   Thumb Code     0  startup_stm32g474xx.o(.text)
    SPI2_IRQHandler                          0x080002bf   Thumb Code     0  startup_stm32g474xx.o(.text)
    SPI3_IRQHandler                          0x080002bf   Thumb Code     0  startup_stm32g474xx.o(.text)
    SPI4_IRQHandler                          0x080002bf   Thumb Code     0  startup_stm32g474xx.o(.text)
    TIM1_BRK_TIM15_IRQHandler                0x080002bf   Thumb Code     0  startup_stm32g474xx.o(.text)
    TIM1_CC_IRQHandler                       0x080002bf   Thumb Code     0  startup_stm32g474xx.o(.text)
    TIM1_TRG_COM_TIM17_IRQHandler            0x080002bf   Thumb Code     0  startup_stm32g474xx.o(.text)
    TIM1_UP_TIM16_IRQHandler                 0x080002bf   Thumb Code     0  startup_stm32g474xx.o(.text)
    TIM20_BRK_IRQHandler                     0x080002bf   Thumb Code     0  startup_stm32g474xx.o(.text)
    TIM20_CC_IRQHandler                      0x080002bf   Thumb Code     0  startup_stm32g474xx.o(.text)
    TIM20_TRG_COM_IRQHandler                 0x080002bf   Thumb Code     0  startup_stm32g474xx.o(.text)
    TIM20_UP_IRQHandler                      0x080002bf   Thumb Code     0  startup_stm32g474xx.o(.text)
    TIM2_IRQHandler                          0x080002bf   Thumb Code     0  startup_stm32g474xx.o(.text)
    TIM3_IRQHandler                          0x080002bf   Thumb Code     0  startup_stm32g474xx.o(.text)
    TIM4_IRQHandler                          0x080002bf   Thumb Code     0  startup_stm32g474xx.o(.text)
    TIM8_BRK_IRQHandler                      0x080002bf   Thumb Code     0  startup_stm32g474xx.o(.text)
    TIM8_CC_IRQHandler                       0x080002bf   Thumb Code     0  startup_stm32g474xx.o(.text)
    TIM8_TRG_COM_IRQHandler                  0x080002bf   Thumb Code     0  startup_stm32g474xx.o(.text)
    TIM8_UP_IRQHandler                       0x080002bf   Thumb Code     0  startup_stm32g474xx.o(.text)
    UART4_IRQHandler                         0x080002bf   Thumb Code     0  startup_stm32g474xx.o(.text)
    UART5_IRQHandler                         0x080002bf   Thumb Code     0  startup_stm32g474xx.o(.text)
    UCPD1_IRQHandler                         0x080002bf   Thumb Code     0  startup_stm32g474xx.o(.text)
    USART1_IRQHandler                        0x080002bf   Thumb Code     0  startup_stm32g474xx.o(.text)
    USART2_IRQHandler                        0x080002bf   Thumb Code     0  startup_stm32g474xx.o(.text)
    USART3_IRQHandler                        0x080002bf   Thumb Code     0  startup_stm32g474xx.o(.text)
    USBWakeUp_IRQHandler                     0x080002bf   Thumb Code     0  startup_stm32g474xx.o(.text)
    USB_HP_IRQHandler                        0x080002bf   Thumb Code     0  startup_stm32g474xx.o(.text)
    USB_LP_IRQHandler                        0x080002bf   Thumb Code     0  startup_stm32g474xx.o(.text)
    WWDG_IRQHandler                          0x080002bf   Thumb Code     0  startup_stm32g474xx.o(.text)
    __user_initial_stackheap                 0x080002c1   Thumb Code     0  startup_stm32g474xx.o(.text)
    __aeabi_memclr4                          0x080002e5   Thumb Code     0  rt_memclr_w.o(.text)
    __aeabi_memclr8                          0x080002e5   Thumb Code     0  rt_memclr_w.o(.text)
    __rt_memclr_w                            0x080002e5   Thumb Code     0  rt_memclr_w.o(.text)
    _memset_w                                0x080002e9   Thumb Code    74  rt_memclr_w.o(.text)
    __use_two_region_memory                  0x08000333   Thumb Code     2  heapauxi.o(.text)
    __rt_heap_escrow$2region                 0x08000335   Thumb Code     2  heapauxi.o(.text)
    __rt_heap_expand$2region                 0x08000337   Thumb Code     2  heapauxi.o(.text)
    __user_setup_stackheap                   0x08000339   Thumb Code    74  sys_stackheap_outer.o(.text)
    exit                                     0x08000383   Thumb Code    18  exit.o(.text)
    __user_libspace                          0x08000395   Thumb Code     8  libspace.o(.text)
    __user_perproc_libspace                  0x08000395   Thumb Code     0  libspace.o(.text)
    __user_perthread_libspace                0x08000395   Thumb Code     0  libspace.o(.text)
    _sys_exit                                0x0800039d   Thumb Code     8  sys_exit.o(.text)
    __I$use$semihosting                      0x080003a9   Thumb Code     0  use_no_semi.o(.text)
    __use_no_semihosting_swi                 0x080003a9   Thumb Code     2  use_no_semi.o(.text)
    __semihosting_library_function           0x080003ab   Thumb Code     0  indicate_semi.o(.text)
    BusFault_Handler                         0x080003ad   Thumb Code     2  stm32g4xx_it.o(.text.BusFault_Handler)
    DMA1_Channel1_IRQHandler                 0x080003b1   Thumb Code    12  stm32g4xx_it.o(.text.DMA1_Channel1_IRQHandler)
    DebugMon_Handler                         0x080003bd   Thumb Code     2  stm32g4xx_it.o(.text.DebugMon_Handler)
    Error_Handler                            0x080003c1   Thumb Code    10  main.o(.text.Error_Handler)
    FDCAN1_IT0_IRQHandler                    0x080003cd   Thumb Code    12  stm32g4xx_it.o(.text.FDCAN1_IT0_IRQHandler)
    FDCAN1_IT1_IRQHandler                    0x080003d9   Thumb Code    12  stm32g4xx_it.o(.text.FDCAN1_IT1_IRQHandler)
    FDCAN1_Init                              0x080003e5   Thumb Code   164  fdan_bsp.o(.text.FDCAN1_Init)
    FDCAN2_IT0_IRQHandler                    0x08000489   Thumb Code    12  stm32g4xx_it.o(.text.FDCAN2_IT0_IRQHandler)
    FDCAN2_IT1_IRQHandler                    0x08000495   Thumb Code    12  stm32g4xx_it.o(.text.FDCAN2_IT1_IRQHandler)
    FDCAN2_Init                              0x080004a1   Thumb Code   162  fdan_bsp.o(.text.FDCAN2_Init)
    FDCAN3_IT0_IRQHandler                    0x08000545   Thumb Code    12  stm32g4xx_it.o(.text.FDCAN3_IT0_IRQHandler)
    FDCAN3_IT1_IRQHandler                    0x08000551   Thumb Code    12  stm32g4xx_it.o(.text.FDCAN3_IT1_IRQHandler)
    FDCAN3_Init                              0x0800055d   Thumb Code   164  fdan_bsp.o(.text.FDCAN3_Init)
    FDCAN_SendData                           0x08000601   Thumb Code    76  fdan_bsp.o(.text.FDCAN_SendData)
    HAL_DMA_Abort_IT                         0x0800064d   Thumb Code   126  stm32g4xx_hal_dma.o(.text.HAL_DMA_Abort_IT)
    HAL_DMA_IRQHandler                       0x080006cd   Thumb Code   156  stm32g4xx_hal_dma.o(.text.HAL_DMA_IRQHandler)
    HAL_DMA_Init                             0x08000769   Thumb Code   290  stm32g4xx_hal_dma.o(.text.HAL_DMA_Init)
    HAL_DMA_Start_IT                         0x0800088d   Thumb Code   226  stm32g4xx_hal_dma.o(.text.HAL_DMA_Start_IT)
    HAL_Delay                                0x08000971   Thumb Code    40  stm32g4xx_hal.o(.text.HAL_Delay)
    HAL_FDCAN_ActivateNotification           0x08000999   Thumb Code   262  stm32g4xx_hal_fdcan.o(.text.HAL_FDCAN_ActivateNotification)
    HAL_FDCAN_AddMessageToTxFifoQ            0x08000aa1   Thumb Code   180  stm32g4xx_hal_fdcan.o(.text.HAL_FDCAN_AddMessageToTxFifoQ)
    HAL_FDCAN_ConfigFilter                   0x08000b55   Thumb Code    96  stm32g4xx_hal_fdcan.o(.text.HAL_FDCAN_ConfigFilter)
    HAL_FDCAN_ConfigGlobalFilter             0x08000bb5   Thumb Code    64  stm32g4xx_hal_fdcan.o(.text.HAL_FDCAN_ConfigGlobalFilter)
    HAL_FDCAN_ErrorCallback                  0x08000bf5   Thumb Code     2  stm32g4xx_hal_fdcan.o(.text.HAL_FDCAN_ErrorCallback)
    HAL_FDCAN_ErrorStatusCallback            0x08000bf9   Thumb Code     2  stm32g4xx_hal_fdcan.o(.text.HAL_FDCAN_ErrorStatusCallback)
    HAL_FDCAN_GetRxMessage                   0x08000bfd   Thumb Code   262  stm32g4xx_hal_fdcan.o(.text.HAL_FDCAN_GetRxMessage)
    HAL_FDCAN_HighPriorityMessageCallback    0x08000d05   Thumb Code     2  stm32g4xx_hal_fdcan.o(.text.HAL_FDCAN_HighPriorityMessageCallback)
    HAL_FDCAN_IRQHandler                     0x08000d09   Thumb Code   378  stm32g4xx_hal_fdcan.o(.text.HAL_FDCAN_IRQHandler)
    HAL_FDCAN_Init                           0x08000e85   Thumb Code   500  stm32g4xx_hal_fdcan.o(.text.HAL_FDCAN_Init)
    HAL_FDCAN_MspInit                        0x08001079   Thumb Code   428  fdcan.o(.text.HAL_FDCAN_MspInit)
    HAL_FDCAN_RxFifo0Callback                0x08001225   Thumb Code   234  main.o(.text.HAL_FDCAN_RxFifo0Callback)
    HAL_FDCAN_RxFifo1Callback                0x08001311   Thumb Code   128  main.o(.text.HAL_FDCAN_RxFifo1Callback)
    HAL_FDCAN_Start                          0x08001391   Thumb Code    44  stm32g4xx_hal_fdcan.o(.text.HAL_FDCAN_Start)
    HAL_FDCAN_TimeoutOccurredCallback        0x080013bd   Thumb Code     2  stm32g4xx_hal_fdcan.o(.text.HAL_FDCAN_TimeoutOccurredCallback)
    HAL_FDCAN_TimestampWraparoundCallback    0x080013c1   Thumb Code     2  stm32g4xx_hal_fdcan.o(.text.HAL_FDCAN_TimestampWraparoundCallback)
    HAL_FDCAN_TxBufferAbortCallback          0x080013c5   Thumb Code     2  stm32g4xx_hal_fdcan.o(.text.HAL_FDCAN_TxBufferAbortCallback)
    HAL_FDCAN_TxBufferCompleteCallback       0x080013c9   Thumb Code     2  stm32g4xx_hal_fdcan.o(.text.HAL_FDCAN_TxBufferCompleteCallback)
    HAL_FDCAN_TxEventFifoCallback            0x080013cd   Thumb Code     2  stm32g4xx_hal_fdcan.o(.text.HAL_FDCAN_TxEventFifoCallback)
    HAL_FDCAN_TxFifoEmptyCallback            0x080013d1   Thumb Code     2  stm32g4xx_hal_fdcan.o(.text.HAL_FDCAN_TxFifoEmptyCallback)
    HAL_GPIO_Init                            0x080013d5   Thumb Code   416  stm32g4xx_hal_gpio.o(.text.HAL_GPIO_Init)
    HAL_GetTick                              0x08001575   Thumb Code    12  stm32g4xx_hal.o(.text.HAL_GetTick)
    HAL_IncTick                              0x08001581   Thumb Code    26  stm32g4xx_hal.o(.text.HAL_IncTick)
    HAL_Init                                 0x0800159d   Thumb Code    30  stm32g4xx_hal.o(.text.HAL_Init)
    HAL_InitTick                             0x080015bd   Thumb Code    90  stm32g4xx_hal.o(.text.HAL_InitTick)
    HAL_MspInit                              0x08001619   Thumb Code    52  stm32g4xx_hal_msp.o(.text.HAL_MspInit)
    HAL_NVIC_EnableIRQ                       0x0800164d   Thumb Code    34  stm32g4xx_hal_cortex.o(.text.HAL_NVIC_EnableIRQ)
    HAL_NVIC_SetPriority                     0x08001671   Thumb Code    86  stm32g4xx_hal_cortex.o(.text.HAL_NVIC_SetPriority)
    HAL_NVIC_SetPriorityGrouping             0x080016c9   Thumb Code    32  stm32g4xx_hal_cortex.o(.text.HAL_NVIC_SetPriorityGrouping)
    HAL_PWREx_ControlVoltageScaling          0x080016e9   Thumb Code   242  stm32g4xx_hal_pwr_ex.o(.text.HAL_PWREx_ControlVoltageScaling)
    HAL_PWREx_DisableUCPDDeadBattery         0x080017dd   Thumb Code    18  stm32g4xx_hal_pwr_ex.o(.text.HAL_PWREx_DisableUCPDDeadBattery)
    HAL_RCCEx_PeriphCLKConfig                0x080017f1   Thumb Code   808  stm32g4xx_hal_rcc_ex.o(.text.HAL_RCCEx_PeriphCLKConfig)
    HAL_RCC_ClockConfig                      0x08001b19   Thumb Code   786  stm32g4xx_hal_rcc.o(.text.HAL_RCC_ClockConfig)
    HAL_RCC_OscConfig                        0x08001e2d   Thumb Code  1156  stm32g4xx_hal_rcc.o(.text.HAL_RCC_OscConfig)
    HAL_SYSTICK_Config                       0x080022b1   Thumb Code    44  stm32g4xx_hal_cortex.o(.text.HAL_SYSTICK_Config)
    HAL_TIMEx_Break2Callback                 0x080022dd   Thumb Code     2  stm32g4xx_hal_tim_ex.o(.text.HAL_TIMEx_Break2Callback)
    HAL_TIMEx_BreakCallback                  0x080022e1   Thumb Code     2  stm32g4xx_hal_tim_ex.o(.text.HAL_TIMEx_BreakCallback)
    HAL_TIMEx_CommutCallback                 0x080022e5   Thumb Code     2  stm32g4xx_hal_tim_ex.o(.text.HAL_TIMEx_CommutCallback)
    HAL_TIMEx_DirectionChangeCallback        0x080022e9   Thumb Code     2  stm32g4xx_hal_tim_ex.o(.text.HAL_TIMEx_DirectionChangeCallback)
    HAL_TIMEx_EncoderIndexCallback           0x080022ed   Thumb Code     2  stm32g4xx_hal_tim_ex.o(.text.HAL_TIMEx_EncoderIndexCallback)
    HAL_TIMEx_IndexErrorCallback             0x080022f1   Thumb Code     2  stm32g4xx_hal_tim_ex.o(.text.HAL_TIMEx_IndexErrorCallback)
    HAL_TIMEx_MasterConfigSynchronization    0x080022f5   Thumb Code   222  stm32g4xx_hal_tim_ex.o(.text.HAL_TIMEx_MasterConfigSynchronization)
    HAL_TIMEx_TransitionErrorCallback        0x080023d5   Thumb Code     2  stm32g4xx_hal_tim_ex.o(.text.HAL_TIMEx_TransitionErrorCallback)
    HAL_TIM_Base_Init                        0x080023d9   Thumb Code    98  stm32g4xx_hal_tim.o(.text.HAL_TIM_Base_Init)
    HAL_TIM_Base_MspInit                     0x0800243d   Thumb Code   256  tim.o(.text.HAL_TIM_Base_MspInit)
    HAL_TIM_Base_Start_IT                    0x0800253d   Thumb Code   182  stm32g4xx_hal_tim.o(.text.HAL_TIM_Base_Start_IT)
    HAL_TIM_ConfigClockSource                0x080025f5   Thumb Code   540  stm32g4xx_hal_tim.o(.text.HAL_TIM_ConfigClockSource)
    HAL_TIM_ErrorCallback                    0x08002811   Thumb Code     2  stm32g4xx_hal_tim.o(.text.HAL_TIM_ErrorCallback)
    HAL_TIM_IC_CaptureCallback               0x08002815   Thumb Code     2  stm32g4xx_hal_tim.o(.text.HAL_TIM_IC_CaptureCallback)
    HAL_TIM_IRQHandler                       0x08002819   Thumb Code   454  stm32g4xx_hal_tim.o(.text.HAL_TIM_IRQHandler)
    HAL_TIM_OC_DelayElapsedCallback          0x080029e1   Thumb Code     2  stm32g4xx_hal_tim.o(.text.HAL_TIM_OC_DelayElapsedCallback)
    HAL_TIM_PWM_ConfigChannel                0x080029e5   Thumb Code  1006  stm32g4xx_hal_tim.o(.text.HAL_TIM_PWM_ConfigChannel)
    HAL_TIM_PWM_Init                         0x08002dd5   Thumb Code    98  stm32g4xx_hal_tim.o(.text.HAL_TIM_PWM_Init)
    HAL_TIM_PWM_MspInit                      0x08002e39   Thumb Code     2  stm32g4xx_hal_tim.o(.text.HAL_TIM_PWM_MspInit)
    HAL_TIM_PWM_PulseFinishedCallback        0x08002e3d   Thumb Code     2  stm32g4xx_hal_tim.o(.text.HAL_TIM_PWM_PulseFinishedCallback)
    HAL_TIM_PWM_PulseFinishedHalfCpltCallback 0x08002e41   Thumb Code     2  stm32g4xx_hal_tim.o(.text.HAL_TIM_PWM_PulseFinishedHalfCpltCallback)
    HAL_TIM_PWM_Start_DMA                    0x08002e45   Thumb Code   704  stm32g4xx_hal_tim.o(.text.HAL_TIM_PWM_Start_DMA)
    HAL_TIM_PWM_Stop_DMA                     0x08003105   Thumb Code   236  stm32g4xx_hal_tim.o(.text.HAL_TIM_PWM_Stop_DMA)
    HAL_TIM_PeriodElapsedCallback            0x080031f1   Thumb Code   264  main.o(.text.HAL_TIM_PeriodElapsedCallback)
    HAL_TIM_TriggerCallback                  0x080032f9   Thumb Code     2  stm32g4xx_hal_tim.o(.text.HAL_TIM_TriggerCallback)
    HardFault_Handler                        0x080032fd   Thumb Code     2  stm32g4xx_it.o(.text.HardFault_Handler)
    MX_DMA_Init                              0x08003301   Thumb Code    70  dma.o(.text.MX_DMA_Init)
    MX_FDCAN1_Init                           0x08003349   Thumb Code    90  fdcan.o(.text.MX_FDCAN1_Init)
    MX_FDCAN2_Init                           0x080033a5   Thumb Code    90  fdcan.o(.text.MX_FDCAN2_Init)
    MX_FDCAN3_Init                           0x08003401   Thumb Code    90  fdcan.o(.text.MX_FDCAN3_Init)
    MX_GPIO_Init                             0x0800345d   Thumb Code   122  gpio.o(.text.MX_GPIO_Init)
    MX_TIM3_Init                             0x080034d9   Thumb Code   270  tim.o(.text.MX_TIM3_Init)
    MX_TIM5_Init                             0x080035e9   Thumb Code   130  tim.o(.text.MX_TIM5_Init)
    MX_TIM6_Init                             0x0800366d   Thumb Code    84  tim.o(.text.MX_TIM6_Init)
    MX_TIM7_Init                             0x080036c1   Thumb Code    84  tim.o(.text.MX_TIM7_Init)
    MemManage_Handler                        0x08003715   Thumb Code     2  stm32g4xx_it.o(.text.MemManage_Handler)
    NMI_Handler                              0x08003719   Thumb Code     2  stm32g4xx_it.o(.text.NMI_Handler)
    PendSV_Handler                           0x0800371d   Thumb Code     2  stm32g4xx_it.o(.text.PendSV_Handler)
    SVC_Handler                              0x08003721   Thumb Code     2  stm32g4xx_it.o(.text.SVC_Handler)
    SysTick_Handler                          0x08003725   Thumb Code     4  stm32g4xx_it.o(.text.SysTick_Handler)
    SystemInit                               0x08003729   Thumb Code    18  system_stm32g4xx.o(.text.SystemInit)
    TIM5_IRQHandler                          0x0800373d   Thumb Code    12  stm32g4xx_it.o(.text.TIM5_IRQHandler)
    TIM6_DAC_IRQHandler                      0x08003749   Thumb Code    12  stm32g4xx_it.o(.text.TIM6_DAC_IRQHandler)
    TIM7_DAC_IRQHandler                      0x08003755   Thumb Code    12  stm32g4xx_it.o(.text.TIM7_DAC_IRQHandler)
    TIM_Base_SetConfig                       0x08003761   Thumb Code   336  stm32g4xx_hal_tim.o(.text.TIM_Base_SetConfig)
    TIM_DMADelayPulseHalfCplt                0x08003919   Thumb Code    56  stm32g4xx_hal_tim.o(.text.TIM_DMADelayPulseHalfCplt)
    TIM_DMAError                             0x08003951   Thumb Code    92  stm32g4xx_hal_tim.o(.text.TIM_DMAError)
    UsageFault_Handler                       0x080039ad   Thumb Code     2  stm32g4xx_it.o(.text.UsageFault_Handler)
    WS2812_NewRound_Send                     0x080039b1   Thumb Code    44  ws2812.o(.text.WS2812_NewRound_Send)
    WS2812_Set_Single_Color                  0x080039dd   Thumb Code   284  ws2812.o(.text.WS2812_Set_Single_Color)
    main                                     0x08003afd   Thumb Code  1148  main.o(.text.main)
    _fp_init                                 0x08003f7d   Thumb Code    26  fpinit.o(x$fpl$fpinit)
    __fplib_config_fpu_vfp                   0x08003f95   Thumb Code     0  fpinit.o(x$fpl$fpinit)
    __fplib_config_pureend_doubles           0x08003f95   Thumb Code     0  fpinit.o(x$fpl$fpinit)
    AHBPrescTable                            0x08003f96   Data          16  system_stm32g4xx.o(.rodata.AHBPrescTable)
    Color_Table                              0x08003fa6   Data          60  color.o(.rodata.Color_Table)
    Region$$Table$$Base                      0x08004024   Number         0  anon$$obj.o(Region$$Table)
    Region$$Table$$Limit                     0x08004044   Number         0  anon$$obj.o(Region$$Table)
    CHALLENGE_Begin_TxData                   0x20000000   Data           8  main.o(.data.CHALLENGE_Begin_TxData)
    CHALLENGE_End_TxData                     0x20000008   Data           8  main.o(.data.CHALLENGE_End_TxData)
    CHASSIS_Enable                           0x20000010   Data           1  main.o(.data.CHASSIS_Enable)
    CHASSIS_TxData                           0x20000011   Data           8  main.o(.data.CHASSIS_TxData)
    DEFEND_TO_OFFEND_TxData                  0x20000019   Data           8  main.o(.data.DEFEND_TO_OFFEND_TxData)
    DRIBBLE_Enable                           0x20000021   Data           1  main.o(.data.DRIBBLE_Enable)
    DRIBBLE_TxData                           0x20000022   Data           8  main.o(.data.DRIBBLE_TxData)
    High_CRR                                 0x2000002a   Data           1  ws2812.o(.data.High_CRR)
    Low_CRR                                  0x2000002b   Data           1  ws2812.o(.data.Low_CRR)
    OFFEND_OR_DEFEND_Status                  0x2000002c   Data           1  main.o(.data.OFFEND_OR_DEFEND_Status)
    OFFEND_TO_DEFEND_TxData                  0x2000002d   Data           8  main.o(.data.OFFEND_TO_DEFEND_TxData)
    PUSHSHOT_Enable                          0x20000035   Data           1  main.o(.data.PUSHSHOT_Enable)
    PUSHSHOT_TxData                          0x20000036   Data           8  main.o(.data.PUSHSHOT_TxData)
    SELF_TEST_Begin_TxData                   0x2000003e   Data           8  main.o(.data.SELF_TEST_Begin_TxData)
    SELF_TEST_End_TxData                     0x20000046   Data           8  main.o(.data.SELF_TEST_End_TxData)
    SystemCoreClock                          0x20000050   Data           4  system_stm32g4xx.o(.data.SystemCoreClock)
    VISION_Enable                            0x20000054   Data           1  main.o(.data.VISION_Enable)
    VISION_TxData                            0x20000055   Data           8  main.o(.data.VISION_TxData)
    uwTickFreq                               0x20000060   Data           4  stm32g4xx_hal.o(.data.uwTickFreq)
    uwTickPrio                               0x20000064   Data           4  stm32g4xx_hal.o(.data.uwTickPrio)
    __libspace_start                         0x20000068   Data          96  libspace.o(.bss)
    CAN1_RxData                              0x200000c8   Data          64  fdan_bsp.o(.bss.CAN1_RxData)
    __temporary_stack_top$libspace           0x200000c8   Data           0  libspace.o(.bss)
    CAN1_RxMessage                           0x20000108   Data          40  fdan_bsp.o(.bss.CAN1_RxMessage)
    CAN2_RxData                              0x20000130   Data          64  fdan_bsp.o(.bss.CAN2_RxData)
    CAN2_RxMessage                           0x20000170   Data          40  fdan_bsp.o(.bss.CAN2_RxMessage)
    CAN3_RxData                              0x20000198   Data          64  fdan_bsp.o(.bss.CAN3_RxData)
    CAN3_RxMessage                           0x200001d8   Data          40  fdan_bsp.o(.bss.CAN3_RxMessage)
    CHALLENGE_Begin                          0x20000200   Data           1  main.o(.bss.CHALLENGE_Begin)
    CHALLENGE_Begin_Time                     0x20000208   Data           8  main.o(.bss.CHALLENGE_Begin_Time)
    CHALLENGE_Begin_TxFlag                   0x20000210   Data           1  main.o(.bss.CHALLENGE_Begin_TxFlag)
    CHALLENGE_End_TxFlag                     0x20000211   Data           1  main.o(.bss.CHALLENGE_End_TxFlag)
    DEFEND_TO_OFFEND_TxFlag                  0x20000212   Data           1  main.o(.bss.DEFEND_TO_OFFEND_TxFlag)
    HeartBeat_Tx_Index                       0x20000218   Data           1  main.o(.bss.HeartBeat_Tx_Index)
    LAST_Status_Change_Time                  0x20000220   Data           8  main.o(.bss.LAST_Status_Change_Time)
    OFFEND_TO_DEFEND_TxFlag                  0x20000228   Data           1  main.o(.bss.OFFEND_TO_DEFEND_TxFlag)
    SELF_TEST_Begin                          0x20000229   Data           1  main.o(.bss.SELF_TEST_Begin)
    SELF_TEST_Begin_Time                     0x20000230   Data           8  main.o(.bss.SELF_TEST_Begin_Time)
    SELF_TEST_Begin_TxFlag                   0x20000238   Data           1  main.o(.bss.SELF_TEST_Begin_TxFlag)
    SELF_TEST_End_TxFlag                     0x20000239   Data           1  main.o(.bss.SELF_TEST_End_TxFlag)
    SOMETHING_IS_GOING                       0x2000023a   Data           1  main.o(.bss.SOMETHING_IS_GOING)
    Send_Buffer                              0x2000023c   Data         392  ws2812.o(.bss.Send_Buffer)
    USER_Systick                             0x200003c8   Data           8  main.o(.bss.USER_Systick)
    hdma_tim3_ch1                            0x200003d0   Data          96  tim.o(.bss.hdma_tim3_ch1)
    hfdcan1                                  0x20000430   Data         100  fdcan.o(.bss.hfdcan1)
    hfdcan2                                  0x20000494   Data         100  fdcan.o(.bss.hfdcan2)
    hfdcan3                                  0x200004f8   Data         100  fdcan.o(.bss.hfdcan3)
    htim3                                    0x2000055c   Data          76  tim.o(.bss.htim3)
    htim5                                    0x200005a8   Data          76  tim.o(.bss.htim5)
    htim6                                    0x200005f4   Data          76  tim.o(.bss.htim6)
    htim7                                    0x20000640   Data          76  tim.o(.bss.htim7)
    uwTick                                   0x2000068c   Data           4  stm32g4xx_hal.o(.bss.uwTick)



==============================================================================

Memory Map of the image

  Image Entry point : 0x080001d9

  Load Region LR_IROM1 (Base: 0x08000000, Size: 0x000040b0, Max: 0x00080000, ABSOLUTE)

    Execution Region ER_IROM1 (Exec base: 0x08000000, Load base: 0x08000000, Size: 0x00004044, Max: 0x00080000, ABSOLUTE)

    Exec Addr    Load Addr    Size         Type   Attr      Idx    E Section Name        Object

    0x08000000   0x08000000   0x000001d8   Data   RO            3    RESET               startup_stm32g474xx.o
    0x080001d8   0x080001d8   0x00000008   Code   RO         1267  * !!!main             c_w.l(__main.o)
    0x080001e0   0x080001e0   0x0000005c   Code   RO         1432    !!!scatter          c_w.l(__scatter.o)
    0x0800023c   0x0800023c   0x0000001a   Code   RO         1436    !!handler_copy      c_w.l(__scatter_copy.o)
    0x08000256   0x08000256   0x00000002   PAD
    0x08000258   0x08000258   0x00000002   Code   RO         1433    !!handler_null      c_w.l(__scatter.o)
    0x0800025a   0x0800025a   0x00000002   PAD
    0x0800025c   0x0800025c   0x0000001c   Code   RO         1438    !!handler_zi        c_w.l(__scatter_zi.o)
    0x08000278   0x08000278   0x00000002   Code   RO         1294    .ARM.Collect$$libinit$$00000000  c_w.l(libinit.o)
    0x0800027a   0x0800027a   0x00000004   Code   RO         1300    .ARM.Collect$$libinit$$00000001  c_w.l(libinit2.o)
    0x0800027e   0x0800027e   0x00000000   Code   RO         1303    .ARM.Collect$$libinit$$00000004  c_w.l(libinit2.o)
    0x0800027e   0x0800027e   0x00000000   Code   RO         1305    .ARM.Collect$$libinit$$00000006  c_w.l(libinit2.o)
    0x0800027e   0x0800027e   0x00000000   Code   RO         1308    .ARM.Collect$$libinit$$0000000C  c_w.l(libinit2.o)
    0x0800027e   0x0800027e   0x00000000   Code   RO         1310    .ARM.Collect$$libinit$$0000000E  c_w.l(libinit2.o)
    0x0800027e   0x0800027e   0x00000000   Code   RO         1312    .ARM.Collect$$libinit$$00000010  c_w.l(libinit2.o)
    0x0800027e   0x0800027e   0x00000000   Code   RO         1315    .ARM.Collect$$libinit$$00000013  c_w.l(libinit2.o)
    0x0800027e   0x0800027e   0x00000000   Code   RO         1317    .ARM.Collect$$libinit$$00000015  c_w.l(libinit2.o)
    0x0800027e   0x0800027e   0x00000000   Code   RO         1319    .ARM.Collect$$libinit$$00000017  c_w.l(libinit2.o)
    0x0800027e   0x0800027e   0x00000000   Code   RO         1321    .ARM.Collect$$libinit$$00000019  c_w.l(libinit2.o)
    0x0800027e   0x0800027e   0x00000000   Code   RO         1323    .ARM.Collect$$libinit$$0000001B  c_w.l(libinit2.o)
    0x0800027e   0x0800027e   0x00000000   Code   RO         1325    .ARM.Collect$$libinit$$0000001D  c_w.l(libinit2.o)
    0x0800027e   0x0800027e   0x00000000   Code   RO         1327    .ARM.Collect$$libinit$$0000001F  c_w.l(libinit2.o)
    0x0800027e   0x0800027e   0x00000000   Code   RO         1329    .ARM.Collect$$libinit$$00000021  c_w.l(libinit2.o)
    0x0800027e   0x0800027e   0x00000000   Code   RO         1331    .ARM.Collect$$libinit$$00000023  c_w.l(libinit2.o)
    0x0800027e   0x0800027e   0x00000000   Code   RO         1333    .ARM.Collect$$libinit$$00000025  c_w.l(libinit2.o)
    0x0800027e   0x0800027e   0x00000000   Code   RO         1335    .ARM.Collect$$libinit$$00000027  c_w.l(libinit2.o)
    0x0800027e   0x0800027e   0x00000000   Code   RO         1339    .ARM.Collect$$libinit$$0000002E  c_w.l(libinit2.o)
    0x0800027e   0x0800027e   0x00000000   Code   RO         1341    .ARM.Collect$$libinit$$00000030  c_w.l(libinit2.o)
    0x0800027e   0x0800027e   0x00000000   Code   RO         1343    .ARM.Collect$$libinit$$00000032  c_w.l(libinit2.o)
    0x0800027e   0x0800027e   0x00000000   Code   RO         1345    .ARM.Collect$$libinit$$00000034  c_w.l(libinit2.o)
    0x0800027e   0x0800027e   0x00000002   Code   RO         1346    .ARM.Collect$$libinit$$00000035  c_w.l(libinit2.o)
    0x08000280   0x08000280   0x00000002   Code   RO         1368    .ARM.Collect$$libshutdown$$00000000  c_w.l(libshutdown.o)
    0x08000282   0x08000282   0x00000000   Code   RO         1383    .ARM.Collect$$libshutdown$$00000002  c_w.l(libshutdown2.o)
    0x08000282   0x08000282   0x00000000   Code   RO         1385    .ARM.Collect$$libshutdown$$00000004  c_w.l(libshutdown2.o)
    0x08000282   0x08000282   0x00000000   Code   RO         1388    .ARM.Collect$$libshutdown$$00000007  c_w.l(libshutdown2.o)
    0x08000282   0x08000282   0x00000000   Code   RO         1391    .ARM.Collect$$libshutdown$$0000000A  c_w.l(libshutdown2.o)
    0x08000282   0x08000282   0x00000000   Code   RO         1393    .ARM.Collect$$libshutdown$$0000000C  c_w.l(libshutdown2.o)
    0x08000282   0x08000282   0x00000000   Code   RO         1396    .ARM.Collect$$libshutdown$$0000000F  c_w.l(libshutdown2.o)
    0x08000282   0x08000282   0x00000002   Code   RO         1397    .ARM.Collect$$libshutdown$$00000010  c_w.l(libshutdown2.o)
    0x08000284   0x08000284   0x00000000   Code   RO         1269    .ARM.Collect$$rtentry$$00000000  c_w.l(__rtentry.o)
    0x08000284   0x08000284   0x00000000   Code   RO         1271    .ARM.Collect$$rtentry$$00000002  c_w.l(__rtentry2.o)
    0x08000284   0x08000284   0x00000006   Code   RO         1283    .ARM.Collect$$rtentry$$00000004  c_w.l(__rtentry4.o)
    0x0800028a   0x0800028a   0x00000000   Code   RO         1273    .ARM.Collect$$rtentry$$00000009  c_w.l(__rtentry2.o)
    0x0800028a   0x0800028a   0x00000004   Code   RO         1274    .ARM.Collect$$rtentry$$0000000A  c_w.l(__rtentry2.o)
    0x0800028e   0x0800028e   0x00000000   Code   RO         1276    .ARM.Collect$$rtentry$$0000000C  c_w.l(__rtentry2.o)
    0x0800028e   0x0800028e   0x00000008   Code   RO         1277    .ARM.Collect$$rtentry$$0000000D  c_w.l(__rtentry2.o)
    0x08000296   0x08000296   0x00000002   Code   RO         1298    .ARM.Collect$$rtexit$$00000000  c_w.l(rtexit.o)
    0x08000298   0x08000298   0x00000000   Code   RO         1348    .ARM.Collect$$rtexit$$00000002  c_w.l(rtexit2.o)
    0x08000298   0x08000298   0x00000004   Code   RO         1349    .ARM.Collect$$rtexit$$00000003  c_w.l(rtexit2.o)
    0x0800029c   0x0800029c   0x00000006   Code   RO         1350    .ARM.Collect$$rtexit$$00000004  c_w.l(rtexit2.o)
    0x080002a2   0x080002a2   0x00000002   PAD
    0x080002a4   0x080002a4   0x00000040   Code   RO            4    .text               startup_stm32g474xx.o
    0x080002e4   0x080002e4   0x0000004e   Code   RO         1263    .text               c_w.l(rt_memclr_w.o)
    0x08000332   0x08000332   0x00000006   Code   RO         1265    .text               c_w.l(heapauxi.o)
    0x08000338   0x08000338   0x0000004a   Code   RO         1285    .text               c_w.l(sys_stackheap_outer.o)
    0x08000382   0x08000382   0x00000012   Code   RO         1287    .text               c_w.l(exit.o)
    0x08000394   0x08000394   0x00000008   Code   RO         1295    .text               c_w.l(libspace.o)
    0x0800039c   0x0800039c   0x0000000c   Code   RO         1358    .text               c_w.l(sys_exit.o)
    0x080003a8   0x080003a8   0x00000002   Code   RO         1373    .text               c_w.l(use_no_semi.o)
    0x080003aa   0x080003aa   0x00000000   Code   RO         1375    .text               c_w.l(indicate_semi.o)
    0x080003aa   0x080003aa   0x00000002   PAD
    0x080003ac   0x080003ac   0x00000002   Code   RO          134    .text.BusFault_Handler  stm32g4xx_it.o
    0x080003ae   0x080003ae   0x00000002   PAD
    0x080003b0   0x080003b0   0x0000000c   Code   RO          146    .text.DMA1_Channel1_IRQHandler  stm32g4xx_it.o
    0x080003bc   0x080003bc   0x00000002   Code   RO          140    .text.DebugMon_Handler  stm32g4xx_it.o
    0x080003be   0x080003be   0x00000002   PAD
    0x080003c0   0x080003c0   0x0000000a   Code   RO           15    .text.Error_Handler  main.o
    0x080003ca   0x080003ca   0x00000002   PAD
    0x080003cc   0x080003cc   0x0000000c   Code   RO          148    .text.FDCAN1_IT0_IRQHandler  stm32g4xx_it.o
    0x080003d8   0x080003d8   0x0000000c   Code   RO          150    .text.FDCAN1_IT1_IRQHandler  stm32g4xx_it.o
    0x080003e4   0x080003e4   0x000000a4   Code   RO         1215    .text.FDCAN1_Init   fdan_bsp.o
    0x08000488   0x08000488   0x0000000c   Code   RO          158    .text.FDCAN2_IT0_IRQHandler  stm32g4xx_it.o
    0x08000494   0x08000494   0x0000000c   Code   RO          160    .text.FDCAN2_IT1_IRQHandler  stm32g4xx_it.o
    0x080004a0   0x080004a0   0x000000a2   Code   RO         1217    .text.FDCAN2_Init   fdan_bsp.o
    0x08000542   0x08000542   0x00000002   PAD
    0x08000544   0x08000544   0x0000000c   Code   RO          162    .text.FDCAN3_IT0_IRQHandler  stm32g4xx_it.o
    0x08000550   0x08000550   0x0000000c   Code   RO          164    .text.FDCAN3_IT1_IRQHandler  stm32g4xx_it.o
    0x0800055c   0x0800055c   0x000000a4   Code   RO         1219    .text.FDCAN3_Init   fdan_bsp.o
    0x08000600   0x08000600   0x0000004c   Code   RO         1221    .text.FDCAN_SendData  fdan_bsp.o
    0x0800064c   0x0800064c   0x0000007e   Code   RO          614    .text.HAL_DMA_Abort_IT  stm32g4xx_hal_dma.o
    0x080006ca   0x080006ca   0x00000002   PAD
    0x080006cc   0x080006cc   0x0000009c   Code   RO          618    .text.HAL_DMA_IRQHandler  stm32g4xx_hal_dma.o
    0x08000768   0x08000768   0x00000122   Code   RO          604    .text.HAL_DMA_Init  stm32g4xx_hal_dma.o
    0x0800088a   0x0800088a   0x00000002   PAD
    0x0800088c   0x0800088c   0x000000e2   Code   RO          610    .text.HAL_DMA_Start_IT  stm32g4xx_hal_dma.o
    0x0800096e   0x0800096e   0x00000002   PAD
    0x08000970   0x08000970   0x00000028   Code   RO          330    .text.HAL_Delay     stm32g4xx_hal.o
    0x08000998   0x08000998   0x00000106   Code   RO          269    .text.HAL_FDCAN_ActivateNotification  stm32g4xx_hal_fdcan.o
    0x08000a9e   0x08000a9e   0x00000002   PAD
    0x08000aa0   0x08000aa0   0x000000b4   Code   RO          241    .text.HAL_FDCAN_AddMessageToTxFifoQ  stm32g4xx_hal_fdcan.o
    0x08000b54   0x08000b54   0x00000060   Code   RO          195    .text.HAL_FDCAN_ConfigFilter  stm32g4xx_hal_fdcan.o
    0x08000bb4   0x08000bb4   0x00000040   Code   RO          197    .text.HAL_FDCAN_ConfigGlobalFilter  stm32g4xx_hal_fdcan.o
    0x08000bf4   0x08000bf4   0x00000002   Code   RO          295    .text.HAL_FDCAN_ErrorCallback  stm32g4xx_hal_fdcan.o
    0x08000bf6   0x08000bf6   0x00000002   PAD
    0x08000bf8   0x08000bf8   0x00000002   Code   RO          293    .text.HAL_FDCAN_ErrorStatusCallback  stm32g4xx_hal_fdcan.o
    0x08000bfa   0x08000bfa   0x00000002   PAD
    0x08000bfc   0x08000bfc   0x00000106   Code   RO          247    .text.HAL_FDCAN_GetRxMessage  stm32g4xx_hal_fdcan.o
    0x08000d02   0x08000d02   0x00000002   PAD
    0x08000d04   0x08000d04   0x00000002   Code   RO          275    .text.HAL_FDCAN_HighPriorityMessageCallback  stm32g4xx_hal_fdcan.o
    0x08000d06   0x08000d06   0x00000002   PAD
    0x08000d08   0x08000d08   0x0000017a   Code   RO          273    .text.HAL_FDCAN_IRQHandler  stm32g4xx_hal_fdcan.o
    0x08000e82   0x08000e82   0x00000002   PAD
    0x08000e84   0x08000e84   0x000001f4   Code   RO          181    .text.HAL_FDCAN_Init  stm32g4xx_hal_fdcan.o
    0x08001078   0x08001078   0x000001ac   Code   RO           85    .text.HAL_FDCAN_MspInit  fdcan.o
    0x08001224   0x08001224   0x000000ea   Code   RO           19    .text.HAL_FDCAN_RxFifo0Callback  main.o
    0x0800130e   0x0800130e   0x00000002   PAD
    0x08001310   0x08001310   0x00000080   Code   RO           21    .text.HAL_FDCAN_RxFifo1Callback  main.o
    0x08001390   0x08001390   0x0000002c   Code   RO          239    .text.HAL_FDCAN_Start  stm32g4xx_hal_fdcan.o
    0x080013bc   0x080013bc   0x00000002   Code   RO          291    .text.HAL_FDCAN_TimeoutOccurredCallback  stm32g4xx_hal_fdcan.o
    0x080013be   0x080013be   0x00000002   PAD
    0x080013c0   0x080013c0   0x00000002   Code   RO          289    .text.HAL_FDCAN_TimestampWraparoundCallback  stm32g4xx_hal_fdcan.o
    0x080013c2   0x080013c2   0x00000002   PAD
    0x080013c4   0x080013c4   0x00000002   Code   RO          277    .text.HAL_FDCAN_TxBufferAbortCallback  stm32g4xx_hal_fdcan.o
    0x080013c6   0x080013c6   0x00000002   PAD
    0x080013c8   0x080013c8   0x00000002   Code   RO          287    .text.HAL_FDCAN_TxBufferCompleteCallback  stm32g4xx_hal_fdcan.o
    0x080013ca   0x080013ca   0x00000002   PAD
    0x080013cc   0x080013cc   0x00000002   Code   RO          279    .text.HAL_FDCAN_TxEventFifoCallback  stm32g4xx_hal_fdcan.o
    0x080013ce   0x080013ce   0x00000002   PAD
    0x080013d0   0x080013d0   0x00000002   Code   RO          285    .text.HAL_FDCAN_TxFifoEmptyCallback  stm32g4xx_hal_fdcan.o
    0x080013d2   0x080013d2   0x00000002   PAD
    0x080013d4   0x080013d4   0x000001a0   Code   RO          554    .text.HAL_GPIO_Init  stm32g4xx_hal_gpio.o
    0x08001574   0x08001574   0x0000000c   Code   RO          322    .text.HAL_GetTick   stm32g4xx_hal.o
    0x08001580   0x08001580   0x0000001a   Code   RO          320    .text.HAL_IncTick   stm32g4xx_hal.o
    0x0800159a   0x0800159a   0x00000002   PAD
    0x0800159c   0x0800159c   0x0000001e   Code   RO          310    .text.HAL_Init      stm32g4xx_hal.o
    0x080015ba   0x080015ba   0x00000002   PAD
    0x080015bc   0x080015bc   0x0000005a   Code   RO          312    .text.HAL_InitTick  stm32g4xx_hal.o
    0x08001616   0x08001616   0x00000002   PAD
    0x08001618   0x08001618   0x00000034   Code   RO          173    .text.HAL_MspInit   stm32g4xx_hal_msp.o
    0x0800164c   0x0800164c   0x00000022   Code   RO          780    .text.HAL_NVIC_EnableIRQ  stm32g4xx_hal_cortex.o
    0x0800166e   0x0800166e   0x00000002   PAD
    0x08001670   0x08001670   0x00000056   Code   RO          778    .text.HAL_NVIC_SetPriority  stm32g4xx_hal_cortex.o
    0x080016c6   0x080016c6   0x00000002   PAD
    0x080016c8   0x080016c8   0x00000020   Code   RO          776    .text.HAL_NVIC_SetPriorityGrouping  stm32g4xx_hal_cortex.o
    0x080016e8   0x080016e8   0x000000f2   Code   RO          696    .text.HAL_PWREx_ControlVoltageScaling  stm32g4xx_hal_pwr_ex.o
    0x080017da   0x080017da   0x00000002   PAD
    0x080017dc   0x080017dc   0x00000012   Code   RO          766    .text.HAL_PWREx_DisableUCPDDeadBattery  stm32g4xx_hal_pwr_ex.o
    0x080017ee   0x080017ee   0x00000002   PAD
    0x080017f0   0x080017f0   0x00000328   Code   RO          435    .text.HAL_RCCEx_PeriphCLKConfig  stm32g4xx_hal_rcc_ex.o
    0x08001b18   0x08001b18   0x00000312   Code   RO          401    .text.HAL_RCC_ClockConfig  stm32g4xx_hal_rcc.o
    0x08001e2a   0x08001e2a   0x00000002   PAD
    0x08001e2c   0x08001e2c   0x00000484   Code   RO          399    .text.HAL_RCC_OscConfig  stm32g4xx_hal_rcc.o
    0x080022b0   0x080022b0   0x0000002c   Code   RO          788    .text.HAL_SYSTICK_Config  stm32g4xx_hal_cortex.o
    0x080022dc   0x080022dc   0x00000002   Code   RO         1177    .text.HAL_TIMEx_Break2Callback  stm32g4xx_hal_tim_ex.o
    0x080022de   0x080022de   0x00000002   PAD
    0x080022e0   0x080022e0   0x00000002   Code   RO         1175    .text.HAL_TIMEx_BreakCallback  stm32g4xx_hal_tim_ex.o
    0x080022e2   0x080022e2   0x00000002   PAD
    0x080022e4   0x080022e4   0x00000002   Code   RO         1171    .text.HAL_TIMEx_CommutCallback  stm32g4xx_hal_tim_ex.o
    0x080022e6   0x080022e6   0x00000002   PAD
    0x080022e8   0x080022e8   0x00000002   Code   RO         1181    .text.HAL_TIMEx_DirectionChangeCallback  stm32g4xx_hal_tim_ex.o
    0x080022ea   0x080022ea   0x00000002   PAD
    0x080022ec   0x080022ec   0x00000002   Code   RO         1179    .text.HAL_TIMEx_EncoderIndexCallback  stm32g4xx_hal_tim_ex.o
    0x080022ee   0x080022ee   0x00000002   PAD
    0x080022f0   0x080022f0   0x00000002   Code   RO         1183    .text.HAL_TIMEx_IndexErrorCallback  stm32g4xx_hal_tim_ex.o
    0x080022f2   0x080022f2   0x00000002   PAD
    0x080022f4   0x080022f4   0x000000de   Code   RO         1121    .text.HAL_TIMEx_MasterConfigSynchronization  stm32g4xx_hal_tim_ex.o
    0x080023d2   0x080023d2   0x00000002   PAD
    0x080023d4   0x080023d4   0x00000002   Code   RO         1185    .text.HAL_TIMEx_TransitionErrorCallback  stm32g4xx_hal_tim_ex.o
    0x080023d6   0x080023d6   0x00000002   PAD
    0x080023d8   0x080023d8   0x00000062   Code   RO          826    .text.HAL_TIM_Base_Init  stm32g4xx_hal_tim.o
    0x0800243a   0x0800243a   0x00000002   PAD
    0x0800243c   0x0800243c   0x00000100   Code   RO          111    .text.HAL_TIM_Base_MspInit  tim.o
    0x0800253c   0x0800253c   0x000000b6   Code   RO          840    .text.HAL_TIM_Base_Start_IT  stm32g4xx_hal_tim.o
    0x080025f2   0x080025f2   0x00000002   PAD
    0x080025f4   0x080025f4   0x0000021c   Code   RO         1006    .text.HAL_TIM_ConfigClockSource  stm32g4xx_hal_tim.o
    0x08002810   0x08002810   0x00000002   Code   RO         1026    .text.HAL_TIM_ErrorCallback  stm32g4xx_hal_tim.o
    0x08002812   0x08002812   0x00000002   PAD
    0x08002814   0x08002814   0x00000002   Code   RO          962    .text.HAL_TIM_IC_CaptureCallback  stm32g4xx_hal_tim.o
    0x08002816   0x08002816   0x00000002   PAD
    0x08002818   0x08002818   0x000001c6   Code   RO          960    .text.HAL_TIM_IRQHandler  stm32g4xx_hal_tim.o
    0x080029de   0x080029de   0x00000002   PAD
    0x080029e0   0x080029e0   0x00000002   Code   RO          964    .text.HAL_TIM_OC_DelayElapsedCallback  stm32g4xx_hal_tim.o
    0x080029e2   0x080029e2   0x00000002   PAD
    0x080029e4   0x080029e4   0x000003ee   Code   RO          980    .text.HAL_TIM_PWM_ConfigChannel  stm32g4xx_hal_tim.o
    0x08002dd2   0x08002dd2   0x00000002   PAD
    0x08002dd4   0x08002dd4   0x00000062   Code   RO          880    .text.HAL_TIM_PWM_Init  stm32g4xx_hal_tim.o
    0x08002e36   0x08002e36   0x00000002   PAD
    0x08002e38   0x08002e38   0x00000002   Code   RO          882    .text.HAL_TIM_PWM_MspInit  stm32g4xx_hal_tim.o
    0x08002e3a   0x08002e3a   0x00000002   PAD
    0x08002e3c   0x08002e3c   0x00000002   Code   RO          966    .text.HAL_TIM_PWM_PulseFinishedCallback  stm32g4xx_hal_tim.o
    0x08002e3e   0x08002e3e   0x00000002   PAD
    0x08002e40   0x08002e40   0x00000002   Code   RO         1022    .text.HAL_TIM_PWM_PulseFinishedHalfCpltCallback  stm32g4xx_hal_tim.o
    0x08002e42   0x08002e42   0x00000002   PAD
    0x08002e44   0x08002e44   0x000002c0   Code   RO          896    .text.HAL_TIM_PWM_Start_DMA  stm32g4xx_hal_tim.o
    0x08003104   0x08003104   0x000000ec   Code   RO          898    .text.HAL_TIM_PWM_Stop_DMA  stm32g4xx_hal_tim.o
    0x080031f0   0x080031f0   0x00000108   Code   RO           17    .text.HAL_TIM_PeriodElapsedCallback  main.o
    0x080032f8   0x080032f8   0x00000002   Code   RO          970    .text.HAL_TIM_TriggerCallback  stm32g4xx_hal_tim.o
    0x080032fa   0x080032fa   0x00000002   PAD
    0x080032fc   0x080032fc   0x00000002   Code   RO          130    .text.HardFault_Handler  stm32g4xx_it.o
    0x080032fe   0x080032fe   0x00000002   PAD
    0x08003300   0x08003300   0x00000046   Code   RO           70    .text.MX_DMA_Init   dma.o
    0x08003346   0x08003346   0x00000002   PAD
    0x08003348   0x08003348   0x0000005a   Code   RO           79    .text.MX_FDCAN1_Init  fdcan.o
    0x080033a2   0x080033a2   0x00000002   PAD
    0x080033a4   0x080033a4   0x0000005a   Code   RO           81    .text.MX_FDCAN2_Init  fdcan.o
    0x080033fe   0x080033fe   0x00000002   PAD
    0x08003400   0x08003400   0x0000005a   Code   RO           83    .text.MX_FDCAN3_Init  fdcan.o
    0x0800345a   0x0800345a   0x00000002   PAD
    0x0800345c   0x0800345c   0x0000007a   Code   RO           62    .text.MX_GPIO_Init  gpio.o
    0x080034d6   0x080034d6   0x00000002   PAD
    0x080034d8   0x080034d8   0x0000010e   Code   RO          101    .text.MX_TIM3_Init  tim.o
    0x080035e6   0x080035e6   0x00000002   PAD
    0x080035e8   0x080035e8   0x00000082   Code   RO          105    .text.MX_TIM5_Init  tim.o
    0x0800366a   0x0800366a   0x00000002   PAD
    0x0800366c   0x0800366c   0x00000054   Code   RO          107    .text.MX_TIM6_Init  tim.o
    0x080036c0   0x080036c0   0x00000054   Code   RO          109    .text.MX_TIM7_Init  tim.o
    0x08003714   0x08003714   0x00000002   Code   RO          132    .text.MemManage_Handler  stm32g4xx_it.o
    0x08003716   0x08003716   0x00000002   PAD
    0x08003718   0x08003718   0x00000002   Code   RO          128    .text.NMI_Handler   stm32g4xx_it.o
    0x0800371a   0x0800371a   0x00000002   PAD
    0x0800371c   0x0800371c   0x00000002   Code   RO          142    .text.PendSV_Handler  stm32g4xx_it.o
    0x0800371e   0x0800371e   0x00000002   PAD
    0x08003720   0x08003720   0x00000002   Code   RO          138    .text.SVC_Handler   stm32g4xx_it.o
    0x08003722   0x08003722   0x00000002   PAD
    0x08003724   0x08003724   0x00000004   Code   RO          144    .text.SysTick_Handler  stm32g4xx_it.o
    0x08003728   0x08003728   0x00000012   Code   RO         1200    .text.SystemInit    system_stm32g4xx.o
    0x0800373a   0x0800373a   0x00000002   PAD
    0x0800373c   0x0800373c   0x0000000c   Code   RO          152    .text.TIM5_IRQHandler  stm32g4xx_it.o
    0x08003748   0x08003748   0x0000000c   Code   RO          154    .text.TIM6_DAC_IRQHandler  stm32g4xx_it.o
    0x08003754   0x08003754   0x0000000c   Code   RO          156    .text.TIM7_DAC_IRQHandler  stm32g4xx_it.o
    0x08003760   0x08003760   0x00000150   Code   RO          830    .text.TIM_Base_SetConfig  stm32g4xx_hal_tim.o
    0x080038b0   0x080038b0   0x00000068   Code   RO          874    .text.TIM_DMADelayPulseCplt  stm32g4xx_hal_tim.o
    0x08003918   0x08003918   0x00000038   Code   RO          876    .text.TIM_DMADelayPulseHalfCplt  stm32g4xx_hal_tim.o
    0x08003950   0x08003950   0x0000005c   Code   RO          850    .text.TIM_DMAError  stm32g4xx_hal_tim.o
    0x080039ac   0x080039ac   0x00000002   Code   RO          136    .text.UsageFault_Handler  stm32g4xx_it.o
    0x080039ae   0x080039ae   0x00000002   PAD
    0x080039b0   0x080039b0   0x0000002c   Code   RO         1249    .text.WS2812_NewRound_Send  ws2812.o
    0x080039dc   0x080039dc   0x00000120   Code   RO         1245    .text.WS2812_Set_Single_Color  ws2812.o
    0x08003afc   0x08003afc   0x00000480   Code   RO           11    .text.main          main.o
    0x08003f7c   0x08003f7c   0x0000001a   Code   RO         1356    x$fpl$fpinit        fz_wm.l(fpinit.o)
    0x08003f96   0x08003f96   0x00000010   Data   RO         1205    .rodata.AHBPrescTable  system_stm32g4xx.o
    0x08003fa6   0x08003fa6   0x0000003c   Data   RO         1239    .rodata.Color_Table  color.o
    0x08003fe2   0x08003fe2   0x00000010   Data   RO          301    .rodata.cst16       stm32g4xx_hal_fdcan.o
    0x08003ff2   0x08003ff2   0x00000002   PAD
    0x08003ff4   0x08003ff4   0x00000030   Data   RO         1046    .rodata.cst16       stm32g4xx_hal_tim.o
    0x08004024   0x08004024   0x00000020   Data   RO         1431    Region$$Table       anon$$obj.o


    Execution Region RW_IRAM1 (Exec base: 0x20000000, Load base: 0x08004048, Size: 0x00000c90, Max: 0x00020000, ABSOLUTE)

    Exec Addr    Load Addr    Size         Type   Attr      Idx    E Section Name        Object

    0x20000000   0x08004048   0x00000008   Data   RW           49    .data.CHALLENGE_Begin_TxData  main.o
    0x20000008   0x08004050   0x00000008   Data   RW           50    .data.CHALLENGE_End_TxData  main.o
    0x20000010   0x08004058   0x00000001   Data   RW           26    .data.CHASSIS_Enable  main.o
    0x20000011   0x08004059   0x00000008   Data   RW           46    .data.CHASSIS_TxData  main.o
    0x20000019   0x08004061   0x00000008   Data   RW           52    .data.DEFEND_TO_OFFEND_TxData  main.o
    0x20000021   0x08004069   0x00000001   Data   RW           24    .data.DRIBBLE_Enable  main.o
    0x20000022   0x0800406a   0x00000008   Data   RW           44    .data.DRIBBLE_TxData  main.o
    0x2000002a   0x08004072   0x00000001   Data   RW         1252    .data.High_CRR      ws2812.o
    0x2000002b   0x08004073   0x00000001   Data   RW         1253    .data.Low_CRR       ws2812.o
    0x2000002c   0x08004074   0x00000001   Data   RW           29    .data.OFFEND_OR_DEFEND_Status  main.o
    0x2000002d   0x08004075   0x00000008   Data   RW           51    .data.OFFEND_TO_DEFEND_TxData  main.o
    0x20000035   0x0800407d   0x00000001   Data   RW           25    .data.PUSHSHOT_Enable  main.o
    0x20000036   0x0800407e   0x00000008   Data   RW           45    .data.PUSHSHOT_TxData  main.o
    0x2000003e   0x08004086   0x00000008   Data   RW           47    .data.SELF_TEST_Begin_TxData  main.o
    0x20000046   0x0800408e   0x00000008   Data   RW           48    .data.SELF_TEST_End_TxData  main.o
    0x2000004e   0x08004096   0x00000002   PAD
    0x20000050   0x08004098   0x00000004   Data   RW         1204    .data.SystemCoreClock  system_stm32g4xx.o
    0x20000054   0x0800409c   0x00000001   Data   RW           23    .data.VISION_Enable  main.o
    0x20000055   0x0800409d   0x00000008   Data   RW           43    .data.VISION_TxData  main.o
    0x2000005d   0x080040a5   0x00000003   PAD
    0x20000060   0x080040a8   0x00000004   Data   RW          387    .data.uwTickFreq    stm32g4xx_hal.o
    0x20000064   0x080040ac   0x00000004   Data   RW          386    .data.uwTickPrio    stm32g4xx_hal.o
    0x20000068        -       0x00000060   Zero   RW         1296    .bss                c_w.l(libspace.o)
    0x200000c8        -       0x00000040   Zero   RW         1225    .bss.CAN1_RxData    fdan_bsp.o
    0x20000108        -       0x00000028   Zero   RW         1228    .bss.CAN1_RxMessage  fdan_bsp.o
    0x20000130        -       0x00000040   Zero   RW         1226    .bss.CAN2_RxData    fdan_bsp.o
    0x20000170        -       0x00000028   Zero   RW         1229    .bss.CAN2_RxMessage  fdan_bsp.o
    0x20000198        -       0x00000040   Zero   RW         1227    .bss.CAN3_RxData    fdan_bsp.o
    0x200001d8        -       0x00000028   Zero   RW         1230    .bss.CAN3_RxMessage  fdan_bsp.o
    0x20000200        -       0x00000001   Zero   RW           28    .bss.CHALLENGE_Begin  main.o
    0x20000201   0x080040b0   0x00000007   PAD
    0x20000208        -       0x00000008   Zero   RW           41    .bss.CHALLENGE_Begin_Time  main.o
    0x20000210        -       0x00000001   Zero   RW           33    .bss.CHALLENGE_Begin_TxFlag  main.o
    0x20000211        -       0x00000001   Zero   RW           34    .bss.CHALLENGE_End_TxFlag  main.o
    0x20000212        -       0x00000001   Zero   RW           36    .bss.DEFEND_TO_OFFEND_TxFlag  main.o
    0x20000213   0x080040b0   0x00000001   PAD
    0x20000214        -       0x00000004   Zero   RW           92    .bss.HAL_RCC_FDCAN_CLK_ENABLED  fdcan.o
    0x20000218        -       0x00000001   Zero   RW           38    .bss.HeartBeat_Tx_Index  main.o
    0x20000219   0x080040b0   0x00000007   PAD
    0x20000220        -       0x00000008   Zero   RW           42    .bss.LAST_Status_Change_Time  main.o
    0x20000228        -       0x00000001   Zero   RW           35    .bss.OFFEND_TO_DEFEND_TxFlag  main.o
    0x20000229        -       0x00000001   Zero   RW           27    .bss.SELF_TEST_Begin  main.o
    0x2000022a   0x080040b0   0x00000006   PAD
    0x20000230        -       0x00000008   Zero   RW           40    .bss.SELF_TEST_Begin_Time  main.o
    0x20000238        -       0x00000001   Zero   RW           31    .bss.SELF_TEST_Begin_TxFlag  main.o
    0x20000239        -       0x00000001   Zero   RW           32    .bss.SELF_TEST_End_TxFlag  main.o
    0x2000023a        -       0x00000001   Zero   RW           37    .bss.SOMETHING_IS_GOING  main.o
    0x2000023b   0x080040b0   0x00000001   PAD
    0x2000023c        -       0x00000188   Zero   RW         1251    .bss.Send_Buffer    ws2812.o
    0x200003c4   0x080040b0   0x00000004   PAD
    0x200003c8        -       0x00000008   Zero   RW           39    .bss.USER_Systick   main.o
    0x200003d0        -       0x00000060   Zero   RW          119    .bss.hdma_tim3_ch1  tim.o
    0x20000430        -       0x00000064   Zero   RW           89    .bss.hfdcan1        fdcan.o
    0x20000494        -       0x00000064   Zero   RW           90    .bss.hfdcan2        fdcan.o
    0x200004f8        -       0x00000064   Zero   RW           91    .bss.hfdcan3        fdcan.o
    0x2000055c        -       0x0000004c   Zero   RW          115    .bss.htim3          tim.o
    0x200005a8        -       0x0000004c   Zero   RW          116    .bss.htim5          tim.o
    0x200005f4        -       0x0000004c   Zero   RW          117    .bss.htim6          tim.o
    0x20000640        -       0x0000004c   Zero   RW          118    .bss.htim7          tim.o
    0x2000068c        -       0x00000004   Zero   RW          388    .bss.uwTick         stm32g4xx_hal.o
    0x20000690        -       0x00000200   Zero   RW            2    HEAP                startup_stm32g474xx.o
    0x20000890        -       0x00000400   Zero   RW            1    STACK               startup_stm32g474xx.o


==============================================================================

Image component sizes


      Code (inc. data)   RO Data    RW Data    ZI Data      Debug   Object Name

         0          0         60          0          0        594   color.o
        70          0          0          0          0       4127   dma.o
       566          0          0          0        312       5439   fdan_bsp.o
       698          0          0          0        304       9261   fdcan.o
       122          0          0          0          0       1699   gpio.o
      1788          8          0         85         42      11085   main.o
        64         26        472          0       1536        840   startup_stm32g474xx.o
       198          0          0          8          4       9535   stm32g4xx_hal.o
       196          0          0          0          0      11096   stm32g4xx_hal_cortex.o
       798          0          0          0          0       8868   stm32g4xx_hal_dma.o
      1804          0         16          0          0      22850   stm32g4xx_hal_fdcan.o
       416          0          0          0          0       5214   stm32g4xx_hal_gpio.o
        52          0          0          0          0       1761   stm32g4xx_hal_msp.o
       260          0          0          0          0       9304   stm32g4xx_hal_pwr_ex.o
      1942          0          0          0          0      10211   stm32g4xx_hal_rcc.o
       808          0          0          0          0      11087   stm32g4xx_hal_rcc_ex.o
      3920         26         48          0          0      62816   stm32g4xx_hal_tim.o
       236          0          0          0          0      30891   stm32g4xx_hal_tim_ex.o
       140          0          0          0          0       8004   stm32g4xx_it.o
        18          0         16          4          0       2789   system_stm32g4xx.o
       824          6          0          0        400      10980   tim.o
       332          4          0          2        392       6341   ws2812.o

    ----------------------------------------------------------------------
     15376         70        646        104       3016     244792   Object Totals
         0          0         32          0          0          0   (incl. Generated)
       124          0          2          5         26          0   (incl. Padding)

    ----------------------------------------------------------------------

      Code (inc. data)   RO Data    RW Data    ZI Data      Debug   Library Member Name

         8          0          0          0          0         68   __main.o
         0          0          0          0          0          0   __rtentry.o
        12          0          0          0          0          0   __rtentry2.o
         6          0          0          0          0          0   __rtentry4.o
        94          8          0          0          0          0   __scatter.o
        26          0          0          0          0          0   __scatter_copy.o
        28          0          0          0          0          0   __scatter_zi.o
        18          0          0          0          0         80   exit.o
         6          0          0          0          0        152   heapauxi.o
         0          0          0          0          0          0   indicate_semi.o
         2          0          0          0          0          0   libinit.o
         6          0          0          0          0          0   libinit2.o
         2          0          0          0          0          0   libshutdown.o
         2          0          0          0          0          0   libshutdown2.o
         8          4          0          0         96         68   libspace.o
        78          0          0          0          0         80   rt_memclr_w.o
         2          0          0          0          0          0   rtexit.o
        10          0          0          0          0          0   rtexit2.o
        12          4          0          0          0         68   sys_exit.o
        74          0          0          0          0         80   sys_stackheap_outer.o
         2          0          0          0          0         68   use_no_semi.o
        26          0          0          0          0        116   fpinit.o

    ----------------------------------------------------------------------
       430         16          0          0         96        780   Library Totals
         8          0          0          0          0          0   (incl. Padding)

    ----------------------------------------------------------------------

      Code (inc. data)   RO Data    RW Data    ZI Data      Debug   Library Name

       396         16          0          0         96        664   c_w.l
        26          0          0          0          0        116   fz_wm.l

    ----------------------------------------------------------------------
       430         16          0          0         96        780   Library Totals

    ----------------------------------------------------------------------

==============================================================================


      Code (inc. data)   RO Data    RW Data    ZI Data      Debug   

     15806         86        646        104       3112     245052   Grand Totals
     15806         86        646        104       3112     245052   ELF Image Totals
     15806         86        646        104          0          0   ROM Totals

==============================================================================

    Total RO  Size (Code + RO Data)                16452 (  16.07kB)
    Total RW  Size (RW Data + ZI Data)              3216 (   3.14kB)
    Total ROM Size (Code + RO Data + RW Data)      16556 (  16.17kB)

==============================================================================

