Component: Arm Compiler for Embedded 6.24 Tool: armlink [5f371500]

==============================================================================

Section Cross References

    startup_stm32g474xx.o(STACK) refers (Special) to heapauxi.o(.text) for __use_two_region_memory
    startup_stm32g474xx.o(HEAP) refers (Special) to heapauxi.o(.text) for __use_two_region_memory
    startup_stm32g474xx.o(RESET) refers (Special) to heapauxi.o(.text) for __use_two_region_memory
    startup_stm32g474xx.o(RESET) refers to startup_stm32g474xx.o(STACK) for __initial_sp
    startup_stm32g474xx.o(RESET) refers to startup_stm32g474xx.o(.text) for Reset_Handler
    startup_stm32g474xx.o(RESET) refers to stm32g4xx_it.o(.text.NMI_Handler) for NMI_Handler
    startup_stm32g474xx.o(RESET) refers to stm32g4xx_it.o(.text.HardFault_Handler) for HardFault_Handler
    startup_stm32g474xx.o(RESET) refers to stm32g4xx_it.o(.text.MemManage_Handler) for MemManage_Handler
    startup_stm32g474xx.o(RESET) refers to stm32g4xx_it.o(.text.BusFault_Handler) for BusFault_Handler
    startup_stm32g474xx.o(RESET) refers to stm32g4xx_it.o(.text.UsageFault_Handler) for UsageFault_Handler
    startup_stm32g474xx.o(RESET) refers to stm32g4xx_it.o(.text.SVC_Handler) for SVC_Handler
    startup_stm32g474xx.o(RESET) refers to stm32g4xx_it.o(.text.DebugMon_Handler) for DebugMon_Handler
    startup_stm32g474xx.o(RESET) refers to stm32g4xx_it.o(.text.PendSV_Handler) for PendSV_Handler
    startup_stm32g474xx.o(RESET) refers to stm32g4xx_it.o(.text.SysTick_Handler) for SysTick_Handler
    startup_stm32g474xx.o(RESET) refers to stm32g4xx_it.o(.text.DMA1_Channel1_IRQHandler) for DMA1_Channel1_IRQHandler
    startup_stm32g474xx.o(RESET) refers to stm32g4xx_it.o(.text.FDCAN1_IT0_IRQHandler) for FDCAN1_IT0_IRQHandler
    startup_stm32g474xx.o(RESET) refers to stm32g4xx_it.o(.text.FDCAN1_IT1_IRQHandler) for FDCAN1_IT1_IRQHandler
    startup_stm32g474xx.o(RESET) refers to stm32g4xx_it.o(.text.TIM5_IRQHandler) for TIM5_IRQHandler
    startup_stm32g474xx.o(RESET) refers to stm32g4xx_it.o(.text.TIM6_DAC_IRQHandler) for TIM6_DAC_IRQHandler
    startup_stm32g474xx.o(RESET) refers to stm32g4xx_it.o(.text.TIM7_DAC_IRQHandler) for TIM7_DAC_IRQHandler
    startup_stm32g474xx.o(RESET) refers to stm32g4xx_it.o(.text.FDCAN2_IT0_IRQHandler) for FDCAN2_IT0_IRQHandler
    startup_stm32g474xx.o(RESET) refers to stm32g4xx_it.o(.text.FDCAN2_IT1_IRQHandler) for FDCAN2_IT1_IRQHandler
    startup_stm32g474xx.o(RESET) refers to stm32g4xx_it.o(.text.FDCAN3_IT0_IRQHandler) for FDCAN3_IT0_IRQHandler
    startup_stm32g474xx.o(RESET) refers to stm32g4xx_it.o(.text.FDCAN3_IT1_IRQHandler) for FDCAN3_IT1_IRQHandler
    startup_stm32g474xx.o(.text) refers (Special) to heapauxi.o(.text) for __use_two_region_memory
    startup_stm32g474xx.o(.text) refers to system_stm32g4xx.o(.text.SystemInit) for SystemInit
    startup_stm32g474xx.o(.text) refers to __main.o(!!!main) for __main
    startup_stm32g474xx.o(.text) refers to startup_stm32g474xx.o(HEAP) for Heap_Mem
    startup_stm32g474xx.o(.text) refers to startup_stm32g474xx.o(STACK) for Stack_Mem
    main.o(.text.main) refers to stm32g4xx_hal.o(.text.HAL_Init) for HAL_Init
    main.o(.text.main) refers to main.o(.text.SystemClock_Config) for SystemClock_Config
    main.o(.text.main) refers to gpio.o(.text.MX_GPIO_Init) for MX_GPIO_Init
    main.o(.text.main) refers to dma.o(.text.MX_DMA_Init) for MX_DMA_Init
    main.o(.text.main) refers to fdcan.o(.text.MX_FDCAN1_Init) for MX_FDCAN1_Init
    main.o(.text.main) refers to fdcan.o(.text.MX_FDCAN2_Init) for MX_FDCAN2_Init
    main.o(.text.main) refers to fdcan.o(.text.MX_FDCAN3_Init) for MX_FDCAN3_Init
    main.o(.text.main) refers to tim.o(.text.MX_TIM3_Init) for MX_TIM3_Init
    main.o(.text.main) refers to tim.o(.text.MX_TIM7_Init) for MX_TIM7_Init
    main.o(.text.main) refers to tim.o(.text.MX_TIM6_Init) for MX_TIM6_Init
    main.o(.text.main) refers to tim.o(.text.MX_TIM5_Init) for MX_TIM5_Init
    main.o(.text.main) refers to main.o(.text.Peripherals_Init) for Peripherals_Init
    main.o(.text.main) refers to main.o(.bss.SYSTEM_INTERRUPT_FLAG) for SYSTEM_INTERRUPT_FLAG
    main.o(.text.main) refers to main.o(.bss.SELF_TEST_Begin) for SELF_TEST_Begin
    main.o(.text.main) refers to main.o(.bss.USER_Systick) for USER_Systick
    main.o(.text.main) refers to main.o(.bss.SELF_TEST_Begin_Time) for SELF_TEST_Begin_Time
    main.o(.text.main) refers to main.o(.bss.SELF_TEST_Begin_TxFlag) for SELF_TEST_Begin_TxFlag
    main.o(.text.main) refers to main.o(.bss.SELF_TEST_End_TxFlag) for SELF_TEST_End_TxFlag
    main.o(.text.main) refers to fdcan.o(.bss.hfdcan3) for hfdcan3
    main.o(.text.main) refers to main.o(.data.SELF_TEST_Begin_TxData) for SELF_TEST_Begin_TxData
    main.o(.text.main) refers to fdan_bsp.o(.text.FDCAN_SendData) for FDCAN_SendData
    main.o(.text.main) refers to stm32g4xx_hal.o(.text.HAL_Delay) for HAL_Delay
[...]
    [Anonymous Symbol]                       0x08000d20   Section        0  stm32g4xx_hal_dma.o(.text.HAL_DMA_Start_IT)
    [Anonymous Symbol]                       0x08000e1c   Section        0  stm32g4xx_hal.o(.text.HAL_Delay)
    [Anonymous Symbol]                       0x08000e60   Section        0  stm32g4xx_hal_fdcan.o(.text.HAL_FDCAN_ActivateNotification)
    [Anonymous Symbol]                       0x0800106c   Section        0  stm32g4xx_hal_fdcan.o(.text.HAL_FDCAN_AddMessageToTxFifoQ)
    [Anonymous Symbol]                       0x08001108   Section        0  stm32g4xx_hal_fdcan.o(.text.HAL_FDCAN_ConfigFilter)
    [Anonymous Symbol]                       0x080011c0   Section        0  stm32g4xx_hal_fdcan.o(.text.HAL_FDCAN_ConfigGlobalFilter)
    [Anonymous Symbol]                       0x08001228   Section        0  stm32g4xx_hal_fdcan.o(.text.HAL_FDCAN_ErrorCallback)
    [Anonymous Symbol]                       0x08001230   Section        0  stm32g4xx_hal_fdcan.o(.text.HAL_FDCAN_ErrorStatusCallback)
    [Anonymous Symbol]                       0x0800123c   Section        0  stm32g4xx_hal_fdcan.o(.text.HAL_FDCAN_GetRxMessage)
    [Anonymous Symbol]                       0x0800146c   Section        0  stm32g4xx_hal_fdcan.o(.text.HAL_FDCAN_HighPriorityMessageCallback)
    [Anonymous Symbol]                       0x08001474   Section        0  stm32g4xx_hal_fdcan.o(.text.HAL_FDCAN_IRQHandler)
    [Anonymous Symbol]                       0x0800172c   Section        0  stm32g4xx_hal_fdcan.o(.text.HAL_FDCAN_Init)
    [Anonymous Symbol]                       0x080019f8   Section        0  fdcan.o(.text.HAL_FDCAN_MspInit)
    [Anonymous Symbol]                       0x08001c78   Section        0  main.o(.text.HAL_FDCAN_RxFifo0Callback)
    [Anonymous Symbol]                       0x08001dfc   Section        0  main.o(.text.HAL_FDCAN_RxFifo1Callback)
    [Anonymous Symbol]                       0x08001ec8   Section        0  stm32g4xx_hal_fdcan.o(.text.HAL_FDCAN_Start)
    [Anonymous Symbol]                       0x08001f14   Section        0  stm32g4xx_hal_fdcan.o(.text.HAL_FDCAN_TimeoutOccurredCallback)
    [Anonymous Symbol]                       0x08001f1c   Section        0  stm32g4xx_hal_fdcan.o(.text.HAL_FDCAN_TimestampWraparoundCallback)
    [Anonymous Symbol]                       0x08001f24   Section        0  stm32g4xx_hal_fdcan.o(.text.HAL_FDCAN_TxBufferAbortCallback)
    [Anonymous Symbol]                       0x08001f30   Section        0  stm32g4xx_hal_fdcan.o(.text.HAL_FDCAN_TxBufferCompleteCallback)
    [Anonymous Symbol]                       0x08001f3c   Section        0  stm32g4xx_hal_fdcan.o(.text.HAL_FDCAN_TxEventFifoCallback)
    [Anonymous Symbol]                       0x08001f48   Section        0  stm32g4xx_hal_fdcan.o(.text.HAL_FDCAN_TxFifoEmptyCallback)
    [Anonymous Symbol]                       0x08001f50   Section        0  stm32g4xx_hal_gpio.o(.text.HAL_GPIO_Init)
    [Anonymous Symbol]                       0x080022b8   Section        0  stm32g4xx_hal.o(.text.HAL_GetTick)
    [Anonymous Symbol]                       0x080022c4   Section        0  stm32g4xx_hal.o(.text.HAL_IncTick)
    [Anonymous Symbol]                       0x080022e0   Section        0  stm32g4xx_hal.o(.text.HAL_Init)
    [Anonymous Symbol]                       0x08002310   Section        0  stm32g4xx_hal.o(.text.HAL_InitTick)
    [Anonymous Symbol]                       0x08002398   Section        0  stm32g4xx_hal_msp.o(.text.HAL_MspInit)
    [Anonymous Symbol]                       0x080023e0   Section        0  stm32g4xx_hal_cortex.o(.text.HAL_NVIC_EnableIRQ)
    [Anonymous Symbol]                       0x080023f4   Section        0  stm32g4xx_hal_cortex.o(.text.HAL_NVIC_SetPriority)
    [Anonymous Symbol]                       0x08002424   Section        0  stm32g4xx_hal_cortex.o(.text.HAL_NVIC_SetPriorityGrouping)
    [Anonymous Symbol]                       0x08002434   Section        0  stm32g4xx_hal_pwr_ex.o(.text.HAL_PWREx_ControlVoltageScaling)
    [Anonymous Symbol]                       0x080025e8   Section        0  stm32g4xx_hal_pwr_ex.o(.text.HAL_PWREx_DisableUCPDDeadBattery)
    [Anonymous Symbol]                       0x080025fc   Section        0  stm32g4xx_hal_rcc_ex.o(.text.HAL_RCCEx_PeriphCLKConfig)
    [Anonymous Symbol]                       0x08002b20   Section        0  stm32g4xx_hal_rcc.o(.text.HAL_RCC_ClockConfig)
    [Anonymous Symbol]                       0x08002e48   Section        0  stm32g4xx_hal_rcc.o(.text.HAL_RCC_GetSysClockFreq)
    [Anonymous Symbol]                       0x08002f44   Section        0  stm32g4xx_hal_rcc.o(.text.HAL_RCC_OscConfig)
    [Anonymous Symbol]                       0x080036fc   Section        0  stm32g4xx_hal_cortex.o(.text.HAL_SYSTICK_Config)
    [Anonymous Symbol]                       0x0800370c   Section        0  stm32g4xx_hal_tim_ex.o(.text.HAL_TIMEx_Break2Callback)
    [Anonymous Symbol]                       0x08003714   Section        0  stm32g4xx_hal_tim_ex.o(.text.HAL_TIMEx_BreakCallback)
    [Anonymous Symbol]                       0x0800371c   Section        0  stm32g4xx_hal_tim_ex.o(.text.HAL_TIMEx_CommutCallback)
    [Anonymous Symbol]                       0x08003724   Section        0  stm32g4xx_hal_tim_ex.o(.text.HAL_TIMEx_DirectionChangeCallback)
    [Anonymous Symbol]                       0x0800372c   Section        0  stm32g4xx_hal_tim_ex.o(.text.HAL_TIMEx_EncoderIndexCallback)
    [Anonymous Symbol]                       0x08003734   Section        0  stm32g4xx_hal_tim_ex.o(.text.HAL_TIMEx_IndexErrorCallback)
    [Anonymous Symbol]                       0x0800373c   Section        0  stm32g4xx_hal_tim_ex.o(.text.HAL_TIMEx_MasterConfigSynchronization)
    [Anonymous Symbol]                       0x080038b0   Section        0  stm32g4xx_hal_tim_ex.o(.text.HAL_TIMEx_TransitionErrorCallback)
    [Anonymous Symbol]                       0x080038b8   Section        0  stm32g4xx_hal_tim.o(.text.HAL_TIM_Base_Init)
    [Anonymous Symbol]                       0x08003960   Section        0  tim.o(.text.HAL_TIM_Base_MspInit)
    [Anonymous Symbol]                       0x08003ac8   Section        0  stm32g4xx_hal_tim.o(.text.HAL_TIM_Base_Start_IT)
    [Anonymous Symbol]                       0x08003bd0   Section        0  stm32g4xx_hal_tim.o(.text.HAL_TIM_ConfigClockSource)
    [Anonymous Symbol]                       0x08003dcc   Section        0  stm32g4xx_hal_tim.o(.text.HAL_TIM_ErrorCallback)
    [Anonymous Symbol]                       0x08003dd4   Section        0  stm32g4xx_hal_tim.o(.text.HAL_TIM_IC_CaptureCallback)
    [Anonymous Symbol]                       0x08003ddc   Section        0  stm32g4xx_hal_tim.o(.text.HAL_TIM_IRQHandler)
    [Anonymous Symbol]                       0x080040dc   Section        0  tim.o(.text.HAL_TIM_MspPostInit)
    [Anonymous Symbol]                       0x08004144   Section        0  stm32g4xx_hal_tim.o(.text.HAL_TIM_OC_DelayElapsedCallback)
    [Anonymous Symbol]                       0x0800414c   Section        0  stm32g4xx_hal_tim.o(.text.HAL_TIM_PWM_ConfigChannel)
    [Anonymous Symbol]                       0x080042fc   Section        0  stm32g4xx_hal_tim.o(.text.HAL_TIM_PWM_Init)
    [Anonymous Symbol]                       0x080043a4   Section        0  stm32g4xx_hal_tim.o(.text.HAL_TIM_PWM_MspInit)
    [Anonymous Symbol]                       0x080043ac   Section        0  stm32g4xx_hal_tim.o(.text.HAL_TIM_PWM_PulseFinishedCallback)
    [Anonymous Symbol]                       0x080043b4   Section        0  stm32g4xx_hal_tim.o(.text.HAL_TIM_PWM_PulseFinishedHalfCpltCallback)
    [Anonymous Symbol]                       0x080043bc   Section        0  stm32g4xx_hal_tim.o(.text.HAL_TIM_PWM_Start_DMA)
    [Anonymous Symbol]                       0x08004894   Section        0  stm32g4xx_hal_tim.o(.text.HAL_TIM_PWM_Stop_DMA)
    [Anonymous Symbol]                       0x08004abc   Section        0  main.o(.text.HAL_TIM_PeriodElapsedCallback)
    [Anonymous Symbol]                       0x08004c20   Section        0  stm32g4xx_hal_tim.o(.text.HAL_TIM_TriggerCallback)
    [Anonymous Symbol]                       0x08004c28   Section        0  stm32g4xx_it.o(.text.HardFault_Handler)
    [Anonymous Symbol]                       0x08004c2c   Section        0  dma.o(.text.MX_DMA_Init)
    [Anonymous Symbol]                       0x08004c84   Section        0  fdcan.o(.text.MX_FDCAN1_Init)
    [Anonymous Symbol]                       0x08004cec   Section        0  fdcan.o(.text.MX_FDCAN2_Init)
    [Anonymous Symbol]                       0x08004d54   Section        0  fdcan.o(.text.MX_FDCAN3_Init)
    [Anonymous Symbol]                       0x08004dbc   Section        0  gpio.o(.text.MX_GPIO_Init)
    [Anonymous Symbol]                       0x08004e78   Section        0  tim.o(.text.MX_TIM3_Init)
    [Anonymous Symbol]                       0x08004f50   Section        0  tim.o(.text.MX_TIM5_Init)
    [Anonymous Symbol]                       0x08004fdc   Section        0  tim.o(.text.MX_TIM6_Init)
    [Anonymous Symbol]                       0x08005038   Section        0  tim.o(.text.MX_TIM7_Init)
    [Anonymous Symbol]                       0x08005094   Section        0  stm32g4xx_it.o(.text.MemManage_Handler)
    [Anonymous Symbol]                       0x08005098   Section        0  stm32g4xx_it.o(.text.NMI_Handler)
    NVIC_EncodePriority                      0x0800509d   Thumb Code   108  stm32g4xx_hal_cortex.o(.text.NVIC_EncodePriority)
    [Anonymous Symbol]                       0x0800509c   Section        0  stm32g4xx_hal_cortex.o(.text.NVIC_EncodePriority)
    [Anonymous Symbol]                       0x08005108   Section        0  stm32g4xx_it.o(.text.PendSV_Handler)
    [Anonymous Symbol]                       0x0800510c   Section        0  main.o(.text.Peripherals_Init)
    RCC_GetSysClockFreqFromPLLSource         0x08005159   Thumb Code   156  stm32g4xx_hal_rcc.o(.text.RCC_GetSysClockFreqFromPLLSource)
    [Anonymous Symbol]                       0x08005158   Section        0  stm32g4xx_hal_rcc.o(.text.RCC_GetSysClockFreqFromPLLSource)
    [Anonymous Symbol]                       0x080051f4   Section        0  main.o(.text.Reset_All_Task_Flags)
    [Anonymous Symbol]                       0x08005254   Section        0  stm32g4xx_it.o(.text.SVC_Handler)
    SysTick_Config                           0x08005259   Thumb Code    82  stm32g4xx_hal_cortex.o(.text.SysTick_Config)
    [Anonymous Symbol]                       0x08005258   Section        0  stm32g4xx_hal_cortex.o(.text.SysTick_Config)
    [Anonymous Symbol]                       0x080052ac   Section        0  stm32g4xx_it.o(.text.SysTick_Handler)
    [Anonymous Symbol]                       0x080052b4   Section        0  main.o(.text.SystemClock_Config)
    [Anonymous Symbol]                       0x08005328   Section        0  system_stm32g4xx.o(.text.SystemInit)
    [Anonymous Symbol]                       0x0800533c   Section        0  stm32g4xx_it.o(.text.TIM5_IRQHandler)
    [Anonymous Symbol]                       0x0800534c   Section        0  stm32g4xx_it.o(.text.TIM6_DAC_IRQHandler)
    [Anonymous Symbol]                       0x0800535c   Section        0  stm32g4xx_it.o(.text.TIM7_DAC_IRQHandler)
    [Anonymous Symbol]                       0x0800536c   Section        0  stm32g4xx_hal_tim.o(.text.TIM_Base_SetConfig)
    [Anonymous Symbol]                       0x08005554   Section        0  stm32g4xx_hal_tim.o(.text.TIM_CCxChannelCmd)
    TIM_DMADelayPulseCplt                    0x0800558d   Thumb Code   188  stm32g4xx_hal_tim.o(.text.TIM_DMADelayPulseCplt)
    [Anonymous Symbol]                       0x0800558c   Section        0  stm32g4xx_hal_tim.o(.text.TIM_DMADelayPulseCplt)
    [Anonymous Symbol]                       0x08005648   Section        0  stm32g4xx_hal_tim.o(.text.TIM_DMADelayPulseHalfCplt)
    [Anonymous Symbol]                       0x080056bc   Section        0  stm32g4xx_hal_tim.o(.text.TIM_DMAError)
    [Anonymous Symbol]                       0x08005758   Section        0  stm32g4xx_hal_tim.o(.text.TIM_ETR_SetConfig)
    TIM_ITRx_SetConfig                       0x0800578d   Thumb Code    48  stm32g4xx_hal_tim.o(.text.TIM_ITRx_SetConfig)
    [Anonymous Symbol]                       0x0800578c   Section        0  stm32g4xx_hal_tim.o(.text.TIM_ITRx_SetConfig)
    TIM_OC1_SetConfig                        0x080057bd   Thumb Code   372  stm32g4xx_hal_tim.o(.text.TIM_OC1_SetConfig)
    [Anonymous Symbol]                       0x080057bc   Section        0  stm32g4xx_hal_tim.o(.text.TIM_OC1_SetConfig)
    [Anonymous Symbol]                       0x08005930   Section        0  stm32g4xx_hal_tim.o(.text.TIM_OC2_SetConfig)
    TIM_OC3_SetConfig                        0x08005ac1   Thumb Code   398  stm32g4xx_hal_tim.o(.text.TIM_OC3_SetConfig)
    [Anonymous Symbol]                       0x08005ac0   Section        0  stm32g4xx_hal_tim.o(.text.TIM_OC3_SetConfig)
    TIM_OC4_SetConfig                        0x08005c51   Thumb Code   400  stm32g4xx_hal_tim.o(.text.TIM_OC4_SetConfig)
    [Anonymous Symbol]                       0x08005c50   Section        0  stm32g4xx_hal_tim.o(.text.TIM_OC4_SetConfig)
    TIM_OC5_SetConfig                        0x08005de1   Thumb Code   226  stm32g4xx_hal_tim.o(.text.TIM_OC5_SetConfig)
    [Anonymous Symbol]                       0x08005de0   Section        0  stm32g4xx_hal_tim.o(.text.TIM_OC5_SetConfig)
    TIM_OC6_SetConfig                        0x08005ec5   Thumb Code   228  stm32g4xx_hal_tim.o(.text.TIM_OC6_SetConfig)
    [Anonymous Symbol]                       0x08005ec4   Section        0  stm32g4xx_hal_tim.o(.text.TIM_OC6_SetConfig)
    TIM_TI1_ConfigInputStage                 0x08005fa9   Thumb Code    80  stm32g4xx_hal_tim.o(.text.TIM_TI1_ConfigInputStage)
    [Anonymous Symbol]                       0x08005fa8   Section        0  stm32g4xx_hal_tim.o(.text.TIM_TI1_ConfigInputStage)
    TIM_TI2_ConfigInputStage                 0x08005ff9   Thumb Code    82  stm32g4xx_hal_tim.o(.text.TIM_TI2_ConfigInputStage)
    [Anonymous Symbol]                       0x08005ff8   Section        0  stm32g4xx_hal_tim.o(.text.TIM_TI2_ConfigInputStage)
    [Anonymous Symbol]                       0x0800604c   Section        0  stm32g4xx_it.o(.text.UsageFault_Handler)
    [Anonymous Symbol]                       0x08006050   Section        0  ws2812.o(.text.WS2812_Append_Reset)
    [Anonymous Symbol]                       0x08006088   Section        0  ws2812.o(.text.WS2812_NewRound_Send)
    [Anonymous Symbol]                       0x080060b4   Section        0  ws2812.o(.text.WS2812_Set_Single_Color)
    __NVIC_EnableIRQ                         0x08006289   Thumb Code    48  stm32g4xx_hal_cortex.o(.text.__NVIC_EnableIRQ)
    [Anonymous Symbol]                       0x08006288   Section        0  stm32g4xx_hal_cortex.o(.text.__NVIC_EnableIRQ)
    __NVIC_GetPriorityGrouping               0x080062b9   Thumb Code    16  stm32g4xx_hal_cortex.o(.text.__NVIC_GetPriorityGrouping)
    [Anonymous Symbol]                       0x080062b8   Section        0  stm32g4xx_hal_cortex.o(.text.__NVIC_GetPriorityGrouping)
    __NVIC_SetPriority                       0x080062c9   Thumb Code    66  stm32g4xx_hal_cortex.o(.text.__NVIC_SetPriority)
    [Anonymous Symbol]                       0x080062c8   Section        0  stm32g4xx_hal_cortex.o(.text.__NVIC_SetPriority)
    __NVIC_SetPriorityGrouping               0x0800630d   Thumb Code    60  stm32g4xx_hal_cortex.o(.text.__NVIC_SetPriorityGrouping)
    [Anonymous Symbol]                       0x0800630c   Section        0  stm32g4xx_hal_cortex.o(.text.__NVIC_SetPriorityGrouping)
    [Anonymous Symbol]                       0x08006348   Section        0  main.o(.text.main)
    $v0                                      0x08006844   Number         0  fpinit.o(x$fpl$fpinit)
    x$fpl$fpinit                             0x08006844   Section       26  fpinit.o(x$fpl$fpinit)
    DLCtoBytes                               0x080068aa   Data          16  stm32g4xx_hal_fdcan.o(.rodata.DLCtoBytes)
    [Anonymous Symbol]                       0x080068aa   Section        0  stm32g4xx_hal_fdcan.o(.rodata.DLCtoBytes)
    .bss                                     0x20000020   Section       96  libspace.o(.bss)
    HAL_RCC_FDCAN_CLK_ENABLED                0x200001cc   Data           4  fdcan.o(.bss.HAL_RCC_FDCAN_CLK_ENABLED)
    [Anonymous Symbol]                       0x200001cc   Section        0  fdcan.o(.bss.HAL_RCC_FDCAN_CLK_ENABLED)
    Heap_Mem                                 0x20000648   Data         512  startup_stm32g474xx.o(HEAP)
    HEAP                                     0x20000648   Section      512  startup_stm32g474xx.o(HEAP)
    Stack_Mem                                0x20000848   Data        1024  startup_stm32g474xx.o(STACK)
    STACK                                    0x20000848   Section     1024  startup_stm32g474xx.o(STACK)
    __initial_sp                             0x20000c48   Data           0  startup_stm32g474xx.o(STACK)

    Global Symbols

    Symbol Name                              Value     Ov Type        Size  Object(Section)

    BuildAttributes$$THM_ISAv4$E$P$D$K$B$S$7EM$VFPi3$EXTD16$VFPS$VFMA$PE$A:L22UL41UL21$X:L11$S22US41US21$IEEE1$IW$~IW$USESV6$~STKCKD$USESV7$~SHL$OSPACE$ROPI$EBA8$UX$STANDARDLIB$REQ8$PRES8$EABIv2 0x00000000   Number         0  anon$$obj.o ABSOLUTE
    __ARM_exceptions_init                     - Undefined Weak Reference
    __alloca_initialize                       - Undefined Weak Reference
    __arm_preinit_                            - Undefined Weak Reference
    __arm_relocate_pie_                       - Undefined Weak Reference
    __cpp_initialize__aeabi_                  - Undefined Weak Reference
    __cxa_finalize                            - Undefined Weak Reference
    __rt_locale                               - Undefined Weak Reference
    __sigvec_lookup                           - Undefined Weak Reference
    _atexit_init                              - Undefined Weak Reference
    _call_atexit_fns                          - Undefined Weak Reference
    _clock_init                               - Undefined Weak Reference
    _fp_trap_init                             - Undefined Weak Reference
    _fp_trap_shutdown                         - Undefined Weak Reference
    _get_lc_collate                           - Undefined Weak Reference
    _get_lc_ctype                             - Undefined Weak Reference
    _get_lc_monetary                          - Undefined Weak Reference
    _get_lc_numeric                           - Undefined Weak Reference
    _get_lc_time                              - Undefined Weak Reference
    _getenv_init                              - Undefined Weak Reference
    _handle_redirection                       - Undefined Weak Reference
    _init_alloc                               - Undefined Weak Reference
    _init_user_alloc                          - Undefined Weak Reference
    _initio                                   - Undefined Weak Reference
    _rand_init                                - Undefined Weak Reference
    _signal_finish                            - Undefined Weak Reference
    _signal_init                              - Undefined Weak Reference
    _terminate_alloc                          - Undefined Weak Reference
    _terminate_user_alloc                     - Undefined Weak Reference
    _terminateio                              - Undefined Weak Reference
    __Vectors_Size                           0x000001d8   Number         0  startup_stm32g474xx.o ABSOLUTE
    __Vectors                                0x08000000   Data           4  startup_stm32g474xx.o(RESET)
    __Vectors_End                            0x080001d8   Data           0  startup_stm32g474xx.o(RESET)
    __main                                   0x080001d9   Thumb Code     8  __main.o(!!!main)
    __scatterload                            0x080001e1   Thumb Code     0  __scatter.o(!!!scatter)
    __scatterload_rt2                        0x080001e1   Thumb Code    84  __scatter.o(!!!scatter)
    __scatterload_rt2_thumb_only             0x080001e1   Thumb Code     0  __scatter.o(!!!scatter)
    __scatterload_loop                       0x080001eb   Thumb Code     0  __scatter.o(!!!scatter)
    __scatterload_copy                       0x0800023d   Thumb Code    26  __scatter_copy.o(!!handler_copy)
    __scatterload_null                       0x08000259   Thumb Code     2  __scatter.o(!!handler_null)
    __scatterload_zeroinit                   0x0800025d   Thumb Code    28  __scatter_zi.o(!!handler_zi)
    __rt_lib_init                            0x08000279   Thumb Code     0  libinit.o(.ARM.Collect$$libinit$$00000000)
    __rt_lib_init_fp_1                       0x0800027b   Thumb Code     0  libinit2.o(.ARM.Collect$$libinit$$00000001)
    __rt_lib_init_alloca_1                   0x0800027f   Thumb Code     0  libinit2.o(.ARM.Collect$$libinit$$00000030)
    __rt_lib_init_argv_1                     0x0800027f   Thumb Code     0  libinit2.o(.ARM.Collect$$libinit$$0000002E)
    __rt_lib_init_atexit_1                   0x0800027f   Thumb Code     0  libinit2.o(.ARM.Collect$$libinit$$0000001D)
    __rt_lib_init_clock_1                    0x0800027f   Thumb Code     0  libinit2.o(.ARM.Collect$$libinit$$00000023)
    __rt_lib_init_cpp_1                      0x0800027f   Thumb Code     0  libinit2.o(.ARM.Collect$$libinit$$00000034)
    __rt_lib_init_exceptions_1               0x0800027f   Thumb Code     0  libinit2.o(.ARM.Collect$$libinit$$00000032)
    __rt_lib_init_fp_trap_1                  0x0800027f   Thumb Code     0  libinit2.o(.ARM.Collect$$libinit$$00000021)
    __rt_lib_init_getenv_1                   0x0800027f   Thumb Code     0  libinit2.o(.ARM.Collect$$libinit$$00000025)
    __rt_lib_init_heap_1                     0x0800027f   Thumb Code     0  libinit2.o(.ARM.Collect$$libinit$$0000000C)
    __rt_lib_init_lc_collate_1               0x0800027f   Thumb Code     0  libinit2.o(.ARM.Collect$$libinit$$00000013)
    __rt_lib_init_lc_ctype_1                 0x0800027f   Thumb Code     0  libinit2.o(.ARM.Collect$$libinit$$00000015)
    __rt_lib_init_lc_monetary_1              0x0800027f   Thumb Code     0  libinit2.o(.ARM.Collect$$libinit$$00000017)
    __rt_lib_init_lc_numeric_1               0x0800027f   Thumb Code     0  libinit2.o(.ARM.Collect$$libinit$$00000019)
    __rt_lib_init_lc_time_1                  0x0800027f   Thumb Code     0  libinit2.o(.ARM.Collect$$libinit$$0000001B)
    __rt_lib_init_preinit_1                  0x0800027f   Thumb Code     0  libinit2.o(.ARM.Collect$$libinit$$00000006)
    __rt_lib_init_rand_1                     0x0800027f   Thumb Code     0  libinit2.o(.ARM.Collect$$libinit$$00000010)
    __rt_lib_init_relocate_pie_1             0x0800027f   Thumb Code     0  libinit2.o(.ARM.Collect$$libinit$$00000004)
    __rt_lib_init_return                     0x0800027f   Thumb Code     0  libinit2.o(.ARM.Collect$$libinit$$00000035)
    __rt_lib_init_signal_1                   0x0800027f   Thumb Code     0  libinit2.o(.ARM.Collect$$libinit$$0000001F)
    __rt_lib_init_stdio_1                    0x0800027f   Thumb Code     0  libinit2.o(.ARM.Collect$$libinit$$00000027)
    __rt_lib_init_user_alloc_1               0x0800027f   Thumb Code     0  libinit2.o(.ARM.Collect$$libinit$$0000000E)
    __rt_lib_shutdown                        0x08000281   Thumb Code     0  libshutdown.o(.ARM.Collect$$libshutdown$$00000000)
    __rt_lib_shutdown_cpp_1                  0x08000283   Thumb Code     0  libshutdown2.o(.ARM.Collect$$libshutdown$$00000002)
    __rt_lib_shutdown_fp_trap_1              0x08000283   Thumb Code     0  libshutdown2.o(.ARM.Collect$$libshutdown$$00000007)
    __rt_lib_shutdown_heap_1                 0x08000283   Thumb Code     0  libshutdown2.o(.ARM.Collect$$libshutdown$$0000000F)
    __rt_lib_shutdown_return                 0x08000283   Thumb Code     0  libshutdown2.o(.ARM.Collect$$libshutdown$$00000010)
    __rt_lib_shutdown_signal_1               0x08000283   Thumb Code     0  libshutdown2.o(.ARM.Collect$$libshutdown$$0000000A)
    __rt_lib_shutdown_stdio_1                0x08000283   Thumb Code     0  libshutdown2.o(.ARM.Collect$$libshutdown$$00000004)
    __rt_lib_shutdown_user_alloc_1           0x08000283   Thumb Code     0  libshutdown2.o(.ARM.Collect$$libshutdown$$0000000C)
    __rt_entry                               0x08000285   Thumb Code     0  __rtentry.o(.ARM.Collect$$rtentry$$00000000)
    __rt_entry_presh_1                       0x08000285   Thumb Code     0  __rtentry2.o(.ARM.Collect$$rtentry$$00000002)
    __rt_entry_sh                            0x08000285   Thumb Code     0  __rtentry4.o(.ARM.Collect$$rtentry$$00000004)
    __rt_entry_li                            0x0800028b   Thumb Code     0  __rtentry2.o(.ARM.Collect$$rtentry$$0000000A)
    __rt_entry_postsh_1                      0x0800028b   Thumb Code     0  __rtentry2.o(.ARM.Collect$$rtentry$$00000009)
    __rt_entry_main                          0x0800028f   Thumb Code     0  __rtentry2.o(.ARM.Collect$$rtentry$$0000000D)
    __rt_entry_postli_1                      0x0800028f   Thumb Code     0  __rtentry2.o(.ARM.Collect$$rtentry$$0000000C)
    __rt_exit                                0x08000297   Thumb Code     0  rtexit.o(.ARM.Collect$$rtexit$$00000000)
    __rt_exit_ls                             0x08000299   Thumb Code     0  rtexit2.o(.ARM.Collect$$rtexit$$00000003)
    __rt_exit_prels_1                        0x08000299   Thumb Code     0  rtexit2.o(.ARM.Collect$$rtexit$$00000002)
    __rt_exit_exit                           0x0800029d   Thumb Code     0  rtexit2.o(.ARM.Collect$$rtexit$$00000004)
    Reset_Handler                            0x080002a5   Thumb Code     8  startup_stm32g474xx.o(.text)
    ADC1_2_IRQHandler                        0x080002bf   Thumb Code     0  startup_stm32g474xx.o(.text)
    ADC3_IRQHandler                          0x080002bf   Thumb Code     0  startup_stm32g474xx.o(.text)
    ADC4_IRQHandler                          0x080002bf   Thumb Code     0  startup_stm32g474xx.o(.text)
    ADC5_IRQHandler                          0x080002bf   Thumb Code     0  startup_stm32g474xx.o(.text)
    COMP1_2_3_IRQHandler                     0x080002bf   Thumb Code     0  startup_stm32g474xx.o(.text)
    COMP4_5_6_IRQHandler                     0x080002bf   Thumb Code     0  startup_stm32g474xx.o(.text)
    COMP7_IRQHandler                         0x080002bf   Thumb Code     0  startup_stm32g474xx.o(.text)
    CORDIC_IRQHandler                        0x080002bf   Thumb Code     0  startup_stm32g474xx.o(.text)
    CRS_IRQHandler                           0x080002bf   Thumb Code     0  startup_stm32g474xx.o(.text)
    DMA1_Channel2_IRQHandler                 0x080002bf   Thumb Code     0  startup_stm32g474xx.o(.text)
    DMA1_Channel3_IRQHandler                 0x080002bf   Thumb Code     0  startup_stm32g474xx.o(.text)
    DMA1_Channel4_IRQHandler                 0x080002bf   Thumb Code     0  startup_stm32g474xx.o(.text)
    DMA1_Channel5_IRQHandler                 0x080002bf   Thumb Code     0  startup_stm32g474xx.o(.text)
    DMA1_Channel6_IRQHandler                 0x080002bf   Thumb Code     0  startup_stm32g474xx.o(.text)
    DMA1_Channel7_IRQHandler                 0x080002bf   Thumb Code     0  startup_stm32g474xx.o(.text)
    DMA1_Channel8_IRQHandler                 0x080002bf   Thumb Code     0  startup_stm32g474xx.o(.text)
    DMA2_Channel1_IRQHandler                 0x080002bf   Thumb Code     0  startup_stm32g474xx.o(.text)
    DMA2_Channel2_IRQHandler                 0x080002bf   Thumb Code     0  startup_stm32g474xx.o(.text)
    DMA2_Channel3_IRQHandler                 0x080002bf   Thumb Code     0  startup_stm32g474xx.o(.text)
    DMA2_Channel4_IRQHandler                 0x080002bf   Thumb Code     0  startup_stm32g474xx.o(.text)
    DMA2_Channel5_IRQHandler                 0x080002bf   Thumb Code     0  startup_stm32g474xx.o(.text)
    DMA2_Channel6_IRQHandler                 0x080002bf   Thumb Code     0  startup_stm32g474xx.o(.text)
    DMA2_Channel7_IRQHandler                 0x080002bf   Thumb Code     0  startup_stm32g474xx.o(.text)
    DMA2_Channel8_IRQHandler                 0x080002bf   Thumb Code     0  startup_stm32g474xx.o(.text)
    DMAMUX_OVR_IRQHandler                    0x080002bf   Thumb Code     0  startup_stm32g474xx.o(.text)
    EXTI0_IRQHandler                         0x080002bf   Thumb Code     0  startup_stm32g474xx.o(.text)
    EXTI15_10_IRQHandler                     0x080002bf   Thumb Code     0  startup_stm32g474xx.o(.text)
    EXTI1_IRQHandler                         0x080002bf   Thumb Code     0  startup_stm32g474xx.o(.text)
    EXTI2_IRQHandler                         0x080002bf   Thumb Code     0  startup_stm32g474xx.o(.text)
    EXTI3_IRQHandler                         0x080002bf   Thumb Code     0  startup_stm32g474xx.o(.text)
    EXTI4_IRQHandler                         0x080002bf   Thumb Code     0  startup_stm32g474xx.o(.text)
    EXTI9_5_IRQHandler                       0x080002bf   Thumb Code     0  startup_stm32g474xx.o(.text)
    FLASH_IRQHandler                         0x080002bf   Thumb Code     0  startup_stm32g474xx.o(.text)
    FMAC_IRQHandler                          0x080002bf   Thumb Code     0  startup_stm32g474xx.o(.text)
    FMC_IRQHandler                           0x080002bf   Thumb Code     0  startup_stm32g474xx.o(.text)
    FPU_IRQHandler                           0x080002bf   Thumb Code     0  startup_stm32g474xx.o(.text)
    HRTIM1_FLT_IRQHandler                    0x080002bf   Thumb Code     0  startup_stm32g474xx.o(.text)
    HRTIM1_Master_IRQHandler                 0x080002bf   Thumb Code     0  startup_stm32g474xx.o(.text)
    HRTIM1_TIMA_IRQHandler                   0x080002bf   Thumb Code     0  startup_stm32g474xx.o(.text)
    HRTIM1_TIMB_IRQHandler                   0x080002bf   Thumb Code     0  startup_stm32g474xx.o(.text)
    HRTIM1_TIMC_IRQHandler                   0x080002bf   Thumb Code     0  startup_stm32g474xx.o(.text)
    HRTIM1_TIMD_IRQHandler                   0x080002bf   Thumb Code     0  startup_stm32g474xx.o(.text)
    HRTIM1_TIME_IRQHandler                   0x080002bf   Thumb Code     0  startup_stm32g474xx.o(.text)
    HRTIM1_TIMF_IRQHandler                   0x080002bf   Thumb Code     0  startup_stm32g474xx.o(.text)
    I2C1_ER_IRQHandler                       0x080002bf   Thumb Code     0  startup_stm32g474xx.o(.text)
    I2C1_EV_IRQHandler                       0x080002bf   Thumb Code     0  startup_stm32g474xx.o(.text)
    I2C2_ER_IRQHandler                       0x080002bf   Thumb Code     0  startup_stm32g474xx.o(.text)
    I2C2_EV_IRQHandler                       0x080002bf   Thumb Code     0  startup_stm32g474xx.o(.text)
    I2C3_ER_IRQHandler                       0x080002bf   Thumb Code     0  startup_stm32g474xx.o(.text)
    I2C3_EV_IRQHandler                       0x080002bf   Thumb Code     0  startup_stm32g474xx.o(.text)
    I2C4_ER_IRQHandler                       0x080002bf   Thumb Code     0  startup_stm32g474xx.o(.text)
    I2C4_EV_IRQHandler                       0x080002bf   Thumb Code     0  startup_stm32g474xx.o(.text)
    LPTIM1_IRQHandler                        0x080002bf   Thumb Code     0  startup_stm32g474xx.o(.text)
    LPUART1_IRQHandler                       0x080002bf   Thumb Code     0  startup_stm32g474xx.o(.text)
    PVD_PVM_IRQHandler                       0x080002bf   Thumb Code     0  startup_stm32g474xx.o(.text)
    QUADSPI_IRQHandler                       0x080002bf   Thumb Code     0  startup_stm32g474xx.o(.text)
    RCC_IRQHandler                           0x080002bf   Thumb Code     0  startup_stm32g474xx.o(.text)
    RNG_IRQHandler                           0x080002bf   Thumb Code     0  startup_stm32g474xx.o(.text)
    RTC_Alarm_IRQHandler                     0x080002bf   Thumb Code     0  startup_stm32g474xx.o(.text)
    RTC_TAMP_LSECSS_IRQHandler               0x080002bf   Thumb Code     0  startup_stm32g474xx.o(.text)
    RTC_WKUP_IRQHandler                      0x080002bf   Thumb Code     0  startup_stm32g474xx.o(.text)
    SAI1_IRQHandler                          0x080002bf   Thumb Code     0  startup_stm32g474xx.o(.text)
    SPI1_IRQHandler                          0x080002bf   Thumb Code     0  startup_stm32g474xx.o(.text)
    SPI2_IRQHandler                          0x080002bf   Thumb Code     0  startup_stm32g474xx.o(.text)
    SPI3_IRQHandler                          0x080002bf   Thumb Code     0  startup_stm32g474xx.o(.text)
    SPI4_IRQHandler                          0x080002bf   Thumb Code     0  startup_stm32g474xx.o(.text)
    TIM1_BRK_TIM15_IRQHandler                0x080002bf   Thumb Code     0  startup_stm32g474xx.o(.text)
    TIM1_CC_IRQHandler                       0x080002bf   Thumb Code     0  startup_stm32g474xx.o(.text)
    TIM1_TRG_COM_TIM17_IRQHandler            0x080002bf   Thumb Code     0  startup_stm32g474xx.o(.text)
    TIM1_UP_TIM16_IRQHandler                 0x080002bf   Thumb Code     0  startup_stm32g474xx.o(.text)
    TIM20_BRK_IRQHandler                     0x080002bf   Thumb Code     0  startup_stm32g474xx.o(.text)
    TIM20_CC_IRQHandler                      0x080002bf   Thumb Code     0  startup_stm32g474xx.o(.text)
    TIM20_TRG_COM_IRQHandler                 0x080002bf   Thumb Code     0  startup_stm32g474xx.o(.text)
    TIM20_UP_IRQHandler                      0x080002bf   Thumb Code     0  startup_stm32g474xx.o(.text)
    TIM2_IRQHandler                          0x080002bf   Thumb Code     0  startup_stm32g474xx.o(.text)
    TIM3_IRQHandler                          0x080002bf   Thumb Code     0  startup_stm32g474xx.o(.text)
    TIM4_IRQHandler                          0x080002bf   Thumb Code     0  startup_stm32g474xx.o(.text)
    TIM8_BRK_IRQHandler                      0x080002bf   Thumb Code     0  startup_stm32g474xx.o(.text)
    TIM8_CC_IRQHandler                       0x080002bf   Thumb Code     0  startup_stm32g474xx.o(.text)
    TIM8_TRG_COM_IRQHandler                  0x080002bf   Thumb Code     0  startup_stm32g474xx.o(.text)
    TIM8_UP_IRQHandler                       0x080002bf   Thumb Code     0  startup_stm32g474xx.o(.text)
    UART4_IRQHandler                         0x080002bf   Thumb Code     0  startup_stm32g474xx.o(.text)
    UART5_IRQHandler                         0x080002bf   Thumb Code     0  startup_stm32g474xx.o(.text)
    UCPD1_IRQHandler                         0x080002bf   Thumb Code     0  startup_stm32g474xx.o(.text)
    USART1_IRQHandler                        0x080002bf   Thumb Code     0  startup_stm32g474xx.o(.text)
    USART2_IRQHandler                        0x080002bf   Thumb Code     0  startup_stm32g474xx.o(.text)
    USART3_IRQHandler                        0x080002bf   Thumb Code     0  startup_stm32g474xx.o(.text)
    USBWakeUp_IRQHandler                     0x080002bf   Thumb Code     0  startup_stm32g474xx.o(.text)
    USB_HP_IRQHandler                        0x080002bf   Thumb Code     0  startup_stm32g474xx.o(.text)
    USB_LP_IRQHandler                        0x080002bf   Thumb Code     0  startup_stm32g474xx.o(.text)
    WWDG_IRQHandler                          0x080002bf   Thumb Code     0  startup_stm32g474xx.o(.text)
    __user_initial_stackheap                 0x080002c1   Thumb Code     0  startup_stm32g474xx.o(.text)
    __aeabi_memclr4                          0x080002e5   Thumb Code     0  rt_memclr_w.o(.text)
    __aeabi_memclr8                          0x080002e5   Thumb Code     0  rt_memclr_w.o(.text)
    __rt_memclr_w                            0x080002e5   Thumb Code     0  rt_memclr_w.o(.text)
    _memset_w                                0x080002e9   Thumb Code    74  rt_memclr_w.o(.text)
    __use_two_region_memory                  0x08000333   Thumb Code     2  heapauxi.o(.text)
    __rt_heap_escrow$2region                 0x08000335   Thumb Code     2  heapauxi.o(.text)
    __rt_heap_expand$2region                 0x08000337   Thumb Code     2  heapauxi.o(.text)
    __user_setup_stackheap                   0x08000339   Thumb Code    74  sys_stackheap_outer.o(.text)
    exit                                     0x08000383   Thumb Code    18  exit.o(.text)
    __user_libspace                          0x08000395   Thumb Code     8  libspace.o(.text)
    __user_perproc_libspace                  0x08000395   Thumb Code     0  libspace.o(.text)
    __user_perthread_libspace                0x08000395   Thumb Code     0  libspace.o(.text)
    _sys_exit                                0x0800039d   Thumb Code     8  sys_exit.o(.text)
    __I$use$semihosting                      0x080003a9   Thumb Code     0  use_no_semi.o(.text)
    __use_no_semihosting_swi                 0x080003a9   Thumb Code     2  use_no_semi.o(.text)
    __semihosting_library_function           0x080003ab   Thumb Code     0  indicate_semi.o(.text)
    BusFault_Handler                         0x080003ad   Thumb Code     4  stm32g4xx_it.o(.text.BusFault_Handler)
    DMA1_Channel1_IRQHandler                 0x080003b1   Thumb Code    16  stm32g4xx_it.o(.text.DMA1_Channel1_IRQHandler)
    DebugMon_Handler                         0x080004e1   Thumb Code     2  stm32g4xx_it.o(.text.DebugMon_Handler)
    Error_Handler                            0x080004e5   Thumb Code    14  main.o(.text.Error_Handler)
    FDCAN1_IT0_IRQHandler                    0x080004f5   Thumb Code    16  stm32g4xx_it.o(.text.FDCAN1_IT0_IRQHandler)
    FDCAN1_IT1_IRQHandler                    0x08000505   Thumb Code    16  stm32g4xx_it.o(.text.FDCAN1_IT1_IRQHandler)
    FDCAN1_Init                              0x08000515   Thumb Code   206  fdan_bsp.o(.text.FDCAN1_Init)
    FDCAN2_IT0_IRQHandler                    0x080005e5   Thumb Code    16  stm32g4xx_it.o(.text.FDCAN2_IT0_IRQHandler)
    FDCAN2_IT1_IRQHandler                    0x080005f5   Thumb Code    16  stm32g4xx_it.o(.text.FDCAN2_IT1_IRQHandler)
    FDCAN2_Init                              0x08000605   Thumb Code   202  fdan_bsp.o(.text.FDCAN2_Init)
    FDCAN3_IT0_IRQHandler                    0x080006d1   Thumb Code    16  stm32g4xx_it.o(.text.FDCAN3_IT0_IRQHandler)
    FDCAN3_IT1_IRQHandler                    0x080006e1   Thumb Code    16  stm32g4xx_it.o(.text.FDCAN3_IT1_IRQHandler)
    FDCAN3_Init                              0x080006f1   Thumb Code   206  fdan_bsp.o(.text.FDCAN3_Init)
    FDCAN_SendData                           0x08000951   Thumb Code    92  fdan_bsp.o(.text.FDCAN_SendData)
    HAL_DMA_Abort_IT                         0x080009ad   Thumb Code   194  stm32g4xx_hal_dma.o(.text.HAL_DMA_Abort_IT)
    HAL_DMA_IRQHandler                       0x08000a71   Thumb Code   342  stm32g4xx_hal_dma.o(.text.HAL_DMA_IRQHandler)
    HAL_DMA_Init                             0x08000bc9   Thumb Code   342  stm32g4xx_hal_dma.o(.text.HAL_DMA_Init)
    HAL_DMA_Start_IT                         0x08000d21   Thumb Code   252  stm32g4xx_hal_dma.o(.text.HAL_DMA_Start_IT)
    HAL_Delay                                0x08000e1d   Thumb Code    66  stm32g4xx_hal.o(.text.HAL_Delay)
    HAL_FDCAN_ActivateNotification           0x08000e61   Thumb Code   522  stm32g4xx_hal_fdcan.o(.text.HAL_FDCAN_ActivateNotification)
    HAL_FDCAN_AddMessageToTxFifoQ            0x0800106d   Thumb Code   154  stm32g4xx_hal_fdcan.o(.text.HAL_FDCAN_AddMessageToTxFifoQ)
    HAL_FDCAN_ConfigFilter                   0x08001109   Thumb Code   182  stm32g4xx_hal_fdcan.o(.text.HAL_FDCAN_ConfigFilter)
    HAL_FDCAN_ConfigGlobalFilter             0x080011c1   Thumb Code   102  stm32g4xx_hal_fdcan.o(.text.HAL_FDCAN_ConfigGlobalFilter)
    HAL_FDCAN_ErrorCallback                  0x08001229   Thumb Code     8  stm32g4xx_hal_fdcan.o(.text.HAL_FDCAN_ErrorCallback)
    HAL_FDCAN_ErrorStatusCallback            0x08001231   Thumb Code    10  stm32g4xx_hal_fdcan.o(.text.HAL_FDCAN_ErrorStatusCallback)
    HAL_FDCAN_GetRxMessage                   0x0800123d   Thumb Code   560  stm32g4xx_hal_fdcan.o(.text.HAL_FDCAN_GetRxMessage)
    HAL_FDCAN_HighPriorityMessageCallback    0x0800146d   Thumb Code     8  stm32g4xx_hal_fdcan.o(.text.HAL_FDCAN_HighPriorityMessageCallback)
    HAL_FDCAN_IRQHandler                     0x08001475   Thumb Code   696  stm32g4xx_hal_fdcan.o(.text.HAL_FDCAN_IRQHandler)
    HAL_FDCAN_Init                           0x0800172d   Thumb Code   716  stm32g4xx_hal_fdcan.o(.text.HAL_FDCAN_Init)
    HAL_FDCAN_MspInit                        0x080019f9   Thumb Code   640  fdcan.o(.text.HAL_FDCAN_MspInit)
    HAL_FDCAN_RxFifo0Callback                0x08001c79   Thumb Code   388  main.o(.text.HAL_FDCAN_RxFifo0Callback)
    HAL_FDCAN_RxFifo1Callback                0x08001dfd   Thumb Code   204  main.o(.text.HAL_FDCAN_RxFifo1Callback)
    HAL_FDCAN_Start                          0x08001ec9   Thumb Code    74  stm32g4xx_hal_fdcan.o(.text.HAL_FDCAN_Start)
    HAL_FDCAN_TimeoutOccurredCallback        0x08001f15   Thumb Code     8  stm32g4xx_hal_fdcan.o(.text.HAL_FDCAN_TimeoutOccurredCallback)
    HAL_FDCAN_TimestampWraparoundCallback    0x08001f1d   Thumb Code     8  stm32g4xx_hal_fdcan.o(.text.HAL_FDCAN_TimestampWraparoundCallback)
    HAL_FDCAN_TxBufferAbortCallback          0x08001f25   Thumb Code    10  stm32g4xx_hal_fdcan.o(.text.HAL_FDCAN_TxBufferAbortCallback)
    HAL_FDCAN_TxBufferCompleteCallback       0x08001f31   Thumb Code    10  stm32g4xx_hal_fdcan.o(.text.HAL_FDCAN_TxBufferCompleteCallback)
    HAL_FDCAN_TxEventFifoCallback            0x08001f3d   Thumb Code    10  stm32g4xx_hal_fdcan.o(.text.HAL_FDCAN_TxEventFifoCallback)
    HAL_FDCAN_TxFifoEmptyCallback            0x08001f49   Thumb Code     8  stm32g4xx_hal_fdcan.o(.text.HAL_FDCAN_TxFifoEmptyCallback)
    HAL_GPIO_Init                            0x08001f51   Thumb Code   872  stm32g4xx_hal_gpio.o(.text.HAL_GPIO_Init)
    HAL_GetTick                              0x080022b9   Thumb Code    12  stm32g4xx_hal.o(.text.HAL_GetTick)
    HAL_IncTick                              0x080022c5   Thumb Code    26  stm32g4xx_hal.o(.text.HAL_IncTick)
    HAL_Init                                 0x080022e1   Thumb Code    48  stm32g4xx_hal.o(.text.HAL_Init)
    HAL_InitTick                             0x08002311   Thumb Code   136  stm32g4xx_hal.o(.text.HAL_InitTick)
    HAL_MspInit                              0x08002399   Thumb Code    72  stm32g4xx_hal_msp.o(.text.HAL_MspInit)
    HAL_NVIC_EnableIRQ                       0x080023e1   Thumb Code    20  stm32g4xx_hal_cortex.o(.text.HAL_NVIC_EnableIRQ)
    HAL_NVIC_SetPriority                     0x080023f5   Thumb Code    46  stm32g4xx_hal_cortex.o(.text.HAL_NVIC_SetPriority)
    HAL_NVIC_SetPriorityGrouping             0x08002425   Thumb Code    16  stm32g4xx_hal_cortex.o(.text.HAL_NVIC_SetPriorityGrouping)
    HAL_PWREx_ControlVoltageScaling          0x08002435   Thumb Code   436  stm32g4xx_hal_pwr_ex.o(.text.HAL_PWREx_ControlVoltageScaling)
    HAL_PWREx_DisableUCPDDeadBattery         0x080025e9   Thumb Code    18  stm32g4xx_hal_pwr_ex.o(.text.HAL_PWREx_DisableUCPDDeadBattery)
    HAL_RCCEx_PeriphCLKConfig                0x080025fd   Thumb Code  1316  stm32g4xx_hal_rcc_ex.o(.text.HAL_RCCEx_PeriphCLKConfig)
    HAL_RCC_ClockConfig                      0x08002b21   Thumb Code   806  stm32g4xx_hal_rcc.o(.text.HAL_RCC_ClockConfig)
    HAL_RCC_GetSysClockFreq                  0x08002e49   Thumb Code   252  stm32g4xx_hal_rcc.o(.text.HAL_RCC_GetSysClockFreq)
    HAL_RCC_OscConfig                        0x08002f45   Thumb Code  1974  stm32g4xx_hal_rcc.o(.text.HAL_RCC_OscConfig)
    HAL_SYSTICK_Config                       0x080036fd   Thumb Code    16  stm32g4xx_hal_cortex.o(.text.HAL_SYSTICK_Config)
    HAL_TIMEx_Break2Callback                 0x0800370d   Thumb Code     8  stm32g4xx_hal_tim_ex.o(.text.HAL_TIMEx_Break2Callback)
    HAL_TIMEx_BreakCallback                  0x08003715   Thumb Code     8  stm32g4xx_hal_tim_ex.o(.text.HAL_TIMEx_BreakCallback)
    HAL_TIMEx_CommutCallback                 0x0800371d   Thumb Code     8  stm32g4xx_hal_tim_ex.o(.text.HAL_TIMEx_CommutCallback)
    HAL_TIMEx_DirectionChangeCallback        0x08003725   Thumb Code     8  stm32g4xx_hal_tim_ex.o(.text.HAL_TIMEx_DirectionChangeCallback)
    HAL_TIMEx_EncoderIndexCallback           0x0800372d   Thumb Code     8  stm32g4xx_hal_tim_ex.o(.text.HAL_TIMEx_EncoderIndexCallback)
    HAL_TIMEx_IndexErrorCallback             0x08003735   Thumb Code     8  stm32g4xx_hal_tim_ex.o(.text.HAL_TIMEx_IndexErrorCallback)
    HAL_TIMEx_MasterConfigSynchronization    0x0800373d   Thumb Code   372  stm32g4xx_hal_tim_ex.o(.text.HAL_TIMEx_MasterConfigSynchronization)
    HAL_TIMEx_TransitionErrorCallback        0x080038b1   Thumb Code     8  stm32g4xx_hal_tim_ex.o(.text.HAL_TIMEx_TransitionErrorCallback)
    HAL_TIM_Base_Init                        0x080038b9   Thumb Code   168  stm32g4xx_hal_tim.o(.text.HAL_TIM_Base_Init)
    HAL_TIM_Base_MspInit                     0x08003961   Thumb Code   358  tim.o(.text.HAL_TIM_Base_MspInit)
    HAL_TIM_Base_Start_IT                    0x08003ac9   Thumb Code   262  stm32g4xx_hal_tim.o(.text.HAL_TIM_Base_Start_IT)
    HAL_TIM_ConfigClockSource                0x08003bd1   Thumb Code   508  stm32g4xx_hal_tim.o(.text.HAL_TIM_ConfigClockSource)
    HAL_TIM_ErrorCallback                    0x08003dcd   Thumb Code     8  stm32g4xx_hal_tim.o(.text.HAL_TIM_ErrorCallback)
    HAL_TIM_IC_CaptureCallback               0x08003dd5   Thumb Code     8  stm32g4xx_hal_tim.o(.text.HAL_TIM_IC_CaptureCallback)
    HAL_TIM_IRQHandler                       0x08003ddd   Thumb Code   768  stm32g4xx_hal_tim.o(.text.HAL_TIM_IRQHandler)
    HAL_TIM_MspPostInit                      0x080040dd   Thumb Code   104  tim.o(.text.HAL_TIM_MspPostInit)
    HAL_TIM_OC_DelayElapsedCallback          0x08004145   Thumb Code     8  stm32g4xx_hal_tim.o(.text.HAL_TIM_OC_DelayElapsedCallback)
    HAL_TIM_PWM_ConfigChannel                0x0800414d   Thumb Code   432  stm32g4xx_hal_tim.o(.text.HAL_TIM_PWM_ConfigChannel)
    HAL_TIM_PWM_Init                         0x080042fd   Thumb Code   168  stm32g4xx_hal_tim.o(.text.HAL_TIM_PWM_Init)
    HAL_TIM_PWM_MspInit                      0x080043a5   Thumb Code     8  stm32g4xx_hal_tim.o(.text.HAL_TIM_PWM_MspInit)
    HAL_TIM_PWM_PulseFinishedCallback        0x080043ad   Thumb Code     8  stm32g4xx_hal_tim.o(.text.HAL_TIM_PWM_PulseFinishedCallback)
    HAL_TIM_PWM_PulseFinishedHalfCpltCallback 0x080043b5   Thumb Code     8  stm32g4xx_hal_tim.o(.text.HAL_TIM_PWM_PulseFinishedHalfCpltCallback)
    HAL_TIM_PWM_Start_DMA                    0x080043bd   Thumb Code  1240  stm32g4xx_hal_tim.o(.text.HAL_TIM_PWM_Start_DMA)
    HAL_TIM_PWM_Stop_DMA                     0x08004895   Thumb Code   550  stm32g4xx_hal_tim.o(.text.HAL_TIM_PWM_Stop_DMA)
    HAL_TIM_PeriodElapsedCallback            0x08004abd   Thumb Code   356  main.o(.text.HAL_TIM_PeriodElapsedCallback)
    HAL_TIM_TriggerCallback                  0x08004c21   Thumb Code     8  stm32g4xx_hal_tim.o(.text.HAL_TIM_TriggerCallback)
    HardFault_Handler                        0x08004c29   Thumb Code     4  stm32g4xx_it.o(.text.HardFault_Handler)
    MX_DMA_Init                              0x08004c2d   Thumb Code    86  dma.o(.text.MX_DMA_Init)
    MX_FDCAN1_Init                           0x08004c85   Thumb Code   104  fdcan.o(.text.MX_FDCAN1_Init)
    MX_FDCAN2_Init                           0x08004ced   Thumb Code   104  fdcan.o(.text.MX_FDCAN2_Init)
    MX_FDCAN3_Init                           0x08004d55   Thumb Code   104  fdcan.o(.text.MX_FDCAN3_Init)
    MX_GPIO_Init                             0x08004dbd   Thumb Code   186  gpio.o(.text.MX_GPIO_Init)
    MX_TIM3_Init                             0x08004e79   Thumb Code   214  tim.o(.text.MX_TIM3_Init)
    MX_TIM5_Init                             0x08004f51   Thumb Code   138  tim.o(.text.MX_TIM5_Init)
    MX_TIM6_Init                             0x08004fdd   Thumb Code    92  tim.o(.text.MX_TIM6_Init)
    MX_TIM7_Init                             0x08005039   Thumb Code    92  tim.o(.text.MX_TIM7_Init)
    MemManage_Handler                        0x08005095   Thumb Code     4  stm32g4xx_it.o(.text.MemManage_Handler)
    NMI_Handler                              0x08005099   Thumb Code     4  stm32g4xx_it.o(.text.NMI_Handler)
    PendSV_Handler                           0x08005109   Thumb Code     2  stm32g4xx_it.o(.text.PendSV_Handler)
    Peripherals_Init                         0x0800510d   Thumb Code    76  main.o(.text.Peripherals_Init)
    Reset_All_Task_Flags                     0x080051f5   Thumb Code    94  main.o(.text.Reset_All_Task_Flags)
    SVC_Handler                              0x08005255   Thumb Code     2  stm32g4xx_it.o(.text.SVC_Handler)
    SysTick_Handler                          0x080052ad   Thumb Code     8  stm32g4xx_it.o(.text.SysTick_Handler)
    SystemClock_Config                       0x080052b5   Thumb Code   116  main.o(.text.SystemClock_Config)
    SystemInit                               0x08005329   Thumb Code    18  system_stm32g4xx.o(.text.SystemInit)
    TIM5_IRQHandler                          0x0800533d   Thumb Code    16  stm32g4xx_it.o(.text.TIM5_IRQHandler)
    TIM6_DAC_IRQHandler                      0x0800534d   Thumb Code    16  stm32g4xx_it.o(.text.TIM6_DAC_IRQHandler)
    TIM7_DAC_IRQHandler                      0x0800535d   Thumb Code    16  stm32g4xx_it.o(.text.TIM7_DAC_IRQHandler)
    TIM_Base_SetConfig                       0x0800536d   Thumb Code   486  stm32g4xx_hal_tim.o(.text.TIM_Base_SetConfig)
    TIM_CCxChannelCmd                        0x08005555   Thumb Code    54  stm32g4xx_hal_tim.o(.text.TIM_CCxChannelCmd)
    TIM_DMADelayPulseHalfCplt                0x08005649   Thumb Code   116  stm32g4xx_hal_tim.o(.text.TIM_DMADelayPulseHalfCplt)
    TIM_DMAError                             0x080056bd   Thumb Code   154  stm32g4xx_hal_tim.o(.text.TIM_DMAError)
    TIM_ETR_SetConfig                        0x08005759   Thumb Code    52  stm32g4xx_hal_tim.o(.text.TIM_ETR_SetConfig)
    TIM_OC2_SetConfig                        0x08005931   Thumb Code   400  stm32g4xx_hal_tim.o(.text.TIM_OC2_SetConfig)
    UsageFault_Handler                       0x0800604d   Thumb Code     4  stm32g4xx_it.o(.text.UsageFault_Handler)
    WS2812_Append_Reset                      0x08006051   Thumb Code    54  ws2812.o(.text.WS2812_Append_Reset)
    WS2812_NewRound_Send                     0x08006089   Thumb Code    42  ws2812.o(.text.WS2812_NewRound_Send)
    WS2812_Set_Single_Color                  0x080060b5   Thumb Code   468  ws2812.o(.text.WS2812_Set_Single_Color)
    main                                     0x08006349   Thumb Code  1272  main.o(.text.main)
    _fp_init                                 0x08006845   Thumb Code    26  fpinit.o(x$fpl$fpinit)
    __fplib_config_fpu_vfp                   0x0800685d   Thumb Code     0  fpinit.o(x$fpl$fpinit)
    __fplib_config_pureend_doubles           0x0800685d   Thumb Code     0  fpinit.o(x$fpl$fpinit)
    AHBPrescTable                            0x0800685e   Data          16  system_stm32g4xx.o(.rodata.AHBPrescTable)
    Color_Table                              0x0800686e   Data          60  color.o(.rodata.Color_Table)
    Region$$Table$$Base                      0x080068bc   Number         0  anon$$obj.o(Region$$Table)
    Region$$Table$$Limit                     0x080068dc   Number         0  anon$$obj.o(Region$$Table)
    CHALLENGE_Begin_TxData                   0x20000000   Data           1  main.o(.data.CHALLENGE_Begin_TxData)
    CHALLENGE_End_TxData                     0x20000001   Data           1  main.o(.data.CHALLENGE_End_TxData)
    CHASSIS_Enable                           0x20000002   Data           1  main.o(.data.CHASSIS_Enable)
    CHASSIS_TxData                           0x20000003   Data           1  main.o(.data.CHASSIS_TxData)
    DEFEND_TO_OFFEND_TxData                  0x20000004   Data           1  main.o(.data.DEFEND_TO_OFFEND_TxData)
    DRIBBLE_Enable                           0x20000005   Data           1  main.o(.data.DRIBBLE_Enable)
    DRIBBLE_TxData                           0x20000006   Data           1  main.o(.data.DRIBBLE_TxData)
    High_CRR                                 0x20000007   Data           1  ws2812.o(.data.High_CRR)
    Low_CRR                                  0x20000008   Data           1  ws2812.o(.data.Low_CRR)
    OFFEND_OR_DEFEND_Status                  0x20000009   Data           1  main.o(.data.OFFEND_OR_DEFEND_Status)
    OFFEND_TO_DEFEND_TxData                  0x2000000a   Data           1  main.o(.data.OFFEND_TO_DEFEND_TxData)
    PUSHSHOT_Enable                          0x2000000b   Data           1  main.o(.data.PUSHSHOT_Enable)
    PUSHSHOT_TxData                          0x2000000c   Data           1  main.o(.data.PUSHSHOT_TxData)
    SELF_TEST_Begin_TxData                   0x2000000d   Data           1  main.o(.data.SELF_TEST_Begin_TxData)
    SELF_TEST_End_TxData                     0x2000000e   Data           1  main.o(.data.SELF_TEST_End_TxData)
    SystemCoreClock                          0x20000010   Data           4  system_stm32g4xx.o(.data.SystemCoreClock)
    VISION_Enable                            0x20000014   Data           1  main.o(.data.VISION_Enable)
    VISION_TxData                            0x20000015   Data           1  main.o(.data.VISION_TxData)
    uwTickFreq                               0x20000018   Data           4  stm32g4xx_hal.o(.data.uwTickFreq)
    uwTickPrio                               0x2000001c   Data           4  stm32g4xx_hal.o(.data.uwTickPrio)
    __libspace_start                         0x20000020   Data          96  libspace.o(.bss)
    CAN1_RxData                              0x20000080   Data          64  fdan_bsp.o(.bss.CAN1_RxData)
    __temporary_stack_top$libspace           0x20000080   Data           0  libspace.o(.bss)
    CAN1_RxMessage                           0x200000c0   Data          40  fdan_bsp.o(.bss.CAN1_RxMessage)
    CAN2_RxData                              0x200000e8   Data          64  fdan_bsp.o(.bss.CAN2_RxData)
    CAN2_RxMessage                           0x20000128   Data          40  fdan_bsp.o(.bss.CAN2_RxMessage)
    CAN3_RxData                              0x20000150   Data          64  fdan_bsp.o(.bss.CAN3_RxData)
    CAN3_RxMessage                           0x20000190   Data          40  fdan_bsp.o(.bss.CAN3_RxMessage)
    CHALLENGE_Begin                          0x200001b8   Data           1  main.o(.bss.CHALLENGE_Begin)
    CHALLENGE_Begin_Time                     0x200001c0   Data           8  main.o(.bss.CHALLENGE_Begin_Time)
    CHALLENGE_Begin_TxFlag                   0x200001c8   Data           1  main.o(.bss.CHALLENGE_Begin_TxFlag)
    CHALLENGE_End_TxFlag                     0x200001c9   Data           1  main.o(.bss.CHALLENGE_End_TxFlag)
    DEFEND_TO_OFFEND_TxFlag                  0x200001ca   Data           1  main.o(.bss.DEFEND_TO_OFFEND_TxFlag)
    HeartBeat_Tx_Index                       0x200001d0   Data           1  main.o(.bss.HeartBeat_Tx_Index)
    LAST_Status_Change_Time                  0x200001d8   Data           8  main.o(.bss.LAST_Status_Change_Time)
    OFFEND_TO_DEFEND_TxFlag                  0x200001e0   Data           1  main.o(.bss.OFFEND_TO_DEFEND_TxFlag)
    SELF_TEST_Begin                          0x200001e1   Data           1  main.o(.bss.SELF_TEST_Begin)
    SELF_TEST_Begin_Time                     0x200001e8   Data           8  main.o(.bss.SELF_TEST_Begin_Time)
    SELF_TEST_Begin_TxFlag                   0x200001f0   Data           1  main.o(.bss.SELF_TEST_Begin_TxFlag)
    SELF_TEST_End_TxFlag                     0x200001f1   Data           1  main.o(.bss.SELF_TEST_End_TxFlag)
    SOMETHING_IS_GOING                       0x200001f2   Data           1  main.o(.bss.SOMETHING_IS_GOING)
    SYSTEM_INTERRUPT_FLAG                    0x200001f3   Data           1  main.o(.bss.SYSTEM_INTERRUPT_FLAG)
    Send_Buffer                              0x200001f4   Data         392  ws2812.o(.bss.Send_Buffer)
    USER_Systick                             0x20000380   Data           8  main.o(.bss.USER_Systick)
    hdma_tim3_ch1                            0x20000388   Data          96  tim.o(.bss.hdma_tim3_ch1)
    hfdcan1                                  0x200003e8   Data         100  fdcan.o(.bss.hfdcan1)
    hfdcan2                                  0x2000044c   Data         100  fdcan.o(.bss.hfdcan2)
    hfdcan3                                  0x200004b0   Data         100  fdcan.o(.bss.hfdcan3)
    htim3                                    0x20000514   Data          76  tim.o(.bss.htim3)
    htim5                                    0x20000560   Data          76  tim.o(.bss.htim5)
    htim6                                    0x200005ac   Data          76  tim.o(.bss.htim6)
    htim7                                    0x200005f8   Data          76  tim.o(.bss.htim7)
    uwTick                                   0x20000644   Data           4  stm32g4xx_hal.o(.bss.uwTick)



==============================================================================

Memory Map of the image

  Image Entry point : 0x080001d9

  Load Region LR_IROM1 (Base: 0x08000000, Size: 0x00006900, Max: 0x00080000, ABSOLUTE)

    Execution Region ER_IROM1 (Exec base: 0x08000000, Load base: 0x08000000, Size: 0x000068dc, Max: 0x00080000, ABSOLUTE)

    Exec Addr    Load Addr    Size         Type   Attr      Idx    E Section Name        Object

    0x08000000   0x08000000   0x000001d8   Data   RO            3    RESET               startup_stm32g474xx.o
    0x080001d8   0x080001d8   0x00000008   Code   RO         1339  * !!!main             c_w.l(__main.o)
    0x080001e0   0x080001e0   0x0000005c   Code   RO         1504    !!!scatter          c_w.l(__scatter.o)
    0x0800023c   0x0800023c   0x0000001a   Code   RO         1508    !!handler_copy      c_w.l(__scatter_copy.o)
    0x08000256   0x08000256   0x00000002   PAD
    0x08000258   0x08000258   0x00000002   Code   RO         1505    !!handler_null      c_w.l(__scatter.o)
    0x0800025a   0x0800025a   0x00000002   PAD
    0x0800025c   0x0800025c   0x0000001c   Code   RO         1510    !!handler_zi        c_w.l(__scatter_zi.o)
    0x08000278   0x08000278   0x00000002   Code   RO         1366    .ARM.Collect$$libinit$$00000000  c_w.l(libinit.o)
    0x0800027a   0x0800027a   0x00000004   Code   RO         1372    .ARM.Collect$$libinit$$00000001  c_w.l(libinit2.o)
    0x0800027e   0x0800027e   0x00000000   Code   RO         1375    .ARM.Collect$$libinit$$00000004  c_w.l(libinit2.o)
    0x0800027e   0x0800027e   0x00000000   Code   RO         1377    .ARM.Collect$$libinit$$00000006  c_w.l(libinit2.o)
    0x0800027e   0x0800027e   0x00000000   Code   RO         1380    .ARM.Collect$$libinit$$0000000C  c_w.l(libinit2.o)
    0x0800027e   0x0800027e   0x00000000   Code   RO         1382    .ARM.Collect$$libinit$$0000000E  c_w.l(libinit2.o)
    0x0800027e   0x0800027e   0x00000000   Code   RO         1384    .ARM.Collect$$libinit$$00000010  c_w.l(libinit2.o)
    0x0800027e   0x0800027e   0x00000000   Code   RO         1387    .ARM.Collect$$libinit$$00000013  c_w.l(libinit2.o)
    0x0800027e   0x0800027e   0x00000000   Code   RO         1389    .ARM.Collect$$libinit$$00000015  c_w.l(libinit2.o)
    0x0800027e   0x0800027e   0x00000000   Code   RO         1391    .ARM.Collect$$libinit$$00000017  c_w.l(libinit2.o)
    0x0800027e   0x0800027e   0x00000000   Code   RO         1393    .ARM.Collect$$libinit$$00000019  c_w.l(libinit2.o)
    0x0800027e   0x0800027e   0x00000000   Code   RO         1395    .ARM.Collect$$libinit$$0000001B  c_w.l(libinit2.o)
    0x0800027e   0x0800027e   0x00000000   Code   RO         1397    .ARM.Collect$$libinit$$0000001D  c_w.l(libinit2.o)
    0x0800027e   0x0800027e   0x00000000   Code   RO         1399    .ARM.Collect$$libinit$$0000001F  c_w.l(libinit2.o)
    0x0800027e   0x0800027e   0x00000000   Code   RO         1401    .ARM.Collect$$libinit$$00000021  c_w.l(libinit2.o)
    0x0800027e   0x0800027e   0x00000000   Code   RO         1403    .ARM.Collect$$libinit$$00000023  c_w.l(libinit2.o)
    0x0800027e   0x0800027e   0x00000000   Code   RO         1405    .ARM.Collect$$libinit$$00000025  c_w.l(libinit2.o)
    0x0800027e   0x0800027e   0x00000000   Code   RO         1407    .ARM.Collect$$libinit$$00000027  c_w.l(libinit2.o)
    0x0800027e   0x0800027e   0x00000000   Code   RO         1411    .ARM.Collect$$libinit$$0000002E  c_w.l(libinit2.o)
    0x0800027e   0x0800027e   0x00000000   Code   RO         1413    .ARM.Collect$$libinit$$00000030  c_w.l(libinit2.o)
    0x0800027e   0x0800027e   0x00000000   Code   RO         1415    .ARM.Collect$$libinit$$00000032  c_w.l(libinit2.o)
    0x0800027e   0x0800027e   0x00000000   Code   RO         1417    .ARM.Collect$$libinit$$00000034  c_w.l(libinit2.o)
    0x0800027e   0x0800027e   0x00000002   Code   RO         1418    .ARM.Collect$$libinit$$00000035  c_w.l(libinit2.o)
    0x08000280   0x08000280   0x00000002   Code   RO         1440    .ARM.Collect$$libshutdown$$00000000  c_w.l(libshutdown.o)
    0x08000282   0x08000282   0x00000000   Code   RO         1455    .ARM.Collect$$libshutdown$$00000002  c_w.l(libshutdown2.o)
    0x08000282   0x08000282   0x00000000   Code   RO         1457    .ARM.Collect$$libshutdown$$00000004  c_w.l(libshutdown2.o)
    0x08000282   0x08000282   0x00000000   Code   RO         1460    .ARM.Collect$$libshutdown$$00000007  c_w.l(libshutdown2.o)
    0x08000282   0x08000282   0x00000000   Code   RO         1463    .ARM.Collect$$libshutdown$$0000000A  c_w.l(libshutdown2.o)
    0x08000282   0x08000282   0x00000000   Code   RO         1465    .ARM.Collect$$libshutdown$$0000000C  c_w.l(libshutdown2.o)
    0x08000282   0x08000282   0x00000000   Code   RO         1468    .ARM.Collect$$libshutdown$$0000000F  c_w.l(libshutdown2.o)
    0x08000282   0x08000282   0x00000002   Code   RO         1469    .ARM.Collect$$libshutdown$$00000010  c_w.l(libshutdown2.o)
    0x08000284   0x08000284   0x00000000   Code   RO         1341    .ARM.Collect$$rtentry$$00000000  c_w.l(__rtentry.o)
    0x08000284   0x08000284   0x00000000   Code   RO         1343    .ARM.Collect$$rtentry$$00000002  c_w.l(__rtentry2.o)
    0x08000284   0x08000284   0x00000006   Code   RO         1355    .ARM.Collect$$rtentry$$00000004  c_w.l(__rtentry4.o)
    0x0800028a   0x0800028a   0x00000000   Code   RO         1345    .ARM.Collect$$rtentry$$00000009  c_w.l(__rtentry2.o)
    0x0800028a   0x0800028a   0x00000004   Code   RO         1346    .ARM.Collect$$rtentry$$0000000A  c_w.l(__rtentry2.o)
    0x0800028e   0x0800028e   0x00000000   Code   RO         1348    .ARM.Collect$$rtentry$$0000000C  c_w.l(__rtentry2.o)
    0x0800028e   0x0800028e   0x00000008   Code   RO         1349    .ARM.Collect$$rtentry$$0000000D  c_w.l(__rtentry2.o)
    0x08000296   0x08000296   0x00000002   Code   RO         1370    .ARM.Collect$$rtexit$$00000000  c_w.l(rtexit.o)
    0x08000298   0x08000298   0x00000000   Code   RO         1420    .ARM.Collect$$rtexit$$00000002  c_w.l(rtexit2.o)
    0x08000298   0x08000298   0x00000004   Code   RO         1421    .ARM.Collect$$rtexit$$00000003  c_w.l(rtexit2.o)
    0x0800029c   0x0800029c   0x00000006   Code   RO         1422    .ARM.Collect$$rtexit$$00000004  c_w.l(rtexit2.o)
    0x080002a2   0x080002a2   0x00000002   PAD
    0x080002a4   0x080002a4   0x00000040   Code   RO            4    .text               startup_stm32g474xx.o
    0x080002e4   0x080002e4   0x0000004e   Code   RO         1335    .text               c_w.l(rt_memclr_w.o)
    0x08000332   0x08000332   0x00000006   Code   RO         1337    .text               c_w.l(heapauxi.o)
    0x08000338   0x08000338   0x0000004a   Code   RO         1357    .text               c_w.l(sys_stackheap_outer.o)
    0x08000382   0x08000382   0x00000012   Code   RO         1359    .text               c_w.l(exit.o)
    0x08000394   0x08000394   0x00000008   Code   RO         1367    .text               c_w.l(libspace.o)
    0x0800039c   0x0800039c   0x0000000c   Code   RO         1430    .text               c_w.l(sys_exit.o)
    0x080003a8   0x080003a8   0x00000002   Code   RO         1445    .text               c_w.l(use_no_semi.o)
    0x080003aa   0x080003aa   0x00000000   Code   RO         1447    .text               c_w.l(indicate_semi.o)
    0x080003aa   0x080003aa   0x00000002   PAD
    0x080003ac   0x080003ac   0x00000004   Code   RO          135    .text.BusFault_Handler  stm32g4xx_it.o
    0x080003b0   0x080003b0   0x00000010   Code   RO          147    .text.DMA1_Channel1_IRQHandler  stm32g4xx_it.o
    0x080003c0   0x080003c0   0x00000074   Code   RO          634    .text.DMA_CalcDMAMUXChannelBaseAndMask  stm32g4xx_hal_dma.o
    0x08000434   0x08000434   0x0000003c   Code   RO          636    .text.DMA_CalcDMAMUXRequestGenBaseAndMask  stm32g4xx_hal_dma.o
    0x08000470   0x08000470   0x0000006e   Code   RO          642    .text.DMA_SetConfig  stm32g4xx_hal_dma.o
    0x080004de   0x080004de   0x00000002   PAD
    0x080004e0   0x080004e0   0x00000002   Code   RO          141    .text.DebugMon_Handler  stm32g4xx_it.o
    0x080004e2   0x080004e2   0x00000002   PAD
    0x080004e4   0x080004e4   0x0000000e   Code   RO           17    .text.Error_Handler  main.o
    0x080004f2   0x080004f2   0x00000002   PAD
    0x080004f4   0x080004f4   0x00000010   Code   RO          149    .text.FDCAN1_IT0_IRQHandler  stm32g4xx_it.o
    0x08000504   0x08000504   0x00000010   Code   RO          151    .text.FDCAN1_IT1_IRQHandler  stm32g4xx_it.o
    0x08000514   0x08000514   0x000000ce   Code   RO         1289    .text.FDCAN1_Init   fdan_bsp.o
    0x080005e2   0x080005e2   0x00000002   PAD
    0x080005e4   0x080005e4   0x00000010   Code   RO          159    .text.FDCAN2_IT0_IRQHandler  stm32g4xx_it.o
    0x080005f4   0x080005f4   0x00000010   Code   RO          161    .text.FDCAN2_IT1_IRQHandler  stm32g4xx_it.o
    0x08000604   0x08000604   0x000000ca   Code   RO         1291    .text.FDCAN2_Init   fdan_bsp.o
    0x080006ce   0x080006ce   0x00000002   PAD
    0x080006d0   0x080006d0   0x00000010   Code   RO          163    .text.FDCAN3_IT0_IRQHandler  stm32g4xx_it.o
    0x080006e0   0x080006e0   0x00000010   Code   RO          165    .text.FDCAN3_IT1_IRQHandler  stm32g4xx_it.o
    0x080006f0   0x080006f0   0x000000ce   Code   RO         1293    .text.FDCAN3_Init   fdan_bsp.o
    0x080007be   0x080007be   0x00000002   PAD
    0x080007c0   0x080007c0   0x000000d6   Code   RO          186    .text.FDCAN_CalcultateRamBlockAddresses  stm32g4xx_hal_fdcan.o
    0x08000896   0x08000896   0x00000002   PAD
    0x08000898   0x08000898   0x000000b6   Code   RO          246    .text.FDCAN_CopyMessageToRAM  stm32g4xx_hal_fdcan.o
    0x0800094e   0x0800094e   0x00000002   PAD
    0x08000950   0x08000950   0x0000005c   Code   RO         1295    .text.FDCAN_SendData  fdan_bsp.o
    0x080009ac   0x080009ac   0x000000c2   Code   RO          648    .text.HAL_DMA_Abort_IT  stm32g4xx_hal_dma.o
    0x08000a6e   0x08000a6e   0x00000002   PAD
    0x08000a70   0x08000a70   0x00000156   Code   RO          652    .text.HAL_DMA_IRQHandler  stm32g4xx_hal_dma.o
    0x08000bc6   0x08000bc6   0x00000002   PAD
    0x08000bc8   0x08000bc8   0x00000156   Code   RO          632    .text.HAL_DMA_Init  stm32g4xx_hal_dma.o
    0x08000d1e   0x08000d1e   0x00000002   PAD
    0x08000d20   0x08000d20   0x000000fc   Code   RO          644    .text.HAL_DMA_Start_IT  stm32g4xx_hal_dma.o
    0x08000e1c   0x08000e1c   0x00000042   Code   RO          334    .text.HAL_Delay     stm32g4xx_hal.o
    0x08000e5e   0x08000e5e   0x00000002   PAD
    0x08000e60   0x08000e60   0x0000020a   Code   RO          274    .text.HAL_FDCAN_ActivateNotification  stm32g4xx_hal_fdcan.o
    0x0800106a   0x0800106a   0x00000002   PAD
    0x0800106c   0x0800106c   0x0000009a   Code   RO          244    .text.HAL_FDCAN_AddMessageToTxFifoQ  stm32g4xx_hal_fdcan.o
    0x08001106   0x08001106   0x00000002   PAD
    0x08001108   0x08001108   0x000000b6   Code   RO          198    .text.HAL_FDCAN_ConfigFilter  stm32g4xx_hal_fdcan.o
    0x080011be   0x080011be   0x00000002   PAD
    0x080011c0   0x080011c0   0x00000066   Code   RO          200    .text.HAL_FDCAN_ConfigGlobalFilter  stm32g4xx_hal_fdcan.o
    0x08001226   0x08001226   0x00000002   PAD
    0x08001228   0x08001228   0x00000008   Code   RO          300    .text.HAL_FDCAN_ErrorCallback  stm32g4xx_hal_fdcan.o
    0x08001230   0x08001230   0x0000000a   Code   RO          298    .text.HAL_FDCAN_ErrorStatusCallback  stm32g4xx_hal_fdcan.o
    0x0800123a   0x0800123a   0x00000002   PAD
    0x0800123c   0x0800123c   0x00000230   Code   RO          252    .text.HAL_FDCAN_GetRxMessage  stm32g4xx_hal_fdcan.o
    0x0800146c   0x0800146c   0x00000008   Code   RO          280    .text.HAL_FDCAN_HighPriorityMessageCallback  stm32g4xx_hal_fdcan.o
    0x08001474   0x08001474   0x000002b8   Code   RO          278    .text.HAL_FDCAN_IRQHandler  stm32g4xx_hal_fdcan.o
    0x0800172c   0x0800172c   0x000002cc   Code   RO          182    .text.HAL_FDCAN_Init  stm32g4xx_hal_fdcan.o
    0x080019f8   0x080019f8   0x00000280   Code   RO           88    .text.HAL_FDCAN_MspInit  fdcan.o
    0x08001c78   0x08001c78   0x00000184   Code   RO           21    .text.HAL_FDCAN_RxFifo0Callback  main.o
    0x08001dfc   0x08001dfc   0x000000cc   Code   RO           25    .text.HAL_FDCAN_RxFifo1Callback  main.o
    0x08001ec8   0x08001ec8   0x0000004a   Code   RO          242    .text.HAL_FDCAN_Start  stm32g4xx_hal_fdcan.o
    0x08001f12   0x08001f12   0x00000002   PAD
    0x08001f14   0x08001f14   0x00000008   Code   RO          296    .text.HAL_FDCAN_TimeoutOccurredCallback  stm32g4xx_hal_fdcan.o
    0x08001f1c   0x08001f1c   0x00000008   Code   RO          294    .text.HAL_FDCAN_TimestampWraparoundCallback  stm32g4xx_hal_fdcan.o
    0x08001f24   0x08001f24   0x0000000a   Code   RO          282    .text.HAL_FDCAN_TxBufferAbortCallback  stm32g4xx_hal_fdcan.o
    0x08001f2e   0x08001f2e   0x00000002   PAD
    0x08001f30   0x08001f30   0x0000000a   Code   RO          292    .text.HAL_FDCAN_TxBufferCompleteCallback  stm32g4xx_hal_fdcan.o
    0x08001f3a   0x08001f3a   0x00000002   PAD
    0x08001f3c   0x08001f3c   0x0000000a   Code   RO          284    .text.HAL_FDCAN_TxEventFifoCallback  stm32g4xx_hal_fdcan.o
    0x08001f46   0x08001f46   0x00000002   PAD
    0x08001f48   0x08001f48   0x00000008   Code   RO          290    .text.HAL_FDCAN_TxFifoEmptyCallback  stm32g4xx_hal_fdcan.o
    0x08001f50   0x08001f50   0x00000368   Code   RO          584    .text.HAL_GPIO_Init  stm32g4xx_hal_gpio.o
    0x080022b8   0x080022b8   0x0000000c   Code   RO          326    .text.HAL_GetTick   stm32g4xx_hal.o
    0x080022c4   0x080022c4   0x0000001a   Code   RO          324    .text.HAL_IncTick   stm32g4xx_hal.o
    0x080022de   0x080022de   0x00000002   PAD
    0x080022e0   0x080022e0   0x00000030   Code   RO          314    .text.HAL_Init      stm32g4xx_hal.o
    0x08002310   0x08002310   0x00000088   Code   RO          316    .text.HAL_InitTick  stm32g4xx_hal.o
    0x08002398   0x08002398   0x00000048   Code   RO          174    .text.HAL_MspInit   stm32g4xx_hal_msp.o
    0x080023e0   0x080023e0   0x00000014   Code   RO          818    .text.HAL_NVIC_EnableIRQ  stm32g4xx_hal_cortex.o
    0x080023f4   0x080023f4   0x0000002e   Code   RO          810    .text.HAL_NVIC_SetPriority  stm32g4xx_hal_cortex.o
    0x08002422   0x08002422   0x00000002   PAD
    0x08002424   0x08002424   0x00000010   Code   RO          806    .text.HAL_NVIC_SetPriorityGrouping  stm32g4xx_hal_cortex.o
    0x08002434   0x08002434   0x000001b4   Code   RO          727    .text.HAL_PWREx_ControlVoltageScaling  stm32g4xx_hal_pwr_ex.o
    0x080025e8   0x080025e8   0x00000012   Code   RO          797    .text.HAL_PWREx_DisableUCPDDeadBattery  stm32g4xx_hal_pwr_ex.o
    0x080025fa   0x080025fa   0x00000002   PAD
    0x080025fc   0x080025fc   0x00000524   Code   RO          439    .text.HAL_RCCEx_PeriphCLKConfig  stm32g4xx_hal_rcc_ex.o
    0x08002b20   0x08002b20   0x00000326   Code   RO          404    .text.HAL_RCC_ClockConfig  stm32g4xx_hal_rcc.o
    0x08002e46   0x08002e46   0x00000002   PAD
    0x08002e48   0x08002e48   0x000000fc   Code   RO          408    .text.HAL_RCC_GetSysClockFreq  stm32g4xx_hal_rcc.o
    0x08002f44   0x08002f44   0x000007b6   Code   RO          402    .text.HAL_RCC_OscConfig  stm32g4xx_hal_rcc.o
    0x080036fa   0x080036fa   0x00000002   PAD
    0x080036fc   0x080036fc   0x00000010   Code   RO          830    .text.HAL_SYSTICK_Config  stm32g4xx_hal_cortex.o
    0x0800370c   0x0800370c   0x00000008   Code   RO         1254    .text.HAL_TIMEx_Break2Callback  stm32g4xx_hal_tim_ex.o
    0x08003714   0x08003714   0x00000008   Code   RO         1252    .text.HAL_TIMEx_BreakCallback  stm32g4xx_hal_tim_ex.o
    0x0800371c   0x0800371c   0x00000008   Code   RO         1248    .text.HAL_TIMEx_CommutCallback  stm32g4xx_hal_tim_ex.o
    0x08003724   0x08003724   0x00000008   Code   RO         1258    .text.HAL_TIMEx_DirectionChangeCallback  stm32g4xx_hal_tim_ex.o
    0x0800372c   0x0800372c   0x00000008   Code   RO         1256    .text.HAL_TIMEx_EncoderIndexCallback  stm32g4xx_hal_tim_ex.o
    0x08003734   0x08003734   0x00000008   Code   RO         1260    .text.HAL_TIMEx_IndexErrorCallback  stm32g4xx_hal_tim_ex.o
    0x0800373c   0x0800373c   0x00000174   Code   RO         1198    .text.HAL_TIMEx_MasterConfigSynchronization  stm32g4xx_hal_tim_ex.o
    0x080038b0   0x080038b0   0x00000008   Code   RO         1262    .text.HAL_TIMEx_TransitionErrorCallback  stm32g4xx_hal_tim_ex.o
    0x080038b8   0x080038b8   0x000000a8   Code   RO          881    .text.HAL_TIM_Base_Init  stm32g4xx_hal_tim.o
    0x08003960   0x08003960   0x00000166   Code   RO          113    .text.HAL_TIM_Base_MspInit  tim.o
    0x08003ac6   0x08003ac6   0x00000002   PAD
    0x08003ac8   0x08003ac8   0x00000106   Code   RO          895    .text.HAL_TIM_Base_Start_IT  stm32g4xx_hal_tim.o
    0x08003bce   0x08003bce   0x00000002   PAD
    0x08003bd0   0x08003bd0   0x000001fc   Code   RO         1077    .text.HAL_TIM_ConfigClockSource  stm32g4xx_hal_tim.o
    0x08003dcc   0x08003dcc   0x00000008   Code   RO         1103    .text.HAL_TIM_ErrorCallback  stm32g4xx_hal_tim.o
    0x08003dd4   0x08003dd4   0x00000008   Code   RO         1017    .text.HAL_TIM_IC_CaptureCallback  stm32g4xx_hal_tim.o
    0x08003ddc   0x08003ddc   0x00000300   Code   RO         1015    .text.HAL_TIM_IRQHandler  stm32g4xx_hal_tim.o
    0x080040dc   0x080040dc   0x00000068   Code   RO          105    .text.HAL_TIM_MspPostInit  tim.o
    0x08004144   0x08004144   0x00000008   Code   RO         1019    .text.HAL_TIM_OC_DelayElapsedCallback  stm32g4xx_hal_tim.o
    0x0800414c   0x0800414c   0x000001b0   Code   RO         1051    .text.HAL_TIM_PWM_ConfigChannel  stm32g4xx_hal_tim.o
    0x080042fc   0x080042fc   0x000000a8   Code   RO          935    .text.HAL_TIM_PWM_Init  stm32g4xx_hal_tim.o
    0x080043a4   0x080043a4   0x00000008   Code   RO          937    .text.HAL_TIM_PWM_MspInit  stm32g4xx_hal_tim.o
    0x080043ac   0x080043ac   0x00000008   Code   RO         1021    .text.HAL_TIM_PWM_PulseFinishedCallback  stm32g4xx_hal_tim.o
    0x080043b4   0x080043b4   0x00000008   Code   RO         1099    .text.HAL_TIM_PWM_PulseFinishedHalfCpltCallback  stm32g4xx_hal_tim.o
    0x080043bc   0x080043bc   0x000004d8   Code   RO          951    .text.HAL_TIM_PWM_Start_DMA  stm32g4xx_hal_tim.o
    0x08004894   0x08004894   0x00000226   Code   RO          953    .text.HAL_TIM_PWM_Stop_DMA  stm32g4xx_hal_tim.o
    0x08004aba   0x08004aba   0x00000002   PAD
    0x08004abc   0x08004abc   0x00000164   Code   RO           19    .text.HAL_TIM_PeriodElapsedCallback  main.o
    0x08004c20   0x08004c20   0x00000008   Code   RO         1025    .text.HAL_TIM_TriggerCallback  stm32g4xx_hal_tim.o
    0x08004c28   0x08004c28   0x00000004   Code   RO          131    .text.HardFault_Handler  stm32g4xx_it.o
    0x08004c2c   0x08004c2c   0x00000056   Code   RO           74    .text.MX_DMA_Init   dma.o
    0x08004c82   0x08004c82   0x00000002   PAD
    0x08004c84   0x08004c84   0x00000068   Code   RO           82    .text.MX_FDCAN1_Init  fdcan.o
    0x08004cec   0x08004cec   0x00000068   Code   RO           84    .text.MX_FDCAN2_Init  fdcan.o
    0x08004d54   0x08004d54   0x00000068   Code   RO           86    .text.MX_FDCAN3_Init  fdcan.o
    0x08004dbc   0x08004dbc   0x000000ba   Code   RO           66    .text.MX_GPIO_Init  gpio.o
    0x08004e76   0x08004e76   0x00000002   PAD
    0x08004e78   0x08004e78   0x000000d6   Code   RO          103    .text.MX_TIM3_Init  tim.o
    0x08004f4e   0x08004f4e   0x00000002   PAD
    0x08004f50   0x08004f50   0x0000008a   Code   RO          107    .text.MX_TIM5_Init  tim.o
    0x08004fda   0x08004fda   0x00000002   PAD
    0x08004fdc   0x08004fdc   0x0000005c   Code   RO          109    .text.MX_TIM6_Init  tim.o
    0x08005038   0x08005038   0x0000005c   Code   RO          111    .text.MX_TIM7_Init  tim.o
    0x08005094   0x08005094   0x00000004   Code   RO          133    .text.MemManage_Handler  stm32g4xx_it.o
    0x08005098   0x08005098   0x00000004   Code   RO          129    .text.NMI_Handler   stm32g4xx_it.o
    0x0800509c   0x0800509c   0x0000006c   Code   RO          816    .text.NVIC_EncodePriority  stm32g4xx_hal_cortex.o
    0x08005108   0x08005108   0x00000002   Code   RO          143    .text.PendSV_Handler  stm32g4xx_it.o
    0x0800510a   0x0800510a   0x00000002   PAD
    0x0800510c   0x0800510c   0x0000004c   Code   RO           15    .text.Peripherals_Init  main.o
    0x08005158   0x08005158   0x0000009c   Code   RO          406    .text.RCC_GetSysClockFreqFromPLLSource  stm32g4xx_hal_rcc.o
    0x080051f4   0x080051f4   0x0000005e   Code   RO           23    .text.Reset_All_Task_Flags  main.o
    0x08005252   0x08005252   0x00000002   PAD
    0x08005254   0x08005254   0x00000002   Code   RO          139    .text.SVC_Handler   stm32g4xx_it.o
    0x08005256   0x08005256   0x00000002   PAD
    0x08005258   0x08005258   0x00000052   Code   RO          832    .text.SysTick_Config  stm32g4xx_hal_cortex.o
    0x080052aa   0x080052aa   0x00000002   PAD
    0x080052ac   0x080052ac   0x00000008   Code   RO          145    .text.SysTick_Handler  stm32g4xx_it.o
    0x080052b4   0x080052b4   0x00000074   Code   RO           13    .text.SystemClock_Config  main.o
    0x08005328   0x08005328   0x00000012   Code   RO         1275    .text.SystemInit    system_stm32g4xx.o
    0x0800533a   0x0800533a   0x00000002   PAD
    0x0800533c   0x0800533c   0x00000010   Code   RO          153    .text.TIM5_IRQHandler  stm32g4xx_it.o
    0x0800534c   0x0800534c   0x00000010   Code   RO          155    .text.TIM6_DAC_IRQHandler  stm32g4xx_it.o
    0x0800535c   0x0800535c   0x00000010   Code   RO          157    .text.TIM7_DAC_IRQHandler  stm32g4xx_it.o
    0x0800536c   0x0800536c   0x000001e6   Code   RO          885    .text.TIM_Base_SetConfig  stm32g4xx_hal_tim.o
    0x08005552   0x08005552   0x00000002   PAD
    0x08005554   0x08005554   0x00000036   Code   RO          919    .text.TIM_CCxChannelCmd  stm32g4xx_hal_tim.o
    0x0800558a   0x0800558a   0x00000002   PAD
    0x0800558c   0x0800558c   0x000000bc   Code   RO          929    .text.TIM_DMADelayPulseCplt  stm32g4xx_hal_tim.o
    0x08005648   0x08005648   0x00000074   Code   RO          931    .text.TIM_DMADelayPulseHalfCplt  stm32g4xx_hal_tim.o
    0x080056bc   0x080056bc   0x0000009a   Code   RO          905    .text.TIM_DMAError  stm32g4xx_hal_tim.o
    0x08005756   0x08005756   0x00000002   PAD
    0x08005758   0x08005758   0x00000034   Code   RO         1075    .text.TIM_ETR_SetConfig  stm32g4xx_hal_tim.o
    0x0800578c   0x0800578c   0x00000030   Code   RO         1081    .text.TIM_ITRx_SetConfig  stm32g4xx_hal_tim.o
    0x080057bc   0x080057bc   0x00000174   Code   RO         1029    .text.TIM_OC1_SetConfig  stm32g4xx_hal_tim.o
    0x08005930   0x08005930   0x00000190   Code   RO         1031    .text.TIM_OC2_SetConfig  stm32g4xx_hal_tim.o
    0x08005ac0   0x08005ac0   0x0000018e   Code   RO         1033    .text.TIM_OC3_SetConfig  stm32g4xx_hal_tim.o
    0x08005c4e   0x08005c4e   0x00000002   PAD
    0x08005c50   0x08005c50   0x00000190   Code   RO         1035    .text.TIM_OC4_SetConfig  stm32g4xx_hal_tim.o
    0x08005de0   0x08005de0   0x000000e2   Code   RO         1037    .text.TIM_OC5_SetConfig  stm32g4xx_hal_tim.o
    0x08005ec2   0x08005ec2   0x00000002   PAD
    0x08005ec4   0x08005ec4   0x000000e4   Code   RO         1039    .text.TIM_OC6_SetConfig  stm32g4xx_hal_tim.o
    0x08005fa8   0x08005fa8   0x00000050   Code   RO         1079    .text.TIM_TI1_ConfigInputStage  stm32g4xx_hal_tim.o
    0x08005ff8   0x08005ff8   0x00000052   Code   RO         1083    .text.TIM_TI2_ConfigInputStage  stm32g4xx_hal_tim.o
    0x0800604a   0x0800604a   0x00000002   PAD
    0x0800604c   0x0800604c   0x00000004   Code   RO          137    .text.UsageFault_Handler  stm32g4xx_it.o
    0x08006050   0x08006050   0x00000036   Code   RO         1320    .text.WS2812_Append_Reset  ws2812.o
    0x08006086   0x08006086   0x00000002   PAD
    0x08006088   0x08006088   0x0000002a   Code   RO         1322    .text.WS2812_NewRound_Send  ws2812.o
    0x080060b2   0x080060b2   0x00000002   PAD
    0x080060b4   0x080060b4   0x000001d4   Code   RO         1318    .text.WS2812_Set_Single_Color  ws2812.o
    0x08006288   0x08006288   0x00000030   Code   RO          820    .text.__NVIC_EnableIRQ  stm32g4xx_hal_cortex.o
    0x080062b8   0x080062b8   0x00000010   Code   RO          812    .text.__NVIC_GetPriorityGrouping  stm32g4xx_hal_cortex.o
    0x080062c8   0x080062c8   0x00000042   Code   RO          814    .text.__NVIC_SetPriority  stm32g4xx_hal_cortex.o
    0x0800630a   0x0800630a   0x00000002   PAD
    0x0800630c   0x0800630c   0x0000003c   Code   RO          808    .text.__NVIC_SetPriorityGrouping  stm32g4xx_hal_cortex.o
    0x08006348   0x08006348   0x000004fc   Code   RO           11    .text.main          main.o
    0x08006844   0x08006844   0x0000001a   Code   RO         1428    x$fpl$fpinit        fz_wm.l(fpinit.o)
    0x0800685e   0x0800685e   0x00000010   Data   RO         1280    .rodata.AHBPrescTable  system_stm32g4xx.o
    0x0800686e   0x0800686e   0x0000003c   Data   RO         1312    .rodata.Color_Table  color.o
    0x080068aa   0x080068aa   0x00000010   Data   RO          306    .rodata.DLCtoBytes  stm32g4xx_hal_fdcan.o
    0x080068ba   0x080068ba   0x00000002   PAD
    0x080068bc   0x080068bc   0x00000020   Data   RO         1503    Region$$Table       anon$$obj.o


    Execution Region RW_IRAM1 (Exec base: 0x20000000, Load base: 0x080068e0, Size: 0x00000c48, Max: 0x00020000, ABSOLUTE)

    Exec Addr    Load Addr    Size         Type   Attr      Idx    E Section Name        Object

    0x20000000   0x080068e0   0x00000001   Data   RW           53    .data.CHALLENGE_Begin_TxData  main.o
    0x20000001   0x080068e1   0x00000001   Data   RW           54    .data.CHALLENGE_End_TxData  main.o
    0x20000002   0x080068e2   0x00000001   Data   RW           30    .data.CHASSIS_Enable  main.o
    0x20000003   0x080068e3   0x00000001   Data   RW           50    .data.CHASSIS_TxData  main.o
    0x20000004   0x080068e4   0x00000001   Data   RW           56    .data.DEFEND_TO_OFFEND_TxData  main.o
    0x20000005   0x080068e5   0x00000001   Data   RW           28    .data.DRIBBLE_Enable  main.o
    0x20000006   0x080068e6   0x00000001   Data   RW           48    .data.DRIBBLE_TxData  main.o
    0x20000007   0x080068e7   0x00000001   Data   RW         1325    .data.High_CRR      ws2812.o
    0x20000008   0x080068e8   0x00000001   Data   RW         1326    .data.Low_CRR       ws2812.o
    0x20000009   0x080068e9   0x00000001   Data   RW           33    .data.OFFEND_OR_DEFEND_Status  main.o
    0x2000000a   0x080068ea   0x00000001   Data   RW           55    .data.OFFEND_TO_DEFEND_TxData  main.o
    0x2000000b   0x080068eb   0x00000001   Data   RW           29    .data.PUSHSHOT_Enable  main.o
    0x2000000c   0x080068ec   0x00000001   Data   RW           49    .data.PUSHSHOT_TxData  main.o
    0x2000000d   0x080068ed   0x00000001   Data   RW           51    .data.SELF_TEST_Begin_TxData  main.o
    0x2000000e   0x080068ee   0x00000001   Data   RW           52    .data.SELF_TEST_End_TxData  main.o
    0x2000000f   0x080068ef   0x00000001   PAD
    0x20000010   0x080068f0   0x00000004   Data   RW         1279    .data.SystemCoreClock  system_stm32g4xx.o
    0x20000014   0x080068f4   0x00000001   Data   RW           27    .data.VISION_Enable  main.o
    0x20000015   0x080068f5   0x00000001   Data   RW           47    .data.VISION_TxData  main.o
    0x20000016   0x080068f6   0x00000002   PAD
    0x20000018   0x080068f8   0x00000004   Data   RW          391    .data.uwTickFreq    stm32g4xx_hal.o
    0x2000001c   0x080068fc   0x00000004   Data   RW          390    .data.uwTickPrio    stm32g4xx_hal.o
    0x20000020        -       0x00000060   Zero   RW         1368    .bss                c_w.l(libspace.o)
    0x20000080        -       0x00000040   Zero   RW         1299    .bss.CAN1_RxData    fdan_bsp.o
    0x200000c0        -       0x00000028   Zero   RW         1302    .bss.CAN1_RxMessage  fdan_bsp.o
    0x200000e8        -       0x00000040   Zero   RW         1300    .bss.CAN2_RxData    fdan_bsp.o
    0x20000128        -       0x00000028   Zero   RW         1303    .bss.CAN2_RxMessage  fdan_bsp.o
    0x20000150        -       0x00000040   Zero   RW         1301    .bss.CAN3_RxData    fdan_bsp.o
    0x20000190        -       0x00000028   Zero   RW         1304    .bss.CAN3_RxMessage  fdan_bsp.o
    0x200001b8        -       0x00000001   Zero   RW           32    .bss.CHALLENGE_Begin  main.o
    0x200001b9   0x08006900   0x00000007   PAD
    0x200001c0        -       0x00000008   Zero   RW           45    .bss.CHALLENGE_Begin_Time  main.o
    0x200001c8        -       0x00000001   Zero   RW           37    .bss.CHALLENGE_Begin_TxFlag  main.o
    0x200001c9        -       0x00000001   Zero   RW           38    .bss.CHALLENGE_End_TxFlag  main.o
    0x200001ca        -       0x00000001   Zero   RW           40    .bss.DEFEND_TO_OFFEND_TxFlag  main.o
    0x200001cb   0x08006900   0x00000001   PAD
    0x200001cc        -       0x00000004   Zero   RW           95    .bss.HAL_RCC_FDCAN_CLK_ENABLED  fdcan.o
    0x200001d0        -       0x00000001   Zero   RW           42    .bss.HeartBeat_Tx_Index  main.o
    0x200001d1   0x08006900   0x00000007   PAD
    0x200001d8        -       0x00000008   Zero   RW           46    .bss.LAST_Status_Change_Time  main.o
    0x200001e0        -       0x00000001   Zero   RW           39    .bss.OFFEND_TO_DEFEND_TxFlag  main.o
    0x200001e1        -       0x00000001   Zero   RW           31    .bss.SELF_TEST_Begin  main.o
    0x200001e2   0x08006900   0x00000006   PAD
    0x200001e8        -       0x00000008   Zero   RW           44    .bss.SELF_TEST_Begin_Time  main.o
    0x200001f0        -       0x00000001   Zero   RW           35    .bss.SELF_TEST_Begin_TxFlag  main.o
    0x200001f1        -       0x00000001   Zero   RW           36    .bss.SELF_TEST_End_TxFlag  main.o
    0x200001f2        -       0x00000001   Zero   RW           41    .bss.SOMETHING_IS_GOING  main.o
    0x200001f3        -       0x00000001   Zero   RW           57    .bss.SYSTEM_INTERRUPT_FLAG  main.o
    0x200001f4        -       0x00000188   Zero   RW         1324    .bss.Send_Buffer    ws2812.o
    0x2000037c   0x08006900   0x00000004   PAD
    0x20000380        -       0x00000008   Zero   RW           43    .bss.USER_Systick   main.o
    0x20000388        -       0x00000060   Zero   RW          121    .bss.hdma_tim3_ch1  tim.o
    0x200003e8        -       0x00000064   Zero   RW           92    .bss.hfdcan1        fdcan.o
    0x2000044c        -       0x00000064   Zero   RW           93    .bss.hfdcan2        fdcan.o
    0x200004b0        -       0x00000064   Zero   RW           94    .bss.hfdcan3        fdcan.o
    0x20000514        -       0x0000004c   Zero   RW          117    .bss.htim3          tim.o
    0x20000560        -       0x0000004c   Zero   RW          118    .bss.htim5          tim.o
    0x200005ac        -       0x0000004c   Zero   RW          119    .bss.htim6          tim.o
    0x200005f8        -       0x0000004c   Zero   RW          120    .bss.htim7          tim.o
    0x20000644        -       0x00000004   Zero   RW          392    .bss.uwTick         stm32g4xx_hal.o
    0x20000648        -       0x00000200   Zero   RW            2    HEAP                startup_stm32g474xx.o
    0x20000848        -       0x00000400   Zero   RW            1    STACK               startup_stm32g474xx.o


==============================================================================

Image component sizes


      Code (inc. data)   RO Data    RW Data    ZI Data      Debug   Object Name

         0          0         60          0          0        592   color.o
        86          0          0          0          0       3941   dma.o
       706          0          0          0        312       5039   fdan_bsp.o
       952          0          0          0        304       8842   fdcan.o
       186          0          0          0          0       1742   gpio.o
      2524          8          0         15         43      10606   main.o
        64         26        472          0       1536        840   startup_stm32g474xx.o
       288          0          0          8          4       9105   stm32g4xx_hal.o
       478          0          0          0          0      10095   stm32g4xx_hal_cortex.o
      1416          0          0          0          0       7779   stm32g4xx_hal_dma.o
      3482          0         16          0          0      18822   stm32g4xx_hal_fdcan.o
       872          0          0          0          0       5316   stm32g4xx_hal_gpio.o
        72          0          0          0          0       1644   stm32g4xx_hal_msp.o
       454          0          0          0          0       7796   stm32g4xx_hal_pwr_ex.o
      3188          0          0          0          0       9528   stm32g4xx_hal_rcc.o
      1316          0          0          0          0      11708   stm32g4xx_hal_rcc_ex.o
      7436         50          0          0          0      37934   stm32g4xx_hal_tim.o
       428          0          0          0          0      21822   stm32g4xx_hal_tim_ex.o
       194          0          0          0          0       1976   stm32g4xx_it.o
        18          0         16          4          0       2696   system_stm32g4xx.o
       998          0          0          0        400      10222   tim.o
       564          0          0          2        392       5321   ws2812.o

    ----------------------------------------------------------------------
     25816         84        598         32       3016     193366   Object Totals
         0          0         32          0          0          0   (incl. Generated)
        94          0          2          3         25          0   (incl. Padding)

    ----------------------------------------------------------------------

      Code (inc. data)   RO Data    RW Data    ZI Data      Debug   Library Member Name

         8          0          0          0          0         68   __main.o
         0          0          0          0          0          0   __rtentry.o
        12          0          0          0          0          0   __rtentry2.o
         6          0          0          0          0          0   __rtentry4.o
        94          8          0          0          0          0   __scatter.o
        26          0          0          0          0          0   __scatter_copy.o
        28          0          0          0          0          0   __scatter_zi.o
        18          0          0          0          0         80   exit.o
         6          0          0          0          0        152   heapauxi.o
         0          0          0          0          0          0   indicate_semi.o
         2          0          0          0          0          0   libinit.o
         6          0          0          0          0          0   libinit2.o
         2          0          0          0          0          0   libshutdown.o
         2          0          0          0          0          0   libshutdown2.o
         8          4          0          0         96         68   libspace.o
        78          0          0          0          0         80   rt_memclr_w.o
         2          0          0          0          0          0   rtexit.o
        10          0          0          0          0          0   rtexit2.o
        12          4          0          0          0         68   sys_exit.o
        74          0          0          0          0         80   sys_stackheap_outer.o
         2          0          0          0          0         68   use_no_semi.o
        26          0          0          0          0        116   fpinit.o

    ----------------------------------------------------------------------
       430         16          0          0         96        780   Library Totals
         8          0          0          0          0          0   (incl. Padding)

    ----------------------------------------------------------------------

      Code (inc. data)   RO Data    RW Data    ZI Data      Debug   Library Name

       396         16          0          0         96        664   c_w.l
        26          0          0          0          0        116   fz_wm.l

    ----------------------------------------------------------------------
       430         16          0          0         96        780   Library Totals

    ----------------------------------------------------------------------

==============================================================================


      Code (inc. data)   RO Data    RW Data    ZI Data      Debug   

     26246        100        598         32       3112     193626   Grand Totals
     26246        100        598         32       3112     193626   ELF Image Totals
     26246        100        598         32          0          0   ROM Totals

==============================================================================

    Total RO  Size (Code + RO Data)                26844 (  26.21kB)
    Total RW  Size (RW Data + ZI Data)              3144 (   3.07kB)
    Total ROM Size (Code + RO Data + RW Data)      26876 (  26.25kB)

==============================================================================

